Archive member included to satisfy reference by file (symbol)

c:/program files (x86)/atollic/truestudio for arm 7.1.2/armtools/bin/../lib/gcc/arm-atollic-eabi/5.3.1/../../../../arm-atollic-eabi/lib/armv7e-m/fpu\libc_nano.a(lib_a-init.o)
                              Drivers\CMSIS\Device\ST\STM32F3xx\Source\Templates\gcc\startup_stm32f303xc.o (__libc_init_array)
c:/program files (x86)/atollic/truestudio for arm 7.1.2/armtools/bin/../lib/gcc/arm-atollic-eabi/5.3.1/../../../../arm-atollic-eabi/lib/armv7e-m/fpu\libc_nano.a(lib_a-memset.o)
                              Drivers\STM32F3xx_HAL_Driver\Src\stm32f3xx_hal_rcc.o (memset)
c:/program files (x86)/atollic/truestudio for arm 7.1.2/armtools/bin/../lib/gcc/arm-atollic-eabi/5.3.1/../../../../arm-atollic-eabi/lib/armv7e-m/fpu\libc_nano.a(lib_a-sprintf.o)
                              Src\main.o (sprintf)
c:/program files (x86)/atollic/truestudio for arm 7.1.2/armtools/bin/../lib/gcc/arm-atollic-eabi/5.3.1/../../../../arm-atollic-eabi/lib/armv7e-m/fpu\libc_nano.a(lib_a-impure.o)
                              c:/program files (x86)/atollic/truestudio for arm 7.1.2/armtools/bin/../lib/gcc/arm-atollic-eabi/5.3.1/../../../../arm-atollic-eabi/lib/armv7e-m/fpu\libc_nano.a(lib_a-sprintf.o) (_impure_ptr)
c:/program files (x86)/atollic/truestudio for arm 7.1.2/armtools/bin/../lib/gcc/arm-atollic-eabi/5.3.1/../../../../arm-atollic-eabi/lib/armv7e-m/fpu\libc_nano.a(lib_a-nano-svfprintf.o)
                              c:/program files (x86)/atollic/truestudio for arm 7.1.2/armtools/bin/../lib/gcc/arm-atollic-eabi/5.3.1/../../../../arm-atollic-eabi/lib/armv7e-m/fpu\libc_nano.a(lib_a-sprintf.o) (_svfprintf_r)
c:/program files (x86)/atollic/truestudio for arm 7.1.2/armtools/bin/../lib/gcc/arm-atollic-eabi/5.3.1/../../../../arm-atollic-eabi/lib/armv7e-m/fpu\libc_nano.a(lib_a-nano-vfprintf_i.o)
                              c:/program files (x86)/atollic/truestudio for arm 7.1.2/armtools/bin/../lib/gcc/arm-atollic-eabi/5.3.1/../../../../arm-atollic-eabi/lib/armv7e-m/fpu\libc_nano.a(lib_a-nano-svfprintf.o) (_printf_i)
c:/program files (x86)/atollic/truestudio for arm 7.1.2/armtools/bin/../lib/gcc/arm-atollic-eabi/5.3.1/../../../../arm-atollic-eabi/lib/armv7e-m/fpu\libc_nano.a(lib_a-memchr.o)
                              c:/program files (x86)/atollic/truestudio for arm 7.1.2/armtools/bin/../lib/gcc/arm-atollic-eabi/5.3.1/../../../../arm-atollic-eabi/lib/armv7e-m/fpu\libc_nano.a(lib_a-nano-svfprintf.o) (memchr)
c:/program files (x86)/atollic/truestudio for arm 7.1.2/armtools/bin/../lib/gcc/arm-atollic-eabi/5.3.1/../../../../arm-atollic-eabi/lib/armv7e-m/fpu\libc_nano.a(lib_a-memcpy-stub.o)
                              c:/program files (x86)/atollic/truestudio for arm 7.1.2/armtools/bin/../lib/gcc/arm-atollic-eabi/5.3.1/../../../../arm-atollic-eabi/lib/armv7e-m/fpu\libc_nano.a(lib_a-nano-svfprintf.o) (memcpy)
c:/program files (x86)/atollic/truestudio for arm 7.1.2/armtools/bin/../lib/gcc/arm-atollic-eabi/5.3.1/../../../../arm-atollic-eabi/lib/armv7e-m/fpu\libc_nano.a(lib_a-memmove.o)
                              c:/program files (x86)/atollic/truestudio for arm 7.1.2/armtools/bin/../lib/gcc/arm-atollic-eabi/5.3.1/../../../../arm-atollic-eabi/lib/armv7e-m/fpu\libc_nano.a(lib_a-nano-svfprintf.o) (memmove)
c:/program files (x86)/atollic/truestudio for arm 7.1.2/armtools/bin/../lib/gcc/arm-atollic-eabi/5.3.1/../../../../arm-atollic-eabi/lib/armv7e-m/fpu\libc_nano.a(lib_a-nano-freer.o)
                              c:/program files (x86)/atollic/truestudio for arm 7.1.2/armtools/bin/../lib/gcc/arm-atollic-eabi/5.3.1/../../../../arm-atollic-eabi/lib/armv7e-m/fpu\libc_nano.a(lib_a-nano-svfprintf.o) (_free_r)
c:/program files (x86)/atollic/truestudio for arm 7.1.2/armtools/bin/../lib/gcc/arm-atollic-eabi/5.3.1/../../../../arm-atollic-eabi/lib/armv7e-m/fpu\libc_nano.a(lib_a-nano-mallocr.o)
                              c:/program files (x86)/atollic/truestudio for arm 7.1.2/armtools/bin/../lib/gcc/arm-atollic-eabi/5.3.1/../../../../arm-atollic-eabi/lib/armv7e-m/fpu\libc_nano.a(lib_a-nano-svfprintf.o) (_malloc_r)
c:/program files (x86)/atollic/truestudio for arm 7.1.2/armtools/bin/../lib/gcc/arm-atollic-eabi/5.3.1/../../../../arm-atollic-eabi/lib/armv7e-m/fpu\libc_nano.a(lib_a-nano-reallocr.o)
                              c:/program files (x86)/atollic/truestudio for arm 7.1.2/armtools/bin/../lib/gcc/arm-atollic-eabi/5.3.1/../../../../arm-atollic-eabi/lib/armv7e-m/fpu\libc_nano.a(lib_a-nano-svfprintf.o) (_realloc_r)
c:/program files (x86)/atollic/truestudio for arm 7.1.2/armtools/bin/../lib/gcc/arm-atollic-eabi/5.3.1/../../../../arm-atollic-eabi/lib/armv7e-m/fpu\libc_nano.a(lib_a-sbrkr.o)
                              c:/program files (x86)/atollic/truestudio for arm 7.1.2/armtools/bin/../lib/gcc/arm-atollic-eabi/5.3.1/../../../../arm-atollic-eabi/lib/armv7e-m/fpu\libc_nano.a(lib_a-nano-mallocr.o) (_sbrk_r)
[...]
Memory Configuration

Name             Origin             Length             Attributes
FLASH            0x08000000         0x00040000         xr
RAM              0x20000000         0x0000a000         xrw
MEMORY_B1        0x60000000         0x00000000         xr
CCMRAM           0x10000000         0x00002000         rw
*default*        0x00000000         0xffffffff

Linker script and memory map

LOAD c:/program files (x86)/atollic/truestudio for arm 7.1.2/armtools/bin/../lib/gcc/arm-atollic-eabi/5.3.1/armv7e-m/fpu/crti.o
LOAD c:/program files (x86)/atollic/truestudio for arm 7.1.2/armtools/bin/../lib/gcc/arm-atollic-eabi/5.3.1/armv7e-m/fpu/crtbegin.o
LOAD Drivers\CMSIS\Device\ST\STM32F3xx\Source\Templates\gcc\startup_stm32f303xc.o
LOAD Drivers\STM32F3xx_HAL_Driver\Src\stm32f3xx_hal.o
LOAD Drivers\STM32F3xx_HAL_Driver\Src\stm32f3xx_hal_cortex.o
LOAD Drivers\STM32F3xx_HAL_Driver\Src\stm32f3xx_hal_dma.o
LOAD Drivers\STM32F3xx_HAL_Driver\Src\stm32f3xx_hal_flash.o
LOAD Drivers\STM32F3xx_HAL_Driver\Src\stm32f3xx_hal_flash_ex.o
LOAD Drivers\STM32F3xx_HAL_Driver\Src\stm32f3xx_hal_gpio.o
LOAD Drivers\STM32F3xx_HAL_Driver\Src\stm32f3xx_hal_i2c.o
LOAD Drivers\STM32F3xx_HAL_Driver\Src\stm32f3xx_hal_i2c_ex.o
LOAD Drivers\STM32F3xx_HAL_Driver\Src\stm32f3xx_hal_pwr.o
LOAD Drivers\STM32F3xx_HAL_Driver\Src\stm32f3xx_hal_pwr_ex.o
LOAD Drivers\STM32F3xx_HAL_Driver\Src\stm32f3xx_hal_rcc.o
LOAD Drivers\STM32F3xx_HAL_Driver\Src\stm32f3xx_hal_rcc_ex.o
LOAD Drivers\STM32F3xx_HAL_Driver\Src\stm32f3xx_hal_tim.o
LOAD Drivers\STM32F3xx_HAL_Driver\Src\stm32f3xx_hal_tim_ex.o
LOAD Src\HD44780_F3.o
LOAD Src\dwt_stm32_delay.o
LOAD Src\main.o
LOAD Src\stm32f3xx_hal_msp.o
LOAD Src\stm32f3xx_it.o
LOAD Src\system_stm32f3xx.o
START GROUP
LOAD c:/program files (x86)/atollic/truestudio for arm 7.1.2/armtools/bin/../lib/gcc/arm-atollic-eabi/5.3.1/../../../../arm-atollic-eabi/lib/armv7e-m/fpu\libc_nano.a
LOAD c:/program files (x86)/atollic/truestudio for arm 7.1.2/armtools/bin/../lib/gcc/arm-atollic-eabi/5.3.1/../../../../arm-atollic-eabi/lib/armv7e-m/fpu\libm.a
END GROUP
                0x00000080                malloc_getpagesize_P = 0x80
START GROUP
LOAD c:/program files (x86)/atollic/truestudio for arm 7.1.2/armtools/bin/../lib/gcc/arm-atollic-eabi/5.3.1/armv7e-m/fpu\libgcc.a
LOAD c:/program files (x86)/atollic/truestudio for arm 7.1.2/armtools/bin/../lib/gcc/arm-atollic-eabi/5.3.1/../../../../arm-atollic-eabi/lib/armv7e-m/fpu\libc_nano.a
END GROUP
START GROUP
LOAD c:/program files (x86)/atollic/truestudio for arm 7.1.2/armtools/bin/../lib/gcc/arm-atollic-eabi/5.3.1/armv7e-m/fpu\libgcc.a
LOAD c:/program files (x86)/atollic/truestudio for arm 7.1.2/armtools/bin/../lib/gcc/arm-atollic-eabi/5.3.1/../../../../arm-atollic-eabi/lib/armv7e-m/fpu\libc_nano.a
LOAD c:/program files (x86)/atollic/truestudio for arm 7.1.2/armtools/bin/../lib/gcc/arm-atollic-eabi/5.3.1/../../../../arm-atollic-eabi/lib/armv7e-m/fpu\libnosys.a
END GROUP
START GROUP
LOAD c:/program files (x86)/atollic/truestudio for arm 7.1.2/armtools/bin/../lib/gcc/arm-atollic-eabi/5.3.1/armv7e-m/fpu\libgcc.a
LOAD c:/program files (x86)/atollic/truestudio for arm 7.1.2/armtools/bin/../lib/gcc/arm-atollic-eabi/5.3.1/../../../../arm-atollic-eabi/lib/armv7e-m/fpu\libc_nano.a
LOAD c:/program files (x86)/atollic/truestudio for arm 7.1.2/armtools/bin/../lib/gcc/arm-atollic-eabi/5.3.1/../../../../arm-atollic-eabi/lib/armv7e-m/fpu\libnosys.a
END GROUP
LOAD c:/program files (x86)/atollic/truestudio for arm 7.1.2/armtools/bin/../lib/gcc/arm-atollic-eabi/5.3.1/armv7e-m/fpu/crtend.o
LOAD c:/program files (x86)/atollic/truestudio for arm 7.1.2/armtools/bin/../lib/gcc/arm-atollic-eabi/5.3.1/armv7e-m/fpu/crtn.o
                0x2000a000                _estack = 0x2000a000
                0x00000000                _Min_Heap_Size = 0x0
                0x00000200                _Min_Stack_Size = 0x200

.isr_vector     0x08000000      0x188
                0x08000000                . = ALIGN (0x4)
 *(.isr_vector)
 .isr_vector    0x08000000      0x188 Drivers\CMSIS\Device\ST\STM32F3xx\Source\Templates\gcc\startup_stm32f303xc.o
                0x08000000                g_pfnVectors
                0x08000188                . = ALIGN (0x4)

.text           0x08000190     0x1d24
                0x08000190                . = ALIGN (0x4)
 *(.text)
 .text          0x08000190       0x40 c:/program files (x86)/atollic/truestudio for arm 7.1.2/armtools/bin/../lib/gcc/arm-atollic-eabi/5.3.1/armv7e-m/fpu/crtbegin.o
 .text          0x080001d0       0xa0 c:/program files (x86)/atollic/truestudio for arm 7.1.2/armtools/bin/../lib/gcc/arm-atollic-eabi/5.3.1/../../../../arm-atollic-eabi/lib/armv7e-m/fpu\libc_nano.a(lib_a-memchr.o)
                0x080001d0                memchr
 *(.text*)
 .text.Reset_Handler
                0x08000270       0x50 Drivers\CMSIS\Device\ST\STM32F3xx\Source\Templates\gcc\startup_stm32f303xc.o
                0x08000270                Reset_Handler
 .text.Default_Handler
                0x080002c0        0x2 Drivers\CMSIS\Device\ST\STM32F3xx\Source\Templates\gcc\startup_stm32f303xc.o
                0x080002c0                RTC_Alarm_IRQHandler
                0x080002c0                TIM8_TRG_COM_IRQHandler
                0x080002c0                TIM8_CC_IRQHandler
                0x080002c0                DebugMon_Handler
                0x080002c0                TIM1_CC_IRQHandler
                0x080002c0                HardFault_Handler
                0x080002c0                USB_HP_IRQHandler
                0x080002c0                TAMP_STAMP_IRQHandler
                0x080002c0                NMI_Handler
                0x080002c0                EXTI3_IRQHandler
                0x080002c0                USB_HP_CAN_TX_IRQHandler
                0x080002c0                I2C2_EV_IRQHandler
                0x080002c0                FPU_IRQHandler
                0x080002c0                TIM1_UP_TIM16_IRQHandler
                0x080002c0                UsageFault_Handler
                0x080002c0                ADC1_2_IRQHandler
                0x080002c0                SPI1_IRQHandler
                0x080002c0                CAN_SCE_IRQHandler
                0x080002c0                TIM6_DAC_IRQHandler
                0x080002c0                TIM8_UP_IRQHandler
                0x080002c0                DMA2_Channel2_IRQHandler
                0x080002c0                DMA1_Channel4_IRQHandler
                0x080002c0                USART3_IRQHandler
                0x080002c0                DMA1_Channel7_IRQHandler
                0x080002c0                UART5_IRQHandler
                0x080002c0                ADC3_IRQHandler
                0x080002c0                TIM4_IRQHandler
                0x080002c0                CAN_RX1_IRQHandler
                0x080002c0                DMA2_Channel1_IRQHandler
                0x080002c0                I2C1_EV_IRQHandler
                0x080002c0                DMA1_Channel6_IRQHandler
                0x080002c0                UART4_IRQHandler
                0x080002c0                DMA2_Channel4_IRQHandler
                0x080002c0                TIM3_IRQHandler
                0x080002c0                RCC_IRQHandler
                0x080002c0                DMA1_Channel1_IRQHandler
                0x080002c0                Default_Handler
                0x080002c0                USBWakeUp_RMP_IRQHandler
                0x080002c0                EXTI15_10_IRQHandler
                0x080002c0                TIM7_IRQHandler
                0x080002c0                EXTI9_5_IRQHandler
                0x080002c0                RTC_WKUP_IRQHandler
                0x080002c0                SPI2_IRQHandler
                0x080002c0                USB_LP_CAN_RX0_IRQHandler
                0x080002c0                MemManage_Handler
                0x080002c0                DMA2_Channel5_IRQHandler
                0x080002c0                DMA1_Channel5_IRQHandler
                0x080002c0                USB_LP_IRQHandler
                0x080002c0                EXTI4_IRQHandler
                0x080002c0                TIM1_TRG_COM_TIM17_IRQHandler
                0x080002c0                DMA1_Channel3_IRQHandler
                0x080002c0                ADC4_IRQHandler
                0x080002c0                WWDG_IRQHandler
                0x080002c0                TIM2_IRQHandler
                0x080002c0                COMP7_IRQHandler
                0x080002c0                COMP1_2_3_IRQHandler
                0x080002c0                EXTI1_IRQHandler
                0x080002c0                USART2_IRQHandler
                0x080002c0                COMP4_5_6_IRQHandler
                0x080002c0                I2C2_ER_IRQHandler
                0x080002c0                DMA1_Channel2_IRQHandler
                0x080002c0                TIM8_BRK_IRQHandler
                0x080002c0                FLASH_IRQHandler
                0x080002c0                BusFault_Handler
                0x080002c0                USART1_IRQHandler
                0x080002c0                SPI3_IRQHandler
                0x080002c0                I2C1_ER_IRQHandler
                0x080002c0                USBWakeUp_IRQHandler
                0x080002c0                DMA2_Channel3_IRQHandler
                0x080002c0                EXTI2_TSC_IRQHandler
                0x080002c0                TIM1_BRK_TIM15_IRQHandler
 *fill*         0x080002c2        0x2 
 .text.HAL_InitTick
                0x080002c4       0x28 Drivers\STM32F3xx_HAL_Driver\Src\stm32f3xx_hal.o
                0x080002c4                HAL_InitTick
 .text.HAL_Init
                0x080002ec       0x24 Drivers\STM32F3xx_HAL_Driver\Src\stm32f3xx_hal.o
                0x080002ec                HAL_Init
 .text.HAL_IncTick
                0x08000310       0x10 Drivers\STM32F3xx_HAL_Driver\Src\stm32f3xx_hal.o
                0x08000310                HAL_IncTick
 .text.HAL_GetTick
                0x08000320        0xc Drivers\STM32F3xx_HAL_Driver\Src\stm32f3xx_hal.o
                0x08000320                HAL_GetTick
 .text.HAL_Delay
                0x0800032c       0x1a Drivers\STM32F3xx_HAL_Driver\Src\stm32f3xx_hal.o
                0x0800032c                HAL_Delay
 *fill*         0x08000346        0x2 
 .text.HAL_NVIC_SetPriorityGrouping
                0x08000348       0x24 Drivers\STM32F3xx_HAL_Driver\Src\stm32f3xx_hal_cortex.o
                0x08000348                HAL_NVIC_SetPriorityGrouping
 .text.HAL_NVIC_SetPriority
                0x0800036c       0x68 Drivers\STM32F3xx_HAL_Driver\Src\stm32f3xx_hal_cortex.o
                0x0800036c                HAL_NVIC_SetPriority
 .text.HAL_NVIC_EnableIRQ
                0x080003d4       0x18 Drivers\STM32F3xx_HAL_Driver\Src\stm32f3xx_hal_cortex.o
                0x080003d4                HAL_NVIC_EnableIRQ
 .text.HAL_SYSTICK_Config
                0x080003ec       0x2c Drivers\STM32F3xx_HAL_Driver\Src\stm32f3xx_hal_cortex.o
                0x080003ec                HAL_SYSTICK_Config
 .text.HAL_SYSTICK_CLKSourceConfig
                0x08000418       0x18 Drivers\STM32F3xx_HAL_Driver\Src\stm32f3xx_hal_cortex.o
                0x08000418                HAL_SYSTICK_CLKSourceConfig
 .text.HAL_SYSTICK_Callback
                0x08000430        0x2 Drivers\STM32F3xx_HAL_Driver\Src\stm32f3xx_hal_cortex.o
                0x08000430                HAL_SYSTICK_Callback
 .text.HAL_SYSTICK_IRQHandler
                0x08000432        0x8 Drivers\STM32F3xx_HAL_Driver\Src\stm32f3xx_hal_cortex.o
                0x08000432                HAL_SYSTICK_IRQHandler
 *fill*         0x0800043a        0x2 
 .text.HAL_GPIO_Init
                0x0800043c      0x194 Drivers\STM32F3xx_HAL_Driver\Src\stm32f3xx_hal_gpio.o
                0x0800043c                HAL_GPIO_Init
 .text.HAL_GPIO_ReadPin
                0x080005d0        0xc Drivers\STM32F3xx_HAL_Driver\Src\stm32f3xx_hal_gpio.o
                0x080005d0                HAL_GPIO_ReadPin
 .text.HAL_GPIO_WritePin
                0x080005dc        0xa Drivers\STM32F3xx_HAL_Driver\Src\stm32f3xx_hal_gpio.o
                0x080005dc                HAL_GPIO_WritePin
 .text.HAL_GPIO_EXTI_Callback
                0x080005e6        0x2 Drivers\STM32F3xx_HAL_Driver\Src\stm32f3xx_hal_gpio.o
                0x080005e6                HAL_GPIO_EXTI_Callback
 .text.HAL_GPIO_EXTI_IRQHandler
                0x080005e8       0x18 Drivers\STM32F3xx_HAL_Driver\Src\stm32f3xx_hal_gpio.o
                0x080005e8                HAL_GPIO_EXTI_IRQHandler
 .text.HAL_PWR_PVDCallback
                0x08000600        0x2 Drivers\STM32F3xx_HAL_Driver\Src\stm32f3xx_hal_pwr_ex.o
                0x08000600                HAL_PWR_PVDCallback
 *fill*         0x08000602        0x2 
 .text.HAL_PWR_PVD_IRQHandler
                0x08000604       0x1c Drivers\STM32F3xx_HAL_Driver\Src\stm32f3xx_hal_pwr_ex.o
                0x08000604                HAL_PWR_PVD_IRQHandler
 .text.HAL_RCC_OscConfig
                0x08000620      0x4cc Drivers\STM32F3xx_HAL_Driver\Src\stm32f3xx_hal_rcc.o
                0x08000620                HAL_RCC_OscConfig
 .text.HAL_RCC_GetSysClockFreq
                0x08000aec       0x64 Drivers\STM32F3xx_HAL_Driver\Src\stm32f3xx_hal_rcc.o
                0x08000aec                HAL_RCC_GetSysClockFreq
 .text.HAL_RCC_ClockConfig
                0x08000b50      0x164 Drivers\STM32F3xx_HAL_Driver\Src\stm32f3xx_hal_rcc.o
                0x08000b50                HAL_RCC_ClockConfig
 .text.HAL_RCC_GetHCLKFreq
                0x08000cb4        0xc Drivers\STM32F3xx_HAL_Driver\Src\stm32f3xx_hal_rcc.o
                0x08000cb4                HAL_RCC_GetHCLKFreq
 .text.GPIO_SetBits
                0x08000cc0        0x6 Src\HD44780_F3.o
                0x08000cc0                GPIO_SetBits
 .text.GPIO_ResetBits
                0x08000cc6        0x6 Src\HD44780_F3.o
                0x08000cc6                GPIO_ResetBits
 .text.hd44780_wr_hi_nibble
                0x08000ccc       0x7c Src\HD44780_F3.o
                0x08000ccc                hd44780_wr_hi_nibble
 .text.hd44780_write
                0x08000d48       0xd0 Src\HD44780_F3.o
                0x08000d48                hd44780_write
 .text.hd44780_wr_cmd
                0x08000e18       0x20 Src\HD44780_F3.o
                0x08000e18                hd44780_wr_cmd
 .text.hd44780_wr_data
                0x08000e38       0x20 Src\HD44780_F3.o
                0x08000e38                hd44780_wr_data
 .text.HD44780_Init
                0x08000e58       0xb0 Src\HD44780_F3.o
                0x08000e58                HD44780_Init
 .text.HD44780_GotoXY
                0x08000f08       0x1c Src\HD44780_F3.o
                0x08000f08                HD44780_GotoXY
 .text.HD44780_PutStr
                0x08000f24       0x22 Src\HD44780_F3.o
                0x08000f24                HD44780_PutStr
 .text.HD44780_ClrScr
                0x08000f46        0x6 Src\HD44780_F3.o
                0x08000f46                HD44780_ClrScr
 .text.DWT_Delay_Init
                0x08000f4c       0x40 Src\dwt_stm32_delay.o
                0x08000f4c                DWT_Delay_Init
 .text.unlikely.DWT_Delay_us
                0x08000f8c       0x30 Src\main.o
 .text.SystemClock_Config
                0x08000fbc       0x6a Src\main.o
                0x08000fbc                SystemClock_Config
 *fill*         0x08001026        0x2 
 .text.startup.main
                0x08001028      0x484 Src\main.o
                0x08001028                main
 .text.HAL_MspInit
                0x080014ac       0x8c Src\stm32f3xx_hal_msp.o
                0x080014ac                HAL_MspInit
 .text.SVC_Handler
                0x08001538        0x2 Src\stm32f3xx_it.o
                0x08001538                SVC_Handler
 .text.PendSV_Handler
                0x0800153a        0x2 Src\stm32f3xx_it.o
                0x0800153a                PendSV_Handler
 .text.SysTick_Handler
                0x0800153c        0xe Src\stm32f3xx_it.o
                0x0800153c                SysTick_Handler
 .text.PVD_IRQHandler
                0x0800154a        0x4 Src\stm32f3xx_it.o
                0x0800154a                PVD_IRQHandler
 *fill*         0x0800154e        0x2 
 .text.EXTI0_IRQHandler
                0x08001550       0x38 Src\stm32f3xx_it.o
                0x08001550                EXTI0_IRQHandler
 .text.SystemInit
                0x08001588       0x68 Src\system_stm32f3xx.o
                0x08001588                SystemInit
 .text.__libc_init_array
                0x080015f0       0x4c c:/program files (x86)/atollic/truestudio for arm 7.1.2/armtools/bin/../lib/gcc/arm-atollic-eabi/5.3.1/../../../../arm-atollic-eabi/lib/armv7e-m/fpu\libc_nano.a(lib_a-init.o)
                0x080015f0                __libc_init_array
 .text.sprintf  0x0800163c       0x48 c:/program files (x86)/atollic/truestudio for arm 7.1.2/armtools/bin/../lib/gcc/arm-atollic-eabi/5.3.1/../../../../arm-atollic-eabi/lib/armv7e-m/fpu\libc_nano.a(lib_a-sprintf.o)
                0x0800163c                siprintf
                0x0800163c                sprintf
 .text.__ssputs_r
                0x08001684       0xb2 c:/program files (x86)/atollic/truestudio for arm 7.1.2/armtools/bin/../lib/gcc/arm-atollic-eabi/5.3.1/../../../../arm-atollic-eabi/lib/armv7e-m/fpu\libc_nano.a(lib_a-nano-svfprintf.o)
                0x08001684                __ssputs_r
 *fill*         0x08001736        0x2 
 .text._svfprintf_r
                0x08001738      0x1e8 c:/program files (x86)/atollic/truestudio for arm 7.1.2/armtools/bin/../lib/gcc/arm-atollic-eabi/5.3.1/../../../../arm-atollic-eabi/lib/armv7e-m/fpu\libc_nano.a(lib_a-nano-svfprintf.o)
                0x08001738                _svfiprintf_r
                0x08001738                _svfprintf_r
 .text._printf_common
                0x08001920       0xec c:/program files (x86)/atollic/truestudio for arm 7.1.2/armtools/bin/../lib/gcc/arm-atollic-eabi/5.3.1/../../../../arm-atollic-eabi/lib/armv7e-m/fpu\libc_nano.a(lib_a-nano-vfprintf_i.o)
                0x08001920                _printf_common
 .text._printf_i
                0x08001a0c      0x24c c:/program files (x86)/atollic/truestudio for arm 7.1.2/armtools/bin/../lib/gcc/arm-atollic-eabi/5.3.1/../../../../arm-atollic-eabi/lib/armv7e-m/fpu\libc_nano.a(lib_a-nano-vfprintf_i.o)
                0x08001a0c                _printf_i
 .text.memcpy   0x08001c58       0x16 c:/program files (x86)/atollic/truestudio for arm 7.1.2/armtools/bin/../lib/gcc/arm-atollic-eabi/5.3.1/../../../../arm-atollic-eabi/lib/armv7e-m/fpu\libc_nano.a(lib_a-memcpy-stub.o)
                0x08001c58                memcpy
 .text.memmove  0x08001c6e       0x36 c:/program files (x86)/atollic/truestudio for arm 7.1.2/armtools/bin/../lib/gcc/arm-atollic-eabi/5.3.1/../../../../arm-atollic-eabi/lib/armv7e-m/fpu\libc_nano.a(lib_a-memmove.o)
                0x08001c6e                memmove
 .text._free_r  0x08001ca4       0x9c c:/program files (x86)/atollic/truestudio for arm 7.1.2/armtools/bin/../lib/gcc/arm-atollic-eabi/5.3.1/../../../../arm-atollic-eabi/lib/armv7e-m/fpu\libc_nano.a(lib_a-nano-freer.o)
                0x08001ca4                _free_r
 .text._malloc_r
                0x08001d40       0xbc c:/program files (x86)/atollic/truestudio for arm 7.1.2/armtools/bin/../lib/gcc/arm-atollic-eabi/5.3.1/../../../../arm-atollic-eabi/lib/armv7e-m/fpu\libc_nano.a(lib_a-nano-mallocr.o)
                0x08001d40                _malloc_r
 .text._realloc_r
                0x08001dfc       0x4c c:/program files (x86)/atollic/truestudio for arm 7.1.2/armtools/bin/../lib/gcc/arm-atollic-eabi/5.3.1/../../../../arm-atollic-eabi/lib/armv7e-m/fpu\libc_nano.a(lib_a-nano-reallocr.o)
                0x08001dfc                _realloc_r
 .text._sbrk_r  0x08001e48       0x20 c:/program files (x86)/atollic/truestudio for arm 7.1.2/armtools/bin/../lib/gcc/arm-atollic-eabi/5.3.1/../../../../arm-atollic-eabi/lib/armv7e-m/fpu\libc_nano.a(lib_a-sbrkr.o)
                0x08001e48                _sbrk_r
 .text.__malloc_lock
                0x08001e68        0x2 c:/program files (x86)/atollic/truestudio for arm 7.1.2/armtools/bin/../lib/gcc/arm-atollic-eabi/5.3.1/../../../../arm-atollic-eabi/lib/armv7e-m/fpu\libc_nano.a(lib_a-mlock.o)
                0x08001e68                __malloc_lock
 .text.__malloc_unlock
                0x08001e6a        0x2 c:/program files (x86)/atollic/truestudio for arm 7.1.2/armtools/bin/../lib/gcc/arm-atollic-eabi/5.3.1/../../../../arm-atollic-eabi/lib/armv7e-m/fpu\libc_nano.a(lib_a-mlock.o)
                0x08001e6a                __malloc_unlock
 .text._malloc_usable_size_r
                0x08001e6c       0x14 c:/program files (x86)/atollic/truestudio for arm 7.1.2/armtools/bin/../lib/gcc/arm-atollic-eabi/5.3.1/../../../../arm-atollic-eabi/lib/armv7e-m/fpu\libc_nano.a(lib_a-nano-msizer.o)
                0x08001e6c                _malloc_usable_size_r
 .text._sbrk    0x08001e80       0x1c c:/program files (x86)/atollic/truestudio for arm 7.1.2/armtools/bin/../lib/gcc/arm-atollic-eabi/5.3.1/../../../../arm-atollic-eabi/lib/armv7e-m/fpu\libnosys.a(sbrk.o)
                0x08001e80                _sbrk
 *(.glue_7)
 .glue_7        0x08001e9c        0x0 linker stubs
 *(.glue_7t)
 .glue_7t       0x08001e9c        0x0 linker stubs
 *(.eh_frame)
 .eh_frame      0x08001e9c        0x0 c:/program files (x86)/atollic/truestudio for arm 7.1.2/armtools/bin/../lib/gcc/arm-atollic-eabi/5.3.1/armv7e-m/fpu/crtbegin.o
 *(.init)
 .init          0x08001e9c        0x4 c:/program files (x86)/atollic/truestudio for arm 7.1.2/armtools/bin/../lib/gcc/arm-atollic-eabi/5.3.1/armv7e-m/fpu/crti.o
                0x08001e9c                _init
 .init          0x08001ea0        0x8 c:/program files (x86)/atollic/truestudio for arm 7.1.2/armtools/bin/../lib/gcc/arm-atollic-eabi/5.3.1/armv7e-m/fpu/crtn.o
 *(.fini)
 .fini          0x08001ea8        0x4 c:/program files (x86)/atollic/truestudio for arm 7.1.2/armtools/bin/../lib/gcc/arm-atollic-eabi/5.3.1/armv7e-m/fpu/crti.o
                0x08001ea8                _fini
 .fini          0x08001eac        0x8 c:/program files (x86)/atollic/truestudio for arm 7.1.2/armtools/bin/../lib/gcc/arm-atollic-eabi/5.3.1/armv7e-m/fpu/crtn.o
                0x08001eb4                . = ALIGN (0x4)
                0x08001eb4                _etext = .

.vfp11_veneer   0x08001eb4        0x0
 .vfp11_veneer  0x08001eb4        0x0 linker stubs

.v4_bx          0x08001eb4        0x0
 .v4_bx         0x08001eb4        0x0 linker stubs

.iplt           0x08001eb4        0x0
 .iplt          0x08001eb4        0x0 c:/program files (x86)/atollic/truestudio for arm 7.1.2/armtools/bin/../lib/gcc/arm-atollic-eabi/5.3.1/armv7e-m/fpu/crtbegin.o

.rodata         0x08001eb4       0x7c
                0x08001eb4                . = ALIGN (0x4)
 *(.rodata)
 *(.rodata*)
 .rodata.aPredivFactorTable
                0x08001eb4       0x10 Drivers\STM32F3xx_HAL_Driver\Src\stm32f3xx_hal_rcc.o
                0x08001eb4                aPredivFactorTable
 .rodata.aPLLMULFactorTable
                0x08001ec4       0x10 Drivers\STM32F3xx_HAL_Driver\Src\stm32f3xx_hal_rcc.o
                0x08001ec4                aPLLMULFactorTable
 .rodata.CSWTCH.18
                0x08001ed4        0x4 Src\HD44780_F3.o
 .rodata.str1.1
                0x08001ed8       0x13 Src\main.o
 .rodata.AHBPrescTable
                0x08001eeb       0x10 Src\system_stm32f3xx.o
                0x08001eeb                AHBPrescTable
 .rodata.str1.1
                0x08001efb        0x2 c:/program files (x86)/atollic/truestudio for arm 7.1.2/armtools/bin/../lib/gcc/arm-atollic-eabi/5.3.1/../../../../arm-atollic-eabi/lib/armv7e-m/fpu\libc_nano.a(lib_a-impure.o)
 .rodata.str1.1
                0x08001efd       0x11 c:/program files (x86)/atollic/truestudio for arm 7.1.2/armtools/bin/../lib/gcc/arm-atollic-eabi/5.3.1/../../../../arm-atollic-eabi/lib/armv7e-m/fpu\libc_nano.a(lib_a-nano-svfprintf.o)
 .rodata.str1.1
                0x08001f0e       0x22 c:/program files (x86)/atollic/truestudio for arm 7.1.2/armtools/bin/../lib/gcc/arm-atollic-eabi/5.3.1/../../../../arm-atollic-eabi/lib/armv7e-m/fpu\libc_nano.a(lib_a-nano-vfprintf_i.o)
                0x08001f30                . = ALIGN (0x4)

.rel.dyn        0x08001f30        0x0
 .rel.iplt      0x08001f30        0x0 c:/program files (x86)/atollic/truestudio for arm 7.1.2/armtools/bin/../lib/gcc/arm-atollic-eabi/5.3.1/armv7e-m/fpu/crtbegin.o

.ARM.extab
 *(.ARM.extab* .gnu.linkonce.armextab.*)

.ARM            0x08001f30        0x0
                0x08001f30                __exidx_start = .
 *(.ARM.exidx*)
                0x08001f30                __exidx_end = .

.preinit_array  0x08001f30        0x0
                0x08001f30                PROVIDE (__preinit_array_start, .)
 *(.preinit_array*)
                0x08001f30                PROVIDE (__preinit_array_end, .)

.init_array     0x08001f30        0x4
                0x08001f30                PROVIDE (__init_array_start, .)
 *(SORT(.init_array.*))
 *(.init_array*)
 .init_array    0x08001f30        0x4 c:/program files (x86)/atollic/truestudio for arm 7.1.2/armtools/bin/../lib/gcc/arm-atollic-eabi/5.3.1/armv7e-m/fpu/crtbegin.o
                0x08001f34                PROVIDE (__init_array_end, .)

.fini_array     0x08001f34        0x4
                [!provide]                PROVIDE (__fini_array_start, .)
 *(SORT(.fini_array.*))
 *(.fini_array*)
 .fini_array    0x08001f34        0x4 c:/program files (x86)/atollic/truestudio for arm 7.1.2/armtools/bin/../lib/gcc/arm-atollic-eabi/5.3.1/armv7e-m/fpu/crtbegin.o
                [!provide]                PROVIDE (__fini_array_end, .)
                0x08001f38                _sidata = LOADADDR (.data)

.data           0x20000000       0x68 load address 0x08001f38
                0x20000000                . = ALIGN (0x4)
                0x20000000                _sdata = .
 *(.data)
 *(.data*)
 .data.SystemCoreClock
                0x20000000        0x4 Src\system_stm32f3xx.o
                0x20000000                SystemCoreClock
 .data.impure_data
                0x20000004       0x60 c:/program files (x86)/atollic/truestudio for arm 7.1.2/armtools/bin/../lib/gcc/arm-atollic-eabi/5.3.1/../../../../arm-atollic-eabi/lib/armv7e-m/fpu\libc_nano.a(lib_a-impure.o)
 .data._impure_ptr
                0x20000064        0x4 c:/program files (x86)/atollic/truestudio for arm 7.1.2/armtools/bin/../lib/gcc/arm-atollic-eabi/5.3.1/../../../../arm-atollic-eabi/lib/armv7e-m/fpu\libc_nano.a(lib_a-impure.o)
                0x20000064                _impure_ptr
                0x20000068                . = ALIGN (0x4)
                0x20000068                _edata = .
                0x08001fa0                _siccmram = LOADADDR (.ccmram)

.igot.plt       0x20000068        0x0 load address 0x08001fa0
 .igot.plt      0x20000068        0x0 c:/program files (x86)/atollic/truestudio for arm 7.1.2/armtools/bin/../lib/gcc/arm-atollic-eabi/5.3.1/armv7e-m/fpu/crtbegin.o

.ccmram         0x10000000        0x0 load address 0x08001fa0
                0x10000000                . = ALIGN (0x4)
                0x10000000                _sccmram = .
 *(.ccmram)
 *(.ccmram*)
                0x10000000                . = ALIGN (0x4)
                0x10000000                _eccmram = .
                0x10000000                . = ALIGN (0x4)

.bss            0x20000068       0x40
                0x20000068                _sbss = .
                0x20000068                __bss_start__ = _sbss
 *(.bss)
 .bss           0x20000068       0x1c c:/program files (x86)/atollic/truestudio for arm 7.1.2/armtools/bin/../lib/gcc/arm-atollic-eabi/5.3.1/armv7e-m/fpu/crtbegin.o
 *(.bss*)
 .bss.__malloc_sbrk_start
                0x20000084        0x4 c:/program files (x86)/atollic/truestudio for arm 7.1.2/armtools/bin/../lib/gcc/arm-atollic-eabi/5.3.1/../../../../arm-atollic-eabi/lib/armv7e-m/fpu\libc_nano.a(lib_a-nano-mallocr.o)
                0x20000084                __malloc_sbrk_start
 .bss.__malloc_free_list
                0x20000088        0x4 c:/program files (x86)/atollic/truestudio for arm 7.1.2/armtools/bin/../lib/gcc/arm-atollic-eabi/5.3.1/../../../../arm-atollic-eabi/lib/armv7e-m/fpu\libc_nano.a(lib_a-nano-mallocr.o)
                0x20000088                __malloc_free_list
 .bss.heap_end.4169
                0x2000008c        0x4 c:/program files (x86)/atollic/truestudio for arm 7.1.2/armtools/bin/../lib/gcc/arm-atollic-eabi/5.3.1/../../../../arm-atollic-eabi/lib/armv7e-m/fpu\libnosys.a(sbrk.o)
 *(COMMON)
 COMMON         0x20000090        0x4 Drivers\STM32F3xx_HAL_Driver\Src\stm32f3xx_hal.o
                0x20000090                uwTick
 COMMON         0x20000094       0x10 Src\main.o
                0x20000094                timer
                0x20000098                timer2
                0x2000009c                timer1
                0x200000a0                timer3
 COMMON         0x200000a4        0x4 c:/program files (x86)/atollic/truestudio for arm 7.1.2/armtools/bin/../lib/gcc/arm-atollic-eabi/5.3.1/../../../../arm-atollic-eabi/lib/armv7e-m/fpu\libc_nano.a(lib_a-reent.o)
                0x200000a4                errno
                0x200000a8                . = ALIGN (0x4)
                0x200000a8                _ebss = .
                0x200000a8                __bss_end__ = _ebss

._user_heap_stack
                0x200000a8      0x200
                0x200000a8                . = ALIGN (0x4)
                0x200000a8                PROVIDE (end, .)
                [!provide]                PROVIDE (_end, .)
                0x200000a8                . = (. + _Min_Heap_Size)
                0x200002a8                . = (. + _Min_Stack_Size)
 *fill*         0x200000a8      0x200 
                0x200002a8                . = ALIGN (0x4)

.memory_b1_text
 *(.mb1text)
 *(.mb1text*)
 *(.mb1rodata)
 *(.mb1rodata*)

/DISCARD/
 libc.a(*)
 libm.a(*)
 libgcc.a(*)

.ARM.attributes
                0x00000000       0x30
 *(.ARM.attributes)
 .ARM.attributes
                0x00000000       0x22 c:/program files (x86)/atollic/truestudio for arm 7.1.2/armtools/bin/../lib/gcc/arm-atollic-eabi/5.3.1/armv7e-m/fpu/crti.o
 .ARM.attributes
                0x00000022       0x34 c:/program files (x86)/atollic/truestudio for arm 7.1.2/armtools/bin/../lib/gcc/arm-atollic-eabi/5.3.1/armv7e-m/fpu/crtbegin.o
 .ARM.attributes
                0x00000056       0x21 Drivers\CMSIS\Device\ST\STM32F3xx\Source\Templates\gcc\startup_stm32f303xc.o
 .ARM.attributes
                0x00000077       0x39 Drivers\STM32F3xx_HAL_Driver\Src\stm32f3xx_hal.o
 .ARM.attributes
                0x000000b0       0x39 Drivers\STM32F3xx_HAL_Driver\Src\stm32f3xx_hal_cortex.o
 .ARM.attributes
                0x000000e9       0x39 Drivers\STM32F3xx_HAL_Driver\Src\stm32f3xx_hal_gpio.o
 .ARM.attributes
                0x00000122       0x39 Drivers\STM32F3xx_HAL_Driver\Src\stm32f3xx_hal_pwr_ex.o
 .ARM.attributes
                0x0000015b       0x39 Drivers\STM32F3xx_HAL_Driver\Src\stm32f3xx_hal_rcc.o
 .ARM.attributes
                0x00000194       0x39 Src\HD44780_F3.o
 .ARM.attributes
                0x000001cd       0x39 Src\dwt_stm32_delay.o
 .ARM.attributes
                0x00000206       0x39 Src\main.o
 .ARM.attributes
                0x0000023f       0x39 Src\stm32f3xx_hal_msp.o
 .ARM.attributes
                0x00000278       0x39 Src\stm32f3xx_it.o
 .ARM.attributes
                0x000002b1       0x39 Src\system_stm32f3xx.o
 .ARM.attributes
                0x000002ea       0x34 c:/program files (x86)/atollic/truestudio for arm 7.1.2/armtools/bin/../lib/gcc/arm-atollic-eabi/5.3.1/../../../../arm-atollic-eabi/lib/armv7e-m/fpu\libc_nano.a(lib_a-init.o)
 .ARM.attributes
                0x0000031e       0x34 c:/program files (x86)/atollic/truestudio for arm 7.1.2/armtools/bin/../lib/gcc/arm-atollic-eabi/5.3.1/../../../../arm-atollic-eabi/lib/armv7e-m/fpu\libc_nano.a(lib_a-sprintf.o)
 .ARM.attributes
                0x00000352       0x34 c:/program files (x86)/atollic/truestudio for arm 7.1.2/armtools/bin/../lib/gcc/arm-atollic-eabi/5.3.1/../../../../arm-atollic-eabi/lib/armv7e-m/fpu\libc_nano.a(lib_a-impure.o)
 .ARM.attributes
                0x00000386       0x34 c:/program files (x86)/atollic/truestudio for arm 7.1.2/armtools/bin/../lib/gcc/arm-atollic-eabi/5.3.1/../../../../arm-atollic-eabi/lib/armv7e-m/fpu\libc_nano.a(lib_a-nano-svfprintf.o)
 .ARM.attributes
                0x000003ba       0x34 c:/program files (x86)/atollic/truestudio for arm 7.1.2/armtools/bin/../lib/gcc/arm-atollic-eabi/5.3.1/../../../../arm-atollic-eabi/lib/armv7e-m/fpu\libc_nano.a(lib_a-nano-vfprintf_i.o)
 .ARM.attributes
                0x000003ee       0x20 c:/program files (x86)/atollic/truestudio for arm 7.1.2/armtools/bin/../lib/gcc/arm-atollic-eabi/5.3.1/../../../../arm-atollic-eabi/lib/armv7e-m/fpu\libc_nano.a(lib_a-memchr.o)
 .ARM.attributes
                0x0000040e       0x34 c:/program files (x86)/atollic/truestudio for arm 7.1.2/armtools/bin/../lib/gcc/arm-atollic-eabi/5.3.1/../../../../arm-atollic-eabi/lib/armv7e-m/fpu\libc_nano.a(lib_a-memcpy-stub.o)
 .ARM.attributes
                0x00000442       0x34 c:/program files (x86)/atollic/truestudio for arm 7.1.2/armtools/bin/../lib/gcc/arm-atollic-eabi/5.3.1/../../../../arm-atollic-eabi/lib/armv7e-m/fpu\libc_nano.a(lib_a-memmove.o)
 .ARM.attributes
                0x00000476       0x34 c:/program files (x86)/atollic/truestudio for arm 7.1.2/armtools/bin/../lib/gcc/arm-atollic-eabi/5.3.1/../../../../arm-atollic-eabi/lib/armv7e-m/fpu\libc_nano.a(lib_a-nano-freer.o)
 .ARM.attributes
                0x000004aa       0x34 c:/program files (x86)/atollic/truestudio for arm 7.1.2/armtools/bin/../lib/gcc/arm-atollic-eabi/5.3.1/../../../../arm-atollic-eabi/lib/armv7e-m/fpu\libc_nano.a(lib_a-nano-mallocr.o)
 .ARM.attributes
                0x000004de       0x34 c:/program files (x86)/atollic/truestudio for arm 7.1.2/armtools/bin/../lib/gcc/arm-atollic-eabi/5.3.1/../../../../arm-atollic-eabi/lib/armv7e-m/fpu\libc_nano.a(lib_a-nano-reallocr.o)
 .ARM.attributes
                0x00000512       0x34 c:/program files (x86)/atollic/truestudio for arm 7.1.2/armtools/bin/../lib/gcc/arm-atollic-eabi/5.3.1/../../../../arm-atollic-eabi/lib/armv7e-m/fpu\libc_nano.a(lib_a-sbrkr.o)
 .ARM.attributes
                0x00000546       0x34 c:/program files (x86)/atollic/truestudio for arm 7.1.2/armtools/bin/../lib/gcc/arm-atollic-eabi/5.3.1/../../../../arm-atollic-eabi/lib/armv7e-m/fpu\libc_nano.a(lib_a-mlock.o)
 .ARM.attributes
                0x0000057a       0x34 c:/program files (x86)/atollic/truestudio for arm 7.1.2/armtools/bin/../lib/gcc/arm-atollic-eabi/5.3.1/../../../../arm-atollic-eabi/lib/armv7e-m/fpu\libc_nano.a(lib_a-nano-msizer.o)
 .ARM.attributes
                0x000005ae       0x34 c:/program files (x86)/atollic/truestudio for arm 7.1.2/armtools/bin/../lib/gcc/arm-atollic-eabi/5.3.1/../../../../arm-atollic-eabi/lib/armv7e-m/fpu\libc_nano.a(lib_a-reent.o)
 .ARM.attributes
                0x000005e2       0x34 c:/program files (x86)/atollic/truestudio for arm 7.1.2/armtools/bin/../lib/gcc/arm-atollic-eabi/5.3.1/../../../../arm-atollic-eabi/lib/armv7e-m/fpu\libnosys.a(sbrk.o)
 .ARM.attributes
                0x00000616       0x22 c:/program files (x86)/atollic/truestudio for arm 7.1.2/armtools/bin/../lib/gcc/arm-atollic-eabi/5.3.1/armv7e-m/fpu/crtn.o
OUTPUT(gpio_set_interrupt.elf elf32-littlearm)

.debug_line     0x00000000     0x2394
 .debug_line    0x00000000       0xae Drivers\CMSIS\Device\ST\STM32F3xx\Source\Templates\gcc\startup_stm32f303xc.o
 .debug_line    0x000000ae      0x354 Drivers\STM32F3xx_HAL_Driver\Src\stm32f3xx_hal.o
 .debug_line    0x00000402      0x3f2 Drivers\STM32F3xx_HAL_Driver\Src\stm32f3xx_hal_cortex.o
 .debug_line    0x000007f4      0x3a3 Drivers\STM32F3xx_HAL_Driver\Src\stm32f3xx_hal_gpio.o
 .debug_line    0x00000b97      0x250 Drivers\STM32F3xx_HAL_Driver\Src\stm32f3xx_hal_pwr_ex.o
 .debug_line    0x00000de7      0x770 Drivers\STM32F3xx_HAL_Driver\Src\stm32f3xx_hal_rcc.o
 .debug_line    0x00001557      0x354 Src\HD44780_F3.o
 .debug_line    0x000018ab      0x15a Src\dwt_stm32_delay.o
 .debug_line    0x00001a05      0x399 Src\main.o
 .debug_line    0x00001d9e      0x1de Src\stm32f3xx_hal_msp.o
 .debug_line    0x00001f7c      0x24d Src\stm32f3xx_it.o
 .debug_line    0x000021c9      0x1cb Src\system_stm32f3xx.o

.debug_info     0x00000000     0x5f75
 .debug_info    0x00000000       0x96 Drivers\CMSIS\Device\ST\STM32F3xx\Source\Templates\gcc\startup_stm32f303xc.o
 .debug_info    0x00000096      0x6ed Drivers\STM32F3xx_HAL_Driver\Src\stm32f3xx_hal.o
 .debug_info    0x00000783      0xe2c Drivers\STM32F3xx_HAL_Driver\Src\stm32f3xx_hal_cortex.o
 .debug_info    0x000015af      0x671 Drivers\STM32F3xx_HAL_Driver\Src\stm32f3xx_hal_gpio.o
 .debug_info    0x00001c20      0x27f Drivers\STM32F3xx_HAL_Driver\Src\stm32f3xx_hal_pwr_ex.o
 .debug_info    0x00001e9f     0x1323 Drivers\STM32F3xx_HAL_Driver\Src\stm32f3xx_hal_rcc.o
 .debug_info    0x000031c2      0xa6b Src\HD44780_F3.o
 .debug_info    0x00003c2d      0x278 Src\dwt_stm32_delay.o
 .debug_info    0x00003ea5     0x145d Src\main.o
 .debug_info    0x00005302      0x4b3 Src\stm32f3xx_hal_msp.o
 .debug_info    0x000057b5      0x3c0 Src\stm32f3xx_it.o
 .debug_info    0x00005b75      0x400 Src\system_stm32f3xx.o

.debug_abbrev   0x00000000     0x1371
 .debug_abbrev  0x00000000       0x12 Drivers\CMSIS\Device\ST\STM32F3xx\Source\Templates\gcc\startup_stm32f303xc.o
 .debug_abbrev  0x00000012      0x1d0 Drivers\STM32F3xx_HAL_Driver\Src\stm32f3xx_hal.o
 .debug_abbrev  0x000001e2      0x313 Drivers\STM32F3xx_HAL_Driver\Src\stm32f3xx_hal_cortex.o
 .debug_abbrev  0x000004f5      0x1c8 Drivers\STM32F3xx_HAL_Driver\Src\stm32f3xx_hal_gpio.o
 .debug_abbrev  0x000006bd      0x119 Drivers\STM32F3xx_HAL_Driver\Src\stm32f3xx_hal_pwr_ex.o
 .debug_abbrev  0x000007d6      0x2ca Drivers\STM32F3xx_HAL_Driver\Src\stm32f3xx_hal_rcc.o
 .debug_abbrev  0x00000aa0      0x25e Src\HD44780_F3.o
 .debug_abbrev  0x00000cfe       0xab Src\dwt_stm32_delay.o
 .debug_abbrev  0x00000da9      0x27e Src\main.o
 .debug_abbrev  0x00001027      0x10f Src\stm32f3xx_hal_msp.o
 .debug_abbrev  0x00001136      0x13a Src\stm32f3xx_it.o
 .debug_abbrev  0x00001270      0x101 Src\system_stm32f3xx.o

.debug_aranges  0x00000000      0x3d8
 .debug_aranges
                0x00000000       0x28 Drivers\CMSIS\Device\ST\STM32F3xx\Source\Templates\gcc\startup_stm32f303xc.o
 .debug_aranges
                0x00000028       0xa8 Drivers\STM32F3xx_HAL_Driver\Src\stm32f3xx_hal.o
 .debug_aranges
                0x000000d0       0x98 Drivers\STM32F3xx_HAL_Driver\Src\stm32f3xx_hal_cortex.o
 .debug_aranges
                0x00000168       0x58 Drivers\STM32F3xx_HAL_Driver\Src\stm32f3xx_hal_gpio.o
 .debug_aranges
                0x000001c0       0x40 Drivers\STM32F3xx_HAL_Driver\Src\stm32f3xx_hal_pwr_ex.o
 .debug_aranges
                0x00000200       0x88 Drivers\STM32F3xx_HAL_Driver\Src\stm32f3xx_hal_rcc.o
 .debug_aranges
                0x00000288       0x78 Src\HD44780_F3.o
 .debug_aranges
                0x00000300       0x20 Src\dwt_stm32_delay.o
 .debug_aranges
                0x00000320       0x38 Src\main.o
 .debug_aranges
                0x00000358       0x20 Src\stm32f3xx_hal_msp.o
 .debug_aranges
                0x00000378       0x38 Src\stm32f3xx_it.o
 .debug_aranges
                0x000003b0       0x28 Src\system_stm32f3xx.o

.debug_ranges   0x00000000      0x5d8
 .debug_ranges  0x00000000       0x20 Drivers\CMSIS\Device\ST\STM32F3xx\Source\Templates\gcc\startup_stm32f303xc.o
 .debug_ranges  0x00000020       0x98 Drivers\STM32F3xx_HAL_Driver\Src\stm32f3xx_hal.o
 .debug_ranges  0x000000b8      0x148 Drivers\STM32F3xx_HAL_Driver\Src\stm32f3xx_hal_cortex.o
 .debug_ranges  0x00000200       0x68 Drivers\STM32F3xx_HAL_Driver\Src\stm32f3xx_hal_gpio.o
 .debug_ranges  0x00000268       0x30 Drivers\STM32F3xx_HAL_Driver\Src\stm32f3xx_hal_pwr_ex.o
 .debug_ranges  0x00000298      0x1d0 Drivers\STM32F3xx_HAL_Driver\Src\stm32f3xx_hal_rcc.o
 .debug_ranges  0x00000468       0xb0 Src\HD44780_F3.o
 .debug_ranges  0x00000518       0x10 Src\dwt_stm32_delay.o
 .debug_ranges  0x00000528       0x40 Src\main.o
 .debug_ranges  0x00000568       0x30 Src\stm32f3xx_hal_msp.o
 .debug_ranges  0x00000598       0x28 Src\stm32f3xx_it.o
 .debug_ranges  0x000005c0       0x18 Src\system_stm32f3xx.o

.debug_loc      0x00000000     0x136f
 .debug_loc     0x00000000       0x4b Drivers\STM32F3xx_HAL_Driver\Src\stm32f3xx_hal.o
 .debug_loc     0x0000004b      0x4ab Drivers\STM32F3xx_HAL_Driver\Src\stm32f3xx_hal_cortex.o
 .debug_loc     0x000004f6      0x29a Drivers\STM32F3xx_HAL_Driver\Src\stm32f3xx_hal_gpio.o
 .debug_loc     0x00000790       0x21 Drivers\STM32F3xx_HAL_Driver\Src\stm32f3xx_hal_pwr_ex.o
 .debug_loc     0x000007b1      0x82b Drivers\STM32F3xx_HAL_Driver\Src\stm32f3xx_hal_rcc.o
 .debug_loc     0x00000fdc      0x262 Src\HD44780_F3.o
 .debug_loc     0x0000123e       0x73 Src\main.o
 .debug_loc     0x000012b1       0xbe Src\system_stm32f3xx.o

.debug_str      0x00000000     0x15c5
 .debug_str     0x00000000      0x88f Drivers\STM32F3xx_HAL_Driver\Src\stm32f3xx_hal.o
                                0x8e4 (size before relaxing)
 .debug_str     0x0000088f      0x3e7 Drivers\STM32F3xx_HAL_Driver\Src\stm32f3xx_hal_cortex.o
                                0xb46 (size before relaxing)
 .debug_str     0x00000c76      0x1f3 Drivers\STM32F3xx_HAL_Driver\Src\stm32f3xx_hal_gpio.o
                                0x46a (size before relaxing)
 .debug_str     0x00000e69       0xcc Drivers\STM32F3xx_HAL_Driver\Src\stm32f3xx_hal_pwr_ex.o
                                0x2e0 (size before relaxing)
 .debug_str     0x00000f35      0x333 Drivers\STM32F3xx_HAL_Driver\Src\stm32f3xx_hal_rcc.o
                                0x68e (size before relaxing)
 .debug_str     0x00001268       0xea Src\HD44780_F3.o
                                0x3d1 (size before relaxing)
 .debug_str     0x00001352       0xe2 Src\dwt_stm32_delay.o
                                0x2c0 (size before relaxing)
 .debug_str     0x00001434       0xca Src\main.o
                                0xa7b (size before relaxing)
 .debug_str     0x000014fe       0x27 Src\stm32f3xx_hal_msp.o
                                0x6b3 (size before relaxing)
 .debug_str     0x00001525       0x46 Src\stm32f3xx_it.o
                                0x376 (size before relaxing)
 .debug_str     0x0000156b       0x5a Src\system_stm32f3xx.o
                                0x304 (size before relaxing)

.comment        0x00000000       0x7e
 .comment       0x00000000       0x7e Drivers\STM32F3xx_HAL_Driver\Src\stm32f3xx_hal.o
                                 0x7f (size before relaxing)
 .comment       0x0000007e       0x7f Drivers\STM32F3xx_HAL_Driver\Src\stm32f3xx_hal_cortex.o
 .comment       0x0000007e       0x7f Drivers\STM32F3xx_HAL_Driver\Src\stm32f3xx_hal_gpio.o
 .comment       0x0000007e       0x7f Drivers\STM32F3xx_HAL_Driver\Src\stm32f3xx_hal_pwr_ex.o
 .comment       0x0000007e       0x7f Drivers\STM32F3xx_HAL_Driver\Src\stm32f3xx_hal_rcc.o
 .comment       0x0000007e       0x7f Src\HD44780_F3.o
 .comment       0x0000007e       0x7f Src\dwt_stm32_delay.o
 .comment       0x0000007e       0x7f Src\main.o
 .comment       0x0000007e       0x7f Src\stm32f3xx_hal_msp.o
 .comment       0x0000007e       0x7f Src\stm32f3xx_it.o
 .comment       0x0000007e       0x7f Src\system_stm32f3xx.o

.debug_frame    0x00000000      0xb14
 .debug_frame   0x00000000      0x164 Drivers\STM32F3xx_HAL_Driver\Src\stm32f3xx_hal.o
 .debug_frame   0x00000164      0x130 Drivers\STM32F3xx_HAL_Driver\Src\stm32f3xx_hal_cortex.o
 .debug_frame   0x00000294       0xd4 Drivers\STM32F3xx_HAL_Driver\Src\stm32f3xx_hal_gpio.o
 .debug_frame   0x00000368       0x68 Drivers\STM32F3xx_HAL_Driver\Src\stm32f3xx_hal_pwr_ex.o
 .debug_frame   0x000003d0      0x138 Drivers\STM32F3xx_HAL_Driver\Src\stm32f3xx_hal_rcc.o
 .debug_frame   0x00000508      0x124 Src\HD44780_F3.o
 .debug_frame   0x0000062c       0x20 Src\dwt_stm32_delay.o
 .debug_frame   0x0000064c       0x7c Src\main.o
 .debug_frame   0x000006c8       0x28 Src\stm32f3xx_hal_msp.o
 .debug_frame   0x000006f0       0x78 Src\stm32f3xx_it.o
 .debug_frame   0x00000768       0x38 Src\system_stm32f3xx.o
 .debug_frame   0x000007a0       0x2c c:/program files (x86)/atollic/truestudio for arm 7.1.2/armtools/bin/../lib/gcc/arm-atollic-eabi/5.3.1/../../../../arm-atollic-eabi/lib/armv7e-m/fpu\libc_nano.a(lib_a-init.o)
 .debug_frame   0x000007cc       0x70 c:/program files (x86)/atollic/truestudio for arm 7.1.2/armtools/bin/../lib/gcc/arm-atollic-eabi/5.3.1/../../../../arm-atollic-eabi/lib/armv7e-m/fpu\libc_nano.a(lib_a-sprintf.o)
 .debug_frame   0x0000083c       0x90 c:/program files (x86)/atollic/truestudio for arm 7.1.2/armtools/bin/../lib/gcc/arm-atollic-eabi/5.3.1/../../../../arm-atollic-eabi/lib/armv7e-m/fpu\libc_nano.a(lib_a-nano-svfprintf.o)
 .debug_frame   0x000008cc       0x60 c:/program files (x86)/atollic/truestudio for arm 7.1.2/armtools/bin/../lib/gcc/arm-atollic-eabi/5.3.1/../../../../arm-atollic-eabi/lib/armv7e-m/fpu\libc_nano.a(lib_a-nano-vfprintf_i.o)
 .debug_frame   0x0000092c       0x28 c:/program files (x86)/atollic/truestudio for arm 7.1.2/armtools/bin/../lib/gcc/arm-atollic-eabi/5.3.1/../../../../arm-atollic-eabi/lib/armv7e-m/fpu\libc_nano.a(lib_a-memcpy-stub.o)
 .debug_frame   0x00000954       0x28 c:/program files (x86)/atollic/truestudio for arm 7.1.2/armtools/bin/../lib/gcc/arm-atollic-eabi/5.3.1/../../../../arm-atollic-eabi/lib/armv7e-m/fpu\libc_nano.a(lib_a-memmove.o)
 .debug_frame   0x0000097c       0x38 c:/program files (x86)/atollic/truestudio for arm 7.1.2/armtools/bin/../lib/gcc/arm-atollic-eabi/5.3.1/../../../../arm-atollic-eabi/lib/armv7e-m/fpu\libc_nano.a(lib_a-nano-freer.o)
 .debug_frame   0x000009b4       0x2c c:/program files (x86)/atollic/truestudio for arm 7.1.2/armtools/bin/../lib/gcc/arm-atollic-eabi/5.3.1/../../../../arm-atollic-eabi/lib/armv7e-m/fpu\libc_nano.a(lib_a-nano-mallocr.o)
 .debug_frame   0x000009e0       0x3c c:/program files (x86)/atollic/truestudio for arm 7.1.2/armtools/bin/../lib/gcc/arm-atollic-eabi/5.3.1/../../../../arm-atollic-eabi/lib/armv7e-m/fpu\libc_nano.a(lib_a-nano-reallocr.o)
 .debug_frame   0x00000a1c       0x2c c:/program files (x86)/atollic/truestudio for arm 7.1.2/armtools/bin/../lib/gcc/arm-atollic-eabi/5.3.1/../../../../arm-atollic-eabi/lib/armv7e-m/fpu\libc_nano.a(lib_a-sbrkr.o)
 .debug_frame   0x00000a48       0x30 c:/program files (x86)/atollic/truestudio for arm 7.1.2/armtools/bin/../lib/gcc/arm-atollic-eabi/5.3.1/../../../../arm-atollic-eabi/lib/armv7e-m/fpu\libc_nano.a(lib_a-mlock.o)
 .debug_frame   0x00000a78       0x20 c:/program files (x86)/atollic/truestudio for arm 7.1.2/armtools/bin/../lib/gcc/arm-atollic-eabi/5.3.1/../../../../arm-atollic-eabi/lib/armv7e-m/fpu\libc_nano.a(lib_a-nano-msizer.o)
 .debug_frame   0x00000a98       0x5c c:/program files (x86)/atollic/truestudio for arm 7.1.2/armtools/bin/../lib/gcc/arm-atollic-eabi/5.3.1/../../../../arm-atollic-eabi/lib/armv7e-m/fpu\libc_nano.a(lib_a-reent.o)
 .debug_frame   0x00000af4       0x20 c:/program files (x86)/atollic/truestudio for arm 7.1.2/armtools/bin/../lib/gcc/arm-atollic-eabi/5.3.1/../../../../arm-atollic-eabi/lib/armv7e-m/fpu\libnosys.a(sbrk.o)

Cross Reference Table

Symbol                                            File
ADC1_2_IRQHandler                                 Drivers\CMSIS\Device\ST\STM32F3xx\Source\Templates\gcc\startup_stm32f303xc.o
ADC3_IRQHandler                                   Drivers\CMSIS\Device\ST\STM32F3xx\Source\Templates\gcc\startup_stm32f303xc.o
ADC4_IRQHandler                                   Drivers\CMSIS\Device\ST\STM32F3xx\Source\Templates\gcc\startup_stm32f303xc.o
AHBPrescTable                                     Src\system_stm32f3xx.o
                                                  Drivers\STM32F3xx_HAL_Driver\Src\stm32f3xx_hal_rcc.o
APBPrescTable                                     Src\system_stm32f3xx.o
                                                  Drivers\STM32F3xx_HAL_Driver\Src\stm32f3xx_hal_rcc.o
BusFault_Handler                                  Drivers\CMSIS\Device\ST\STM32F3xx\Source\Templates\gcc\startup_stm32f303xc.o
CAN_RX1_IRQHandler                                Drivers\CMSIS\Device\ST\STM32F3xx\Source\Templates\gcc\startup_stm32f303xc.o
CAN_SCE_IRQHandler                                Drivers\CMSIS\Device\ST\STM32F3xx\Source\Templates\gcc\startup_stm32f303xc.o
COMP1_2_3_IRQHandler                              Drivers\CMSIS\Device\ST\STM32F3xx\Source\Templates\gcc\startup_stm32f303xc.o
COMP4_5_6_IRQHandler                              Drivers\CMSIS\Device\ST\STM32F3xx\Source\Templates\gcc\startup_stm32f303xc.o
COMP7_IRQHandler                                  Drivers\CMSIS\Device\ST\STM32F3xx\Source\Templates\gcc\startup_stm32f303xc.o
DMA1_Channel1_IRQHandler                          Drivers\CMSIS\Device\ST\STM32F3xx\Source\Templates\gcc\startup_stm32f303xc.o
DMA1_Channel2_IRQHandler                          Drivers\CMSIS\Device\ST\STM32F3xx\Source\Templates\gcc\startup_stm32f303xc.o
DMA1_Channel3_IRQHandler                          Drivers\CMSIS\Device\ST\STM32F3xx\Source\Templates\gcc\startup_stm32f303xc.o
DMA1_Channel4_IRQHandler                          Drivers\CMSIS\Device\ST\STM32F3xx\Source\Templates\gcc\startup_stm32f303xc.o
DMA1_Channel5_IRQHandler                          Drivers\CMSIS\Device\ST\STM32F3xx\Source\Templates\gcc\startup_stm32f303xc.o
DMA1_Channel6_IRQHandler                          Drivers\CMSIS\Device\ST\STM32F3xx\Source\Templates\gcc\startup_stm32f303xc.o
DMA1_Channel7_IRQHandler                          Drivers\CMSIS\Device\ST\STM32F3xx\Source\Templates\gcc\startup_stm32f303xc.o
DMA2_Channel1_IRQHandler                          Drivers\CMSIS\Device\ST\STM32F3xx\Source\Templates\gcc\startup_stm32f303xc.o
DMA2_Channel2_IRQHandler                          Drivers\CMSIS\Device\ST\STM32F3xx\Source\Templates\gcc\startup_stm32f303xc.o
DMA2_Channel3_IRQHandler                          Drivers\CMSIS\Device\ST\STM32F3xx\Source\Templates\gcc\startup_stm32f303xc.o
DMA2_Channel4_IRQHandler                          Drivers\CMSIS\Device\ST\STM32F3xx\Source\Templates\gcc\startup_stm32f303xc.o
DMA2_Channel5_IRQHandler                          Drivers\CMSIS\Device\ST\STM32F3xx\Source\Templates\gcc\startup_stm32f303xc.o
DWT_Delay_Init                                    Src\dwt_stm32_delay.o
                                                  Src\main.o
DebugMon_Handler                                  Drivers\CMSIS\Device\ST\STM32F3xx\Source\Templates\gcc\startup_stm32f303xc.o
Default_Handler                                   Drivers\CMSIS\Device\ST\STM32F3xx\Source\Templates\gcc\startup_stm32f303xc.o
EXTI0_IRQHandler                                  Src\stm32f3xx_it.o
                                                  Drivers\CMSIS\Device\ST\STM32F3xx\Source\Templates\gcc\startup_stm32f303xc.o
EXTI15_10_IRQHandler                              Drivers\CMSIS\Device\ST\STM32F3xx\Source\Templates\gcc\startup_stm32f303xc.o
EXTI1_IRQHandler                                  Drivers\CMSIS\Device\ST\STM32F3xx\Source\Templates\gcc\startup_stm32f303xc.o
EXTI2_TSC_IRQHandler                              Drivers\CMSIS\Device\ST\STM32F3xx\Source\Templates\gcc\startup_stm32f303xc.o
EXTI3_IRQHandler                                  Drivers\CMSIS\Device\ST\STM32F3xx\Source\Templates\gcc\startup_stm32f303xc.o
EXTI4_IRQHandler                                  Drivers\CMSIS\Device\ST\STM32F3xx\Source\Templates\gcc\startup_stm32f303xc.o
EXTI9_5_IRQHandler                                Drivers\CMSIS\Device\ST\STM32F3xx\Source\Templates\gcc\startup_stm32f303xc.o
Error_Handler                                     Src\main.o
FLASH_IRQHandler                                  Drivers\CMSIS\Device\ST\STM32F3xx\Source\Templates\gcc\startup_stm32f303xc.o
FLASH_PageErase                                   Drivers\STM32F3xx_HAL_Driver\Src\stm32f3xx_hal_flash_ex.o
                                                  Drivers\STM32F3xx_HAL_Driver\Src\stm32f3xx_hal_flash.o
FLASH_WaitForLastOperation                        Drivers\STM32F3xx_HAL_Driver\Src\stm32f3xx_hal_flash.o
                                                  Drivers\STM32F3xx_HAL_Driver\Src\stm32f3xx_hal_flash_ex.o
FPU_IRQHandler                                    Drivers\CMSIS\Device\ST\STM32F3xx\Source\Templates\gcc\startup_stm32f303xc.o
GPIO_ResetBits                                    Src\HD44780_F3.o
GPIO_SetBits                                      Src\HD44780_F3.o
HAL_DBGMCU_DisableDBGSleepMode                    Drivers\STM32F3xx_HAL_Driver\Src\stm32f3xx_hal.o
HAL_DBGMCU_DisableDBGStandbyMode                  Drivers\STM32F3xx_HAL_Driver\Src\stm32f3xx_hal.o
HAL_DBGMCU_DisableDBGStopMode                     Drivers\STM32F3xx_HAL_Driver\Src\stm32f3xx_hal.o
HAL_DBGMCU_EnableDBGSleepMode                     Drivers\STM32F3xx_HAL_Driver\Src\stm32f3xx_hal.o
HAL_DBGMCU_EnableDBGStandbyMode                   Drivers\STM32F3xx_HAL_Driver\Src\stm32f3xx_hal.o
HAL_DBGMCU_EnableDBGStopMode                      Drivers\STM32F3xx_HAL_Driver\Src\stm32f3xx_hal.o
HAL_DMA_Abort                                     Drivers\STM32F3xx_HAL_Driver\Src\stm32f3xx_hal_dma.o
HAL_DMA_Abort_IT                                  Drivers\STM32F3xx_HAL_Driver\Src\stm32f3xx_hal_dma.o
                                                  Drivers\STM32F3xx_HAL_Driver\Src\stm32f3xx_hal_i2c.o
HAL_DMA_DeInit                                    Drivers\STM32F3xx_HAL_Driver\Src\stm32f3xx_hal_dma.o
HAL_DMA_GetError                                  Drivers\STM32F3xx_HAL_Driver\Src\stm32f3xx_hal_dma.o
HAL_DMA_GetState                                  Drivers\STM32F3xx_HAL_Driver\Src\stm32f3xx_hal_dma.o
HAL_DMA_IRQHandler                                Drivers\STM32F3xx_HAL_Driver\Src\stm32f3xx_hal_dma.o
HAL_DMA_Init                                      Drivers\STM32F3xx_HAL_Driver\Src\stm32f3xx_hal_dma.o
HAL_DMA_PollForTransfer                           Drivers\STM32F3xx_HAL_Driver\Src\stm32f3xx_hal_dma.o
HAL_DMA_Start                                     Drivers\STM32F3xx_HAL_Driver\Src\stm32f3xx_hal_dma.o
HAL_DMA_Start_IT                                  Drivers\STM32F3xx_HAL_Driver\Src\stm32f3xx_hal_dma.o
                                                  Drivers\STM32F3xx_HAL_Driver\Src\stm32f3xx_hal_i2c.o
HAL_DeInit                                        Drivers\STM32F3xx_HAL_Driver\Src\stm32f3xx_hal.o
HAL_Delay                                         Drivers\STM32F3xx_HAL_Driver\Src\stm32f3xx_hal.o
                                                  Src\main.o
                                                  Src\HD44780_F3.o
HAL_FLASHEx_Erase                                 Drivers\STM32F3xx_HAL_Driver\Src\stm32f3xx_hal_flash_ex.o
HAL_FLASHEx_Erase_IT                              Drivers\STM32F3xx_HAL_Driver\Src\stm32f3xx_hal_flash_ex.o
HAL_FLASHEx_OBErase                               Drivers\STM32F3xx_HAL_Driver\Src\stm32f3xx_hal_flash_ex.o
HAL_FLASHEx_OBGetConfig                           Drivers\STM32F3xx_HAL_Driver\Src\stm32f3xx_hal_flash_ex.o
HAL_FLASHEx_OBGetUserData                         Drivers\STM32F3xx_HAL_Driver\Src\stm32f3xx_hal_flash_ex.o
HAL_FLASHEx_OBProgram                             Drivers\STM32F3xx_HAL_Driver\Src\stm32f3xx_hal_flash_ex.o
HAL_FLASH_EndOfOperationCallback                  Drivers\STM32F3xx_HAL_Driver\Src\stm32f3xx_hal_flash.o
HAL_FLASH_GetError                                Drivers\STM32F3xx_HAL_Driver\Src\stm32f3xx_hal_flash.o
HAL_FLASH_IRQHandler                              Drivers\STM32F3xx_HAL_Driver\Src\stm32f3xx_hal_flash.o
HAL_FLASH_Lock                                    Drivers\STM32F3xx_HAL_Driver\Src\stm32f3xx_hal_flash.o
HAL_FLASH_OB_Launch                               Drivers\STM32F3xx_HAL_Driver\Src\stm32f3xx_hal_flash.o
HAL_FLASH_OB_Lock                                 Drivers\STM32F3xx_HAL_Driver\Src\stm32f3xx_hal_flash.o
HAL_FLASH_OB_Unlock                               Drivers\STM32F3xx_HAL_Driver\Src\stm32f3xx_hal_flash.o
HAL_FLASH_OperationErrorCallback                  Drivers\STM32F3xx_HAL_Driver\Src\stm32f3xx_hal_flash.o
HAL_FLASH_Program                                 Drivers\STM32F3xx_HAL_Driver\Src\stm32f3xx_hal_flash.o
HAL_FLASH_Program_IT                              Drivers\STM32F3xx_HAL_Driver\Src\stm32f3xx_hal_flash.o
HAL_FLASH_Unlock                                  Drivers\STM32F3xx_HAL_Driver\Src\stm32f3xx_hal_flash.o
HAL_GPIO_DeInit                                   Drivers\STM32F3xx_HAL_Driver\Src\stm32f3xx_hal_gpio.o
HAL_GPIO_EXTI_Callback                            Drivers\STM32F3xx_HAL_Driver\Src\stm32f3xx_hal_gpio.o
HAL_GPIO_EXTI_IRQHandler                          Drivers\STM32F3xx_HAL_Driver\Src\stm32f3xx_hal_gpio.o
                                                  Src\stm32f3xx_it.o
HAL_GPIO_Init                                     Drivers\STM32F3xx_HAL_Driver\Src\stm32f3xx_hal_gpio.o
                                                  Src\main.o
                                                  Src\HD44780_F3.o
                                                  Drivers\STM32F3xx_HAL_Driver\Src\stm32f3xx_hal_rcc.o
HAL_GPIO_LockPin                                  Drivers\STM32F3xx_HAL_Driver\Src\stm32f3xx_hal_gpio.o
HAL_GPIO_ReadPin                                  Drivers\STM32F3xx_HAL_Driver\Src\stm32f3xx_hal_gpio.o
                                                  Src\stm32f3xx_it.o
HAL_GPIO_TogglePin                                Drivers\STM32F3xx_HAL_Driver\Src\stm32f3xx_hal_gpio.o
HAL_GPIO_WritePin                                 Drivers\STM32F3xx_HAL_Driver\Src\stm32f3xx_hal_gpio.o
                                                  Src\main.o
                                                  Src\HD44780_F3.o
HAL_GetDEVID                                      Drivers\STM32F3xx_HAL_Driver\Src\stm32f3xx_hal.o
HAL_GetHalVersion                                 Drivers\STM32F3xx_HAL_Driver\Src\stm32f3xx_hal.o
HAL_GetREVID                                      Drivers\STM32F3xx_HAL_Driver\Src\stm32f3xx_hal.o
HAL_GetTick                                       Drivers\STM32F3xx_HAL_Driver\Src\stm32f3xx_hal.o
                                                  Drivers\STM32F3xx_HAL_Driver\Src\stm32f3xx_hal_rcc_ex.o
                                                  Drivers\STM32F3xx_HAL_Driver\Src\stm32f3xx_hal_rcc.o
                                                  Drivers\STM32F3xx_HAL_Driver\Src\stm32f3xx_hal_i2c.o
                                                  Drivers\STM32F3xx_HAL_Driver\Src\stm32f3xx_hal_flash.o
                                                  Drivers\STM32F3xx_HAL_Driver\Src\stm32f3xx_hal_dma.o
HAL_I2CEx_ConfigAnalogFilter                      Drivers\STM32F3xx_HAL_Driver\Src\stm32f3xx_hal_i2c_ex.o
HAL_I2CEx_ConfigDigitalFilter                     Drivers\STM32F3xx_HAL_Driver\Src\stm32f3xx_hal_i2c_ex.o
HAL_I2CEx_DisableFastModePlus                     Drivers\STM32F3xx_HAL_Driver\Src\stm32f3xx_hal_i2c_ex.o
HAL_I2CEx_DisableWakeUp                           Drivers\STM32F3xx_HAL_Driver\Src\stm32f3xx_hal_i2c_ex.o
HAL_I2CEx_EnableFastModePlus                      Drivers\STM32F3xx_HAL_Driver\Src\stm32f3xx_hal_i2c_ex.o
HAL_I2CEx_EnableWakeUp                            Drivers\STM32F3xx_HAL_Driver\Src\stm32f3xx_hal_i2c_ex.o
HAL_I2C_AbortCpltCallback                         Drivers\STM32F3xx_HAL_Driver\Src\stm32f3xx_hal_i2c.o
HAL_I2C_AddrCallback                              Drivers\STM32F3xx_HAL_Driver\Src\stm32f3xx_hal_i2c.o
HAL_I2C_DeInit                                    Drivers\STM32F3xx_HAL_Driver\Src\stm32f3xx_hal_i2c.o
HAL_I2C_DisableListen_IT                          Drivers\STM32F3xx_HAL_Driver\Src\stm32f3xx_hal_i2c.o
HAL_I2C_ER_IRQHandler                             Drivers\STM32F3xx_HAL_Driver\Src\stm32f3xx_hal_i2c.o
HAL_I2C_EV_IRQHandler                             Drivers\STM32F3xx_HAL_Driver\Src\stm32f3xx_hal_i2c.o
HAL_I2C_EnableListen_IT                           Drivers\STM32F3xx_HAL_Driver\Src\stm32f3xx_hal_i2c.o
HAL_I2C_ErrorCallback                             Drivers\STM32F3xx_HAL_Driver\Src\stm32f3xx_hal_i2c.o
HAL_I2C_GetError                                  Drivers\STM32F3xx_HAL_Driver\Src\stm32f3xx_hal_i2c.o
HAL_I2C_GetMode                                   Drivers\STM32F3xx_HAL_Driver\Src\stm32f3xx_hal_i2c.o
HAL_I2C_GetState                                  Drivers\STM32F3xx_HAL_Driver\Src\stm32f3xx_hal_i2c.o
HAL_I2C_Init                                      Drivers\STM32F3xx_HAL_Driver\Src\stm32f3xx_hal_i2c.o
HAL_I2C_IsDeviceReady                             Drivers\STM32F3xx_HAL_Driver\Src\stm32f3xx_hal_i2c.o
HAL_I2C_ListenCpltCallback                        Drivers\STM32F3xx_HAL_Driver\Src\stm32f3xx_hal_i2c.o
HAL_I2C_MasterRxCpltCallback                      Drivers\STM32F3xx_HAL_Driver\Src\stm32f3xx_hal_i2c.o
HAL_I2C_MasterTxCpltCallback                      Drivers\STM32F3xx_HAL_Driver\Src\stm32f3xx_hal_i2c.o
HAL_I2C_Master_Abort_IT                           Drivers\STM32F3xx_HAL_Driver\Src\stm32f3xx_hal_i2c.o
HAL_I2C_Master_Receive                            Drivers\STM32F3xx_HAL_Driver\Src\stm32f3xx_hal_i2c.o
HAL_I2C_Master_Receive_DMA                        Drivers\STM32F3xx_HAL_Driver\Src\stm32f3xx_hal_i2c.o
HAL_I2C_Master_Receive_IT                         Drivers\STM32F3xx_HAL_Driver\Src\stm32f3xx_hal_i2c.o
HAL_I2C_Master_Sequential_Receive_IT              Drivers\STM32F3xx_HAL_Driver\Src\stm32f3xx_hal_i2c.o
HAL_I2C_Master_Sequential_Transmit_IT             Drivers\STM32F3xx_HAL_Driver\Src\stm32f3xx_hal_i2c.o
HAL_I2C_Master_Transmit                           Drivers\STM32F3xx_HAL_Driver\Src\stm32f3xx_hal_i2c.o
HAL_I2C_Master_Transmit_DMA                       Drivers\STM32F3xx_HAL_Driver\Src\stm32f3xx_hal_i2c.o
HAL_I2C_Master_Transmit_IT                        Drivers\STM32F3xx_HAL_Driver\Src\stm32f3xx_hal_i2c.o
HAL_I2C_MemRxCpltCallback                         Drivers\STM32F3xx_HAL_Driver\Src\stm32f3xx_hal_i2c.o
HAL_I2C_MemTxCpltCallback                         Drivers\STM32F3xx_HAL_Driver\Src\stm32f3xx_hal_i2c.o
HAL_I2C_Mem_Read                                  Drivers\STM32F3xx_HAL_Driver\Src\stm32f3xx_hal_i2c.o
HAL_I2C_Mem_Read_DMA                              Drivers\STM32F3xx_HAL_Driver\Src\stm32f3xx_hal_i2c.o
HAL_I2C_Mem_Read_IT                               Drivers\STM32F3xx_HAL_Driver\Src\stm32f3xx_hal_i2c.o
HAL_I2C_Mem_Write                                 Drivers\STM32F3xx_HAL_Driver\Src\stm32f3xx_hal_i2c.o
HAL_I2C_Mem_Write_DMA                             Drivers\STM32F3xx_HAL_Driver\Src\stm32f3xx_hal_i2c.o
HAL_I2C_Mem_Write_IT                              Drivers\STM32F3xx_HAL_Driver\Src\stm32f3xx_hal_i2c.o
HAL_I2C_MspDeInit                                 Drivers\STM32F3xx_HAL_Driver\Src\stm32f3xx_hal_i2c.o
HAL_I2C_MspInit                                   Drivers\STM32F3xx_HAL_Driver\Src\stm32f3xx_hal_i2c.o
HAL_I2C_SlaveRxCpltCallback                       Drivers\STM32F3xx_HAL_Driver\Src\stm32f3xx_hal_i2c.o
HAL_I2C_SlaveTxCpltCallback                       Drivers\STM32F3xx_HAL_Driver\Src\stm32f3xx_hal_i2c.o
HAL_I2C_Slave_Receive                             Drivers\STM32F3xx_HAL_Driver\Src\stm32f3xx_hal_i2c.o
HAL_I2C_Slave_Receive_DMA                         Drivers\STM32F3xx_HAL_Driver\Src\stm32f3xx_hal_i2c.o
HAL_I2C_Slave_Receive_IT                          Drivers\STM32F3xx_HAL_Driver\Src\stm32f3xx_hal_i2c.o
HAL_I2C_Slave_Sequential_Receive_IT               Drivers\STM32F3xx_HAL_Driver\Src\stm32f3xx_hal_i2c.o
HAL_I2C_Slave_Sequential_Transmit_IT              Drivers\STM32F3xx_HAL_Driver\Src\stm32f3xx_hal_i2c.o
HAL_I2C_Slave_Transmit                            Drivers\STM32F3xx_HAL_Driver\Src\stm32f3xx_hal_i2c.o
HAL_I2C_Slave_Transmit_DMA                        Drivers\STM32F3xx_HAL_Driver\Src\stm32f3xx_hal_i2c.o
HAL_I2C_Slave_Transmit_IT                         Drivers\STM32F3xx_HAL_Driver\Src\stm32f3xx_hal_i2c.o
HAL_IncTick                                       Drivers\STM32F3xx_HAL_Driver\Src\stm32f3xx_hal.o
                                                  Src\stm32f3xx_it.o
HAL_Init                                          Drivers\STM32F3xx_HAL_Driver\Src\stm32f3xx_hal.o
                                                  Src\main.o
HAL_InitTick                                      Drivers\STM32F3xx_HAL_Driver\Src\stm32f3xx_hal.o
                                                  Drivers\STM32F3xx_HAL_Driver\Src\stm32f3xx_hal_rcc.o
HAL_MPU_ConfigRegion                              Drivers\STM32F3xx_HAL_Driver\Src\stm32f3xx_hal_cortex.o
HAL_MspDeInit                                     Drivers\STM32F3xx_HAL_Driver\Src\stm32f3xx_hal.o
HAL_MspInit                                       Src\stm32f3xx_hal_msp.o
                                                  Drivers\STM32F3xx_HAL_Driver\Src\stm32f3xx_hal.o
HAL_NVIC_ClearPendingIRQ                          Drivers\STM32F3xx_HAL_Driver\Src\stm32f3xx_hal_cortex.o
HAL_NVIC_DisableIRQ                               Drivers\STM32F3xx_HAL_Driver\Src\stm32f3xx_hal_cortex.o
HAL_NVIC_EnableIRQ                                Drivers\STM32F3xx_HAL_Driver\Src\stm32f3xx_hal_cortex.o
                                                  Src\stm32f3xx_hal_msp.o
                                                  Src\main.o
HAL_NVIC_GetActive                                Drivers\STM32F3xx_HAL_Driver\Src\stm32f3xx_hal_cortex.o
HAL_NVIC_GetPendingIRQ                            Drivers\STM32F3xx_HAL_Driver\Src\stm32f3xx_hal_cortex.o
HAL_NVIC_GetPriority                              Drivers\STM32F3xx_HAL_Driver\Src\stm32f3xx_hal_cortex.o
HAL_NVIC_GetPriorityGrouping                      Drivers\STM32F3xx_HAL_Driver\Src\stm32f3xx_hal_cortex.o
HAL_NVIC_SetPendingIRQ                            Drivers\STM32F3xx_HAL_Driver\Src\stm32f3xx_hal_cortex.o
HAL_NVIC_SetPriority                              Drivers\STM32F3xx_HAL_Driver\Src\stm32f3xx_hal_cortex.o
                                                  Src\stm32f3xx_hal_msp.o
                                                  Src\main.o
                                                  Drivers\STM32F3xx_HAL_Driver\Src\stm32f3xx_hal.o
HAL_NVIC_SetPriorityGrouping                      Drivers\STM32F3xx_HAL_Driver\Src\stm32f3xx_hal_cortex.o
                                                  Src\stm32f3xx_hal_msp.o
                                                  Drivers\STM32F3xx_HAL_Driver\Src\stm32f3xx_hal.o
HAL_NVIC_SystemReset                              Drivers\STM32F3xx_HAL_Driver\Src\stm32f3xx_hal_cortex.o
HAL_PWR_ConfigPVD                                 Drivers\STM32F3xx_HAL_Driver\Src\stm32f3xx_hal_pwr_ex.o
HAL_PWR_DeInit                                    Drivers\STM32F3xx_HAL_Driver\Src\stm32f3xx_hal_pwr.o
HAL_PWR_DisableBkUpAccess                         Drivers\STM32F3xx_HAL_Driver\Src\stm32f3xx_hal_pwr.o
HAL_PWR_DisablePVD                                Drivers\STM32F3xx_HAL_Driver\Src\stm32f3xx_hal_pwr_ex.o
HAL_PWR_DisableSEVOnPend                          Drivers\STM32F3xx_HAL_Driver\Src\stm32f3xx_hal_pwr.o
HAL_PWR_DisableSleepOnExit                        Drivers\STM32F3xx_HAL_Driver\Src\stm32f3xx_hal_pwr.o
HAL_PWR_DisableWakeUpPin                          Drivers\STM32F3xx_HAL_Driver\Src\stm32f3xx_hal_pwr.o
HAL_PWR_EnableBkUpAccess                          Drivers\STM32F3xx_HAL_Driver\Src\stm32f3xx_hal_pwr.o
HAL_PWR_EnablePVD                                 Drivers\STM32F3xx_HAL_Driver\Src\stm32f3xx_hal_pwr_ex.o
HAL_PWR_EnableSEVOnPend                           Drivers\STM32F3xx_HAL_Driver\Src\stm32f3xx_hal_pwr.o
HAL_PWR_EnableSleepOnExit                         Drivers\STM32F3xx_HAL_Driver\Src\stm32f3xx_hal_pwr.o
HAL_PWR_EnableWakeUpPin                           Drivers\STM32F3xx_HAL_Driver\Src\stm32f3xx_hal_pwr.o
HAL_PWR_EnterSLEEPMode                            Drivers\STM32F3xx_HAL_Driver\Src\stm32f3xx_hal_pwr.o
HAL_PWR_EnterSTANDBYMode                          Drivers\STM32F3xx_HAL_Driver\Src\stm32f3xx_hal_pwr.o
HAL_PWR_EnterSTOPMode                             Drivers\STM32F3xx_HAL_Driver\Src\stm32f3xx_hal_pwr.o
HAL_PWR_PVDCallback                               Drivers\STM32F3xx_HAL_Driver\Src\stm32f3xx_hal_pwr_ex.o
HAL_PWR_PVD_IRQHandler                            Drivers\STM32F3xx_HAL_Driver\Src\stm32f3xx_hal_pwr_ex.o
                                                  Src\stm32f3xx_it.o
HAL_RCCEx_GetPeriphCLKConfig                      Drivers\STM32F3xx_HAL_Driver\Src\stm32f3xx_hal_rcc_ex.o
HAL_RCCEx_GetPeriphCLKFreq                        Drivers\STM32F3xx_HAL_Driver\Src\stm32f3xx_hal_rcc_ex.o
HAL_RCCEx_PeriphCLKConfig                         Drivers\STM32F3xx_HAL_Driver\Src\stm32f3xx_hal_rcc_ex.o
HAL_RCC_CSSCallback                               Drivers\STM32F3xx_HAL_Driver\Src\stm32f3xx_hal_rcc.o
HAL_RCC_ClockConfig                               Drivers\STM32F3xx_HAL_Driver\Src\stm32f3xx_hal_rcc.o
                                                  Src\main.o
HAL_RCC_DeInit                                    Drivers\STM32F3xx_HAL_Driver\Src\stm32f3xx_hal_rcc.o
HAL_RCC_DisableCSS                                Drivers\STM32F3xx_HAL_Driver\Src\stm32f3xx_hal_rcc.o
HAL_RCC_EnableCSS                                 Drivers\STM32F3xx_HAL_Driver\Src\stm32f3xx_hal_rcc.o
HAL_RCC_GetClockConfig                            Drivers\STM32F3xx_HAL_Driver\Src\stm32f3xx_hal_rcc.o
HAL_RCC_GetHCLKFreq                               Drivers\STM32F3xx_HAL_Driver\Src\stm32f3xx_hal_rcc.o
                                                  Src\main.o
HAL_RCC_GetOscConfig                              Drivers\STM32F3xx_HAL_Driver\Src\stm32f3xx_hal_rcc.o
HAL_RCC_GetPCLK1Freq                              Drivers\STM32F3xx_HAL_Driver\Src\stm32f3xx_hal_rcc.o
                                                  Drivers\STM32F3xx_HAL_Driver\Src\stm32f3xx_hal_rcc_ex.o
HAL_RCC_GetPCLK2Freq                              Drivers\STM32F3xx_HAL_Driver\Src\stm32f3xx_hal_rcc.o
                                                  Drivers\STM32F3xx_HAL_Driver\Src\stm32f3xx_hal_rcc_ex.o
HAL_RCC_GetSysClockFreq                           Drivers\STM32F3xx_HAL_Driver\Src\stm32f3xx_hal_rcc.o
                                                  Drivers\STM32F3xx_HAL_Driver\Src\stm32f3xx_hal_rcc_ex.o
HAL_RCC_MCOConfig                                 Drivers\STM32F3xx_HAL_Driver\Src\stm32f3xx_hal_rcc.o
HAL_RCC_NMI_IRQHandler                            Drivers\STM32F3xx_HAL_Driver\Src\stm32f3xx_hal_rcc.o
HAL_RCC_OscConfig                                 Drivers\STM32F3xx_HAL_Driver\Src\stm32f3xx_hal_rcc.o
                                                  Src\main.o
HAL_ResumeTick                                    Drivers\STM32F3xx_HAL_Driver\Src\stm32f3xx_hal.o
HAL_SYSTICK_CLKSourceConfig                       Drivers\STM32F3xx_HAL_Driver\Src\stm32f3xx_hal_cortex.o
                                                  Src\main.o
HAL_SYSTICK_Callback                              Drivers\STM32F3xx_HAL_Driver\Src\stm32f3xx_hal_cortex.o
HAL_SYSTICK_Config                                Drivers\STM32F3xx_HAL_Driver\Src\stm32f3xx_hal_cortex.o
                                                  Src\main.o
                                                  Drivers\STM32F3xx_HAL_Driver\Src\stm32f3xx_hal.o
HAL_SYSTICK_IRQHandler                            Drivers\STM32F3xx_HAL_Driver\Src\stm32f3xx_hal_cortex.o
                                                  Src\stm32f3xx_it.o
HAL_SuspendTick                                   Drivers\STM32F3xx_HAL_Driver\Src\stm32f3xx_hal.o
HD44780_ClrScr                                    Src\HD44780_F3.o
                                                  Src\main.o
HD44780_GotoXY                                    Src\HD44780_F3.o
                                                  Src\main.o
HD44780_Init                                      Src\HD44780_F3.o
                                                  Src\main.o
HD44780_PutChar                                   Src\HD44780_F3.o
HD44780_PutStr                                    Src\HD44780_F3.o
                                                  Src\main.o
HardFault_Handler                                 Drivers\CMSIS\Device\ST\STM32F3xx\Source\Templates\gcc\startup_stm32f303xc.o
I2C1_ER_IRQHandler                                Drivers\CMSIS\Device\ST\STM32F3xx\Source\Templates\gcc\startup_stm32f303xc.o
I2C1_EV_IRQHandler                                Drivers\CMSIS\Device\ST\STM32F3xx\Source\Templates\gcc\startup_stm32f303xc.o
I2C2_ER_IRQHandler                                Drivers\CMSIS\Device\ST\STM32F3xx\Source\Templates\gcc\startup_stm32f303xc.o
I2C2_EV_IRQHandler                                Drivers\CMSIS\Device\ST\STM32F3xx\Source\Templates\gcc\startup_stm32f303xc.o
MemManage_Handler                                 Drivers\CMSIS\Device\ST\STM32F3xx\Source\Templates\gcc\startup_stm32f303xc.o
NMI_Handler                                       Drivers\CMSIS\Device\ST\STM32F3xx\Source\Templates\gcc\startup_stm32f303xc.o
PVD_IRQHandler                                    Src\stm32f3xx_it.o
                                                  Drivers\CMSIS\Device\ST\STM32F3xx\Source\Templates\gcc\startup_stm32f303xc.o
PendSV_Handler                                    Src\stm32f3xx_it.o
                                                  Drivers\CMSIS\Device\ST\STM32F3xx\Source\Templates\gcc\startup_stm32f303xc.o
RCC_IRQHandler                                    Drivers\CMSIS\Device\ST\STM32F3xx\Source\Templates\gcc\startup_stm32f303xc.o
RTC_Alarm_IRQHandler                              Drivers\CMSIS\Device\ST\STM32F3xx\Source\Templates\gcc\startup_stm32f303xc.o
RTC_WKUP_IRQHandler                               Drivers\CMSIS\Device\ST\STM32F3xx\Source\Templates\gcc\startup_stm32f303xc.o
Reset_Handler                                     Drivers\CMSIS\Device\ST\STM32F3xx\Source\Templates\gcc\startup_stm32f303xc.o
SPI1_IRQHandler                                   Drivers\CMSIS\Device\ST\STM32F3xx\Source\Templates\gcc\startup_stm32f303xc.o
SPI2_IRQHandler                                   Drivers\CMSIS\Device\ST\STM32F3xx\Source\Templates\gcc\startup_stm32f303xc.o
SPI3_IRQHandler                                   Drivers\CMSIS\Device\ST\STM32F3xx\Source\Templates\gcc\startup_stm32f303xc.o
SVC_Handler                                       Src\stm32f3xx_it.o
                                                  Drivers\CMSIS\Device\ST\STM32F3xx\Source\Templates\gcc\startup_stm32f303xc.o
SysTick_Handler                                   Src\stm32f3xx_it.o
                                                  Drivers\CMSIS\Device\ST\STM32F3xx\Source\Templates\gcc\startup_stm32f303xc.o
SystemClock_Config                                Src\main.o
SystemCoreClock                                   Src\system_stm32f3xx.o
                                                  Drivers\STM32F3xx_HAL_Driver\Src\stm32f3xx_hal_rcc_ex.o
                                                  Drivers\STM32F3xx_HAL_Driver\Src\stm32f3xx_hal_rcc.o
                                                  Drivers\STM32F3xx_HAL_Driver\Src\stm32f3xx_hal.o
SystemCoreClockUpdate                             Src\system_stm32f3xx.o
SystemInit                                        Src\system_stm32f3xx.o
                                                  Drivers\CMSIS\Device\ST\STM32F3xx\Source\Templates\gcc\startup_stm32f303xc.o
TAMP_STAMP_IRQHandler                             Drivers\CMSIS\Device\ST\STM32F3xx\Source\Templates\gcc\startup_stm32f303xc.o
TIM1_BRK_TIM15_IRQHandler                         Drivers\CMSIS\Device\ST\STM32F3xx\Source\Templates\gcc\startup_stm32f303xc.o
TIM1_CC_IRQHandler                                Drivers\CMSIS\Device\ST\STM32F3xx\Source\Templates\gcc\startup_stm32f303xc.o
TIM1_TRG_COM_TIM17_IRQHandler                     Drivers\CMSIS\Device\ST\STM32F3xx\Source\Templates\gcc\startup_stm32f303xc.o
TIM1_UP_TIM16_IRQHandler                          Drivers\CMSIS\Device\ST\STM32F3xx\Source\Templates\gcc\startup_stm32f303xc.o
TIM2_IRQHandler                                   Drivers\CMSIS\Device\ST\STM32F3xx\Source\Templates\gcc\startup_stm32f303xc.o
TIM3_IRQHandler                                   Drivers\CMSIS\Device\ST\STM32F3xx\Source\Templates\gcc\startup_stm32f303xc.o
TIM4_IRQHandler                                   Drivers\CMSIS\Device\ST\STM32F3xx\Source\Templates\gcc\startup_stm32f303xc.o
TIM6_DAC_IRQHandler                               Drivers\CMSIS\Device\ST\STM32F3xx\Source\Templates\gcc\startup_stm32f303xc.o
TIM7_IRQHandler                                   Drivers\CMSIS\Device\ST\STM32F3xx\Source\Templates\gcc\startup_stm32f303xc.o
TIM8_BRK_IRQHandler                               Drivers\CMSIS\Device\ST\STM32F3xx\Source\Templates\gcc\startup_stm32f303xc.o
TIM8_CC_IRQHandler                                Drivers\CMSIS\Device\ST\STM32F3xx\Source\Templates\gcc\startup_stm32f303xc.o
TIM8_TRG_COM_IRQHandler                           Drivers\CMSIS\Device\ST\STM32F3xx\Source\Templates\gcc\startup_stm32f303xc.o
TIM8_UP_IRQHandler                                Drivers\CMSIS\Device\ST\STM32F3xx\Source\Templates\gcc\startup_stm32f303xc.o
UART4_IRQHandler                                  Drivers\CMSIS\Device\ST\STM32F3xx\Source\Templates\gcc\startup_stm32f303xc.o
UART5_IRQHandler                                  Drivers\CMSIS\Device\ST\STM32F3xx\Source\Templates\gcc\startup_stm32f303xc.o
USART1_IRQHandler                                 Drivers\CMSIS\Device\ST\STM32F3xx\Source\Templates\gcc\startup_stm32f303xc.o
USART2_IRQHandler                                 Drivers\CMSIS\Device\ST\STM32F3xx\Source\Templates\gcc\startup_stm32f303xc.o
USART3_IRQHandler                                 Drivers\CMSIS\Device\ST\STM32F3xx\Source\Templates\gcc\startup_stm32f303xc.o
USBWakeUp_IRQHandler                              Drivers\CMSIS\Device\ST\STM32F3xx\Source\Templates\gcc\startup_stm32f303xc.o
USBWakeUp_RMP_IRQHandler                          Drivers\CMSIS\Device\ST\STM32F3xx\Source\Templates\gcc\startup_stm32f303xc.o
USB_HP_CAN_TX_IRQHandler                          Drivers\CMSIS\Device\ST\STM32F3xx\Source\Templates\gcc\startup_stm32f303xc.o
USB_HP_IRQHandler                                 Drivers\CMSIS\Device\ST\STM32F3xx\Source\Templates\gcc\startup_stm32f303xc.o
USB_LP_CAN_RX0_IRQHandler                         Drivers\CMSIS\Device\ST\STM32F3xx\Source\Templates\gcc\startup_stm32f303xc.o
USB_LP_IRQHandler                                 Drivers\CMSIS\Device\ST\STM32F3xx\Source\Templates\gcc\startup_stm32f303xc.o
UsageFault_Handler                                Drivers\CMSIS\Device\ST\STM32F3xx\Source\Templates\gcc\startup_stm32f303xc.o
WWDG_IRQHandler                                   Drivers\CMSIS\Device\ST\STM32F3xx\Source\Templates\gcc\startup_stm32f303xc.o
__aeabi_llsr                                      c:/program files (x86)/atollic/truestudio for arm 7.1.2/armtools/bin/../lib/gcc/arm-atollic-eabi/5.3.1/armv7e-m/fpu\libgcc.a(_lshrdi3.o)
                                                  Drivers\STM32F3xx_HAL_Driver\Src\stm32f3xx_hal_flash.o
__deregister_frame_info                           c:/program files (x86)/atollic/truestudio for arm 7.1.2/armtools/bin/../lib/gcc/arm-atollic-eabi/5.3.1/armv7e-m/fpu/crtbegin.o
__dso_handle                                      c:/program files (x86)/atollic/truestudio for arm 7.1.2/armtools/bin/../lib/gcc/arm-atollic-eabi/5.3.1/armv7e-m/fpu/crtbegin.o
__init_array_end                                  c:/program files (x86)/atollic/truestudio for arm 7.1.2/armtools/bin/../lib/gcc/arm-atollic-eabi/5.3.1/../../../../arm-atollic-eabi/lib/armv7e-m/fpu\libc_nano.a(lib_a-init.o)
__init_array_start                                c:/program files (x86)/atollic/truestudio for arm 7.1.2/armtools/bin/../lib/gcc/arm-atollic-eabi/5.3.1/../../../../arm-atollic-eabi/lib/armv7e-m/fpu\libc_nano.a(lib_a-init.o)
__libc_init_array                                 c:/program files (x86)/atollic/truestudio for arm 7.1.2/armtools/bin/../lib/gcc/arm-atollic-eabi/5.3.1/../../../../arm-atollic-eabi/lib/armv7e-m/fpu\libc_nano.a(lib_a-init.o)
                                                  Drivers\CMSIS\Device\ST\STM32F3xx\Source\Templates\gcc\startup_stm32f303xc.o
__lshrdi3                                         c:/program files (x86)/atollic/truestudio for arm 7.1.2/armtools/bin/../lib/gcc/arm-atollic-eabi/5.3.1/armv7e-m/fpu\libgcc.a(_lshrdi3.o)
__malloc_free_list                                c:/program files (x86)/atollic/truestudio for arm 7.1.2/armtools/bin/../lib/gcc/arm-atollic-eabi/5.3.1/../../../../arm-atollic-eabi/lib/armv7e-m/fpu\libc_nano.a(lib_a-nano-mallocr.o)
                                                  c:/program files (x86)/atollic/truestudio for arm 7.1.2/armtools/bin/../lib/gcc/arm-atollic-eabi/5.3.1/../../../../arm-atollic-eabi/lib/armv7e-m/fpu\libc_nano.a(lib_a-nano-freer.o)
__malloc_lock                                     c:/program files (x86)/atollic/truestudio for arm 7.1.2/armtools/bin/../lib/gcc/arm-atollic-eabi/5.3.1/../../../../arm-atollic-eabi/lib/armv7e-m/fpu\libc_nano.a(lib_a-mlock.o)
                                                  c:/program files (x86)/atollic/truestudio for arm 7.1.2/armtools/bin/../lib/gcc/arm-atollic-eabi/5.3.1/../../../../arm-atollic-eabi/lib/armv7e-m/fpu\libc_nano.a(lib_a-nano-mallocr.o)
                                                  c:/program files (x86)/atollic/truestudio for arm 7.1.2/armtools/bin/../lib/gcc/arm-atollic-eabi/5.3.1/../../../../arm-atollic-eabi/lib/armv7e-m/fpu\libc_nano.a(lib_a-nano-freer.o)
__malloc_sbrk_start                               c:/program files (x86)/atollic/truestudio for arm 7.1.2/armtools/bin/../lib/gcc/arm-atollic-eabi/5.3.1/../../../../arm-atollic-eabi/lib/armv7e-m/fpu\libc_nano.a(lib_a-nano-mallocr.o)
__malloc_unlock                                   c:/program files (x86)/atollic/truestudio for arm 7.1.2/armtools/bin/../lib/gcc/arm-atollic-eabi/5.3.1/../../../../arm-atollic-eabi/lib/armv7e-m/fpu\libc_nano.a(lib_a-mlock.o)
                                                  c:/program files (x86)/atollic/truestudio for arm 7.1.2/armtools/bin/../lib/gcc/arm-atollic-eabi/5.3.1/../../../../arm-atollic-eabi/lib/armv7e-m/fpu\libc_nano.a(lib_a-nano-mallocr.o)
                                                  c:/program files (x86)/atollic/truestudio for arm 7.1.2/armtools/bin/../lib/gcc/arm-atollic-eabi/5.3.1/../../../../arm-atollic-eabi/lib/armv7e-m/fpu\libc_nano.a(lib_a-nano-freer.o)
__preinit_array_end                               c:/program files (x86)/atollic/truestudio for arm 7.1.2/armtools/bin/../lib/gcc/arm-atollic-eabi/5.3.1/../../../../arm-atollic-eabi/lib/armv7e-m/fpu\libc_nano.a(lib_a-init.o)
__preinit_array_start                             c:/program files (x86)/atollic/truestudio for arm 7.1.2/armtools/bin/../lib/gcc/arm-atollic-eabi/5.3.1/../../../../arm-atollic-eabi/lib/armv7e-m/fpu\libc_nano.a(lib_a-init.o)
__register_frame_info                             c:/program files (x86)/atollic/truestudio for arm 7.1.2/armtools/bin/../lib/gcc/arm-atollic-eabi/5.3.1/armv7e-m/fpu/crtbegin.o
__sf_fake_stderr                                  c:/program files (x86)/atollic/truestudio for arm 7.1.2/armtools/bin/../lib/gcc/arm-atollic-eabi/5.3.1/../../../../arm-atollic-eabi/lib/armv7e-m/fpu\libc_nano.a(lib_a-impure.o)
__sf_fake_stdin                                   c:/program files (x86)/atollic/truestudio for arm 7.1.2/armtools/bin/../lib/gcc/arm-atollic-eabi/5.3.1/../../../../arm-atollic-eabi/lib/armv7e-m/fpu\libc_nano.a(lib_a-impure.o)
__sf_fake_stdout                                  c:/program files (x86)/atollic/truestudio for arm 7.1.2/armtools/bin/../lib/gcc/arm-atollic-eabi/5.3.1/../../../../arm-atollic-eabi/lib/armv7e-m/fpu\libc_nano.a(lib_a-impure.o)
__ssprint_r                                       c:/program files (x86)/atollic/truestudio for arm 7.1.2/armtools/bin/../lib/gcc/arm-atollic-eabi/5.3.1/../../../../arm-atollic-eabi/lib/armv7e-m/fpu\libc_nano.a(lib_a-nano-svfprintf.o)
__ssputs_r                                        c:/program files (x86)/atollic/truestudio for arm 7.1.2/armtools/bin/../lib/gcc/arm-atollic-eabi/5.3.1/../../../../arm-atollic-eabi/lib/armv7e-m/fpu\libc_nano.a(lib_a-nano-svfprintf.o)
_ebss                                             Drivers\CMSIS\Device\ST\STM32F3xx\Source\Templates\gcc\startup_stm32f303xc.o
_edata                                            Drivers\CMSIS\Device\ST\STM32F3xx\Source\Templates\gcc\startup_stm32f303xc.o
_estack                                           Drivers\CMSIS\Device\ST\STM32F3xx\Source\Templates\gcc\startup_stm32f303xc.o
_fini                                             c:/program files (x86)/atollic/truestudio for arm 7.1.2/armtools/bin/../lib/gcc/arm-atollic-eabi/5.3.1/armv7e-m/fpu/crti.o
_free_r                                           c:/program files (x86)/atollic/truestudio for arm 7.1.2/armtools/bin/../lib/gcc/arm-atollic-eabi/5.3.1/../../../../arm-atollic-eabi/lib/armv7e-m/fpu\libc_nano.a(lib_a-nano-freer.o)
                                                  c:/program files (x86)/atollic/truestudio for arm 7.1.2/armtools/bin/../lib/gcc/arm-atollic-eabi/5.3.1/../../../../arm-atollic-eabi/lib/armv7e-m/fpu\libc_nano.a(lib_a-reent.o)
                                                  c:/program files (x86)/atollic/truestudio for arm 7.1.2/armtools/bin/../lib/gcc/arm-atollic-eabi/5.3.1/../../../../arm-atollic-eabi/lib/armv7e-m/fpu\libc_nano.a(lib_a-nano-reallocr.o)
                                                  c:/program files (x86)/atollic/truestudio for arm 7.1.2/armtools/bin/../lib/gcc/arm-atollic-eabi/5.3.1/../../../../arm-atollic-eabi/lib/armv7e-m/fpu\libc_nano.a(lib_a-nano-svfprintf.o)
_global_impure_ptr                                c:/program files (x86)/atollic/truestudio for arm 7.1.2/armtools/bin/../lib/gcc/arm-atollic-eabi/5.3.1/../../../../arm-atollic-eabi/lib/armv7e-m/fpu\libc_nano.a(lib_a-impure.o)
_impure_ptr                                       c:/program files (x86)/atollic/truestudio for arm 7.1.2/armtools/bin/../lib/gcc/arm-atollic-eabi/5.3.1/../../../../arm-atollic-eabi/lib/armv7e-m/fpu\libc_nano.a(lib_a-impure.o)
                                                  c:/program files (x86)/atollic/truestudio for arm 7.1.2/armtools/bin/../lib/gcc/arm-atollic-eabi/5.3.1/../../../../arm-atollic-eabi/lib/armv7e-m/fpu\libc_nano.a(lib_a-reent.o)
                                                  c:/program files (x86)/atollic/truestudio for arm 7.1.2/armtools/bin/../lib/gcc/arm-atollic-eabi/5.3.1/../../../../arm-atollic-eabi/lib/armv7e-m/fpu\libc_nano.a(lib_a-sprintf.o)
_init                                             c:/program files (x86)/atollic/truestudio for arm 7.1.2/armtools/bin/../lib/gcc/arm-atollic-eabi/5.3.1/armv7e-m/fpu/crti.o
                                                  c:/program files (x86)/atollic/truestudio for arm 7.1.2/armtools/bin/../lib/gcc/arm-atollic-eabi/5.3.1/../../../../arm-atollic-eabi/lib/armv7e-m/fpu\libc_nano.a(lib_a-init.o)
_malloc_r                                         c:/program files (x86)/atollic/truestudio for arm 7.1.2/armtools/bin/../lib/gcc/arm-atollic-eabi/5.3.1/../../../../arm-atollic-eabi/lib/armv7e-m/fpu\libc_nano.a(lib_a-nano-mallocr.o)
                                                  c:/program files (x86)/atollic/truestudio for arm 7.1.2/armtools/bin/../lib/gcc/arm-atollic-eabi/5.3.1/../../../../arm-atollic-eabi/lib/armv7e-m/fpu\libc_nano.a(lib_a-nano-reallocr.o)
                                                  c:/program files (x86)/atollic/truestudio for arm 7.1.2/armtools/bin/../lib/gcc/arm-atollic-eabi/5.3.1/../../../../arm-atollic-eabi/lib/armv7e-m/fpu\libc_nano.a(lib_a-nano-svfprintf.o)
_malloc_usable_size_r                             c:/program files (x86)/atollic/truestudio for arm 7.1.2/armtools/bin/../lib/gcc/arm-atollic-eabi/5.3.1/../../../../arm-atollic-eabi/lib/armv7e-m/fpu\libc_nano.a(lib_a-nano-msizer.o)
                                                  c:/program files (x86)/atollic/truestudio for arm 7.1.2/armtools/bin/../lib/gcc/arm-atollic-eabi/5.3.1/../../../../arm-atollic-eabi/lib/armv7e-m/fpu\libc_nano.a(lib_a-nano-reallocr.o)
_printf_common                                    c:/program files (x86)/atollic/truestudio for arm 7.1.2/armtools/bin/../lib/gcc/arm-atollic-eabi/5.3.1/../../../../arm-atollic-eabi/lib/armv7e-m/fpu\libc_nano.a(lib_a-nano-vfprintf_i.o)
_printf_float                                     c:/program files (x86)/atollic/truestudio for arm 7.1.2/armtools/bin/../lib/gcc/arm-atollic-eabi/5.3.1/../../../../arm-atollic-eabi/lib/armv7e-m/fpu\libc_nano.a(lib_a-nano-svfprintf.o)
_printf_i                                         c:/program files (x86)/atollic/truestudio for arm 7.1.2/armtools/bin/../lib/gcc/arm-atollic-eabi/5.3.1/../../../../arm-atollic-eabi/lib/armv7e-m/fpu\libc_nano.a(lib_a-nano-vfprintf_i.o)
                                                  c:/program files (x86)/atollic/truestudio for arm 7.1.2/armtools/bin/../lib/gcc/arm-atollic-eabi/5.3.1/../../../../arm-atollic-eabi/lib/armv7e-m/fpu\libc_nano.a(lib_a-nano-svfprintf.o)
_realloc_r                                        c:/program files (x86)/atollic/truestudio for arm 7.1.2/armtools/bin/../lib/gcc/arm-atollic-eabi/5.3.1/../../../../arm-atollic-eabi/lib/armv7e-m/fpu\libc_nano.a(lib_a-nano-reallocr.o)
                                                  c:/program files (x86)/atollic/truestudio for arm 7.1.2/armtools/bin/../lib/gcc/arm-atollic-eabi/5.3.1/../../../../arm-atollic-eabi/lib/armv7e-m/fpu\libc_nano.a(lib_a-nano-svfprintf.o)
_reclaim_reent                                    c:/program files (x86)/atollic/truestudio for arm 7.1.2/armtools/bin/../lib/gcc/arm-atollic-eabi/5.3.1/../../../../arm-atollic-eabi/lib/armv7e-m/fpu\libc_nano.a(lib_a-reent.o)
_sbrk                                             c:/program files (x86)/atollic/truestudio for arm 7.1.2/armtools/bin/../lib/gcc/arm-atollic-eabi/5.3.1/../../../../arm-atollic-eabi/lib/armv7e-m/fpu\libnosys.a(sbrk.o)
                                                  c:/program files (x86)/atollic/truestudio for arm 7.1.2/armtools/bin/../lib/gcc/arm-atollic-eabi/5.3.1/../../../../arm-atollic-eabi/lib/armv7e-m/fpu\libc_nano.a(lib_a-sbrkr.o)
_sbrk_r                                           c:/program files (x86)/atollic/truestudio for arm 7.1.2/armtools/bin/../lib/gcc/arm-atollic-eabi/5.3.1/../../../../arm-atollic-eabi/lib/armv7e-m/fpu\libc_nano.a(lib_a-sbrkr.o)
                                                  c:/program files (x86)/atollic/truestudio for arm 7.1.2/armtools/bin/../lib/gcc/arm-atollic-eabi/5.3.1/../../../../arm-atollic-eabi/lib/armv7e-m/fpu\libc_nano.a(lib_a-nano-mallocr.o)
_sbss                                             Drivers\CMSIS\Device\ST\STM32F3xx\Source\Templates\gcc\startup_stm32f303xc.o
_sdata                                            Drivers\CMSIS\Device\ST\STM32F3xx\Source\Templates\gcc\startup_stm32f303xc.o
_sidata                                           Drivers\CMSIS\Device\ST\STM32F3xx\Source\Templates\gcc\startup_stm32f303xc.o
_siprintf_r                                       c:/program files (x86)/atollic/truestudio for arm 7.1.2/armtools/bin/../lib/gcc/arm-atollic-eabi/5.3.1/../../../../arm-atollic-eabi/lib/armv7e-m/fpu\libc_nano.a(lib_a-sprintf.o)
_sprintf_r                                        c:/program files (x86)/atollic/truestudio for arm 7.1.2/armtools/bin/../lib/gcc/arm-atollic-eabi/5.3.1/../../../../arm-atollic-eabi/lib/armv7e-m/fpu\libc_nano.a(lib_a-sprintf.o)
_svfiprintf_r                                     c:/program files (x86)/atollic/truestudio for arm 7.1.2/armtools/bin/../lib/gcc/arm-atollic-eabi/5.3.1/../../../../arm-atollic-eabi/lib/armv7e-m/fpu\libc_nano.a(lib_a-nano-svfprintf.o)
_svfprintf_r                                      c:/program files (x86)/atollic/truestudio for arm 7.1.2/armtools/bin/../lib/gcc/arm-atollic-eabi/5.3.1/../../../../arm-atollic-eabi/lib/armv7e-m/fpu\libc_nano.a(lib_a-nano-svfprintf.o)
                                                  c:/program files (x86)/atollic/truestudio for arm 7.1.2/armtools/bin/../lib/gcc/arm-atollic-eabi/5.3.1/../../../../arm-atollic-eabi/lib/armv7e-m/fpu\libc_nano.a(lib_a-sprintf.o)
aPLLMULFactorTable                                Drivers\STM32F3xx_HAL_Driver\Src\stm32f3xx_hal_rcc.o
aPredivFactorTable                                Drivers\STM32F3xx_HAL_Driver\Src\stm32f3xx_hal_rcc.o
cleanup_glue                                      c:/program files (x86)/atollic/truestudio for arm 7.1.2/armtools/bin/../lib/gcc/arm-atollic-eabi/5.3.1/../../../../arm-atollic-eabi/lib/armv7e-m/fpu\libc_nano.a(lib_a-reent.o)
end                                               c:/program files (x86)/atollic/truestudio for arm 7.1.2/armtools/bin/../lib/gcc/arm-atollic-eabi/5.3.1/../../../../arm-atollic-eabi/lib/armv7e-m/fpu\libnosys.a(sbrk.o)
errno                                             c:/program files (x86)/atollic/truestudio for arm 7.1.2/armtools/bin/../lib/gcc/arm-atollic-eabi/5.3.1/../../../../arm-atollic-eabi/lib/armv7e-m/fpu\libc_nano.a(lib_a-reent.o)
                                                  c:/program files (x86)/atollic/truestudio for arm 7.1.2/armtools/bin/../lib/gcc/arm-atollic-eabi/5.3.1/../../../../arm-atollic-eabi/lib/armv7e-m/fpu\libc_nano.a(lib_a-sbrkr.o)
g_pfnVectors                                      Drivers\CMSIS\Device\ST\STM32F3xx\Source\Templates\gcc\startup_stm32f303xc.o
hd44780_Delay                                     Src\HD44780_F3.o
hd44780_wr_cmd                                    Src\HD44780_F3.o
hd44780_wr_data                                   Src\HD44780_F3.o
hd44780_wr_hi_nibble                              Src\HD44780_F3.o
hd44780_write                                     Src\HD44780_F3.o
main                                              Src\main.o
                                                  Drivers\CMSIS\Device\ST\STM32F3xx\Source\Templates\gcc\startup_stm32f303xc.o
memchr                                            c:/program files (x86)/atollic/truestudio for arm 7.1.2/armtools/bin/../lib/gcc/arm-atollic-eabi/5.3.1/../../../../arm-atollic-eabi/lib/armv7e-m/fpu\libc_nano.a(lib_a-memchr.o)
                                                  c:/program files (x86)/atollic/truestudio for arm 7.1.2/armtools/bin/../lib/gcc/arm-atollic-eabi/5.3.1/../../../../arm-atollic-eabi/lib/armv7e-m/fpu\libc_nano.a(lib_a-nano-vfprintf_i.o)