stm32f3xx_hal_i2c.c:4259:13:I2C_Flush_TXDR	0	static
stm32f3xx_hal_i2c.c:4376:13:I2C_DMASlaveReceiveCplt	0	static
stm32f3xx_hal_i2c.c:4659:13:I2C_TransferConfig	12	static
stm32f3xx_hal_i2c.c:4689:26:I2C_Enable_IRQ	12	static
stm32f3xx_hal_i2c.c:4762:26:I2C_Disable_IRQ	0	static
stm32f3xx_hal_i2c.c:4441:26:I2C_WaitOnFlagUntilTimeout	24	static
stm32f3xx_hal_i2c.c:4280:13:I2C_DMAMasterTransmitCplt	8	static
stm32f3xx_hal_i2c.c:4334:13:I2C_DMAMasterReceiveCplt	8	static
stm32f3xx_hal_i2c.c:4593:26:I2C_IsAcknowledgeFailed	16	static
stm32f3xx_hal_i2c.c:4470:26:I2C_WaitOnTXISFlagUntilTimeout	16	static
stm32f3xx_hal_i2c.c:3618:26:I2C_RequestMemoryWrite	32	static
stm32f3xx_hal_i2c.c:3685:26:I2C_RequestMemoryRead	32	static
stm32f3xx_hal_i2c.c:4541:26:I2C_WaitOnRXNEFlagUntilTimeout	16	static
stm32f3xx_hal_i2c.c:4322:13:I2C_DMASlaveTransmitCplt	0	static
stm32f3xx_hal_i2c.c:4507:26:I2C_WaitOnSTOPFlagUntilTimeout	16	static
stm32f3xx_hal_i2c.c:521:14:HAL_I2C_MspInit	0	static
stm32f3xx_hal_i2c.c:400:19:HAL_I2C_Init	8	static
stm32f3xx_hal_i2c.c:537:14:HAL_I2C_MspDeInit	0	static
stm32f3xx_hal_i2c.c:485:19:HAL_I2C_DeInit	8	static
stm32f3xx_hal_i2c.c:621:19:HAL_I2C_Master_Transmit	40	static
stm32f3xx_hal_i2c.c:745:19:HAL_I2C_Master_Receive	40	static
stm32f3xx_hal_i2c.c:868:19:HAL_I2C_Slave_Transmit	40	static
stm32f3xx_hal_i2c.c:1008:19:HAL_I2C_Slave_Receive	40	static
stm32f3xx_hal_i2c.c:1140:19:HAL_I2C_Master_Transmit_IT	24	static
stm32f3xx_hal_i2c.c:1209:19:HAL_I2C_Master_Receive_IT	24	static
stm32f3xx_hal_i2c.c:1276:19:HAL_I2C_Slave_Transmit_IT	16	static
stm32f3xx_hal_i2c.c:1325:19:HAL_I2C_Slave_Receive_IT	16	static
stm32f3xx_hal_i2c.c:1376:19:HAL_I2C_Master_Transmit_DMA	32	static
stm32f3xx_hal_i2c.c:1484:19:HAL_I2C_Master_Receive_DMA	32	static
stm32f3xx_hal_i2c.c:1589:19:HAL_I2C_Slave_Transmit_DMA	16	static
stm32f3xx_hal_i2c.c:1655:19:HAL_I2C_Slave_Receive_DMA	16	static
stm32f3xx_hal_i2c.c:1725:19:HAL_I2C_Mem_Write	56	static
stm32f3xx_hal_i2c.c:1877:19:HAL_I2C_Mem_Read	56	static
stm32f3xx_hal_i2c.c:2020:19:HAL_I2C_Mem_Write_IT	40	static
stm32f3xx_hal_i2c.c:2119:19:HAL_I2C_Mem_Read_IT	40	static
stm32f3xx_hal_i2c.c:2217:19:HAL_I2C_Mem_Write_DMA	40	static
stm32f3xx_hal_i2c.c:2333:19:HAL_I2C_Mem_Read_DMA	40	static
stm32f3xx_hal_i2c.c:2447:19:HAL_I2C_IsDeviceReady	48	static
stm32f3xx_hal_i2c.c:2566:19:HAL_I2C_Master_Sequential_Transmit_IT	24	static
stm32f3xx_hal_i2c.c:2640:19:HAL_I2C_Master_Sequential_Receive_IT	24	static
stm32f3xx_hal_i2c.c:2711:19:HAL_I2C_Slave_Sequential_Transmit_IT	24	static
stm32f3xx_hal_i2c.c:2777:19:HAL_I2C_Slave_Sequential_Receive_IT	24	static
stm32f3xx_hal_i2c.c:2839:19:HAL_I2C_EnableListen_IT	8	static
stm32f3xx_hal_i2c.c:2863:19:HAL_I2C_DisableListen_IT	8	static
stm32f3xx_hal_i2c.c:2896:19:HAL_I2C_Master_Abort_IT	24	static
stm32f3xx_hal_i2c.c:2946:6:HAL_I2C_EV_IRQHandler	0	static
stm32f3xx_hal_i2c.c:3010:14:HAL_I2C_MasterTxCpltCallback	0	static
stm32f3xx_hal_i2c.c:3026:13:HAL_I2C_MasterRxCpltCallback	0	static
stm32f3xx_hal_i2c.c:3826:13:I2C_ITMasterSequentialCplt	16	static
stm32f3xx_hal_i2c.c:3041:14:HAL_I2C_SlaveTxCpltCallback	0	static
stm32f3xx_hal_i2c.c:3057:13:HAL_I2C_SlaveRxCpltCallback	0	static
stm32f3xx_hal_i2c.c:3871:13:I2C_ITSlaveSequentialCplt	16	static
stm32f3xx_hal_i2c.c:3075:13:HAL_I2C_AddrCallback	0	static
stm32f3xx_hal_i2c.c:3093:13:HAL_I2C_ListenCpltCallback	0	static
stm32f3xx_hal_i2c.c:4113:13:I2C_ITListenCplt	8	static
stm32f3xx_hal_i2c.c:3109:14:HAL_I2C_MemTxCpltCallback	0	static
stm32f3xx_hal_i2c.c:3125:13:HAL_I2C_MemRxCpltCallback	0	static
stm32f3xx_hal_i2c.c:3141:14:HAL_I2C_ErrorCallback	0	static
stm32f3xx_hal_i2c.c:3157:13:HAL_I2C_AbortCpltCallback	0	static
stm32f3xx_hal_i2c.c:4157:13:I2C_ITError	8	static
stm32f3xx_hal_i2c.c:4007:13:I2C_ITSlaveCplt	16	static
stm32f3xx_hal_i2c.c:3361:26:I2C_Slave_ISR_IT	32	static
stm32f3xx_hal_i2c.c:3563:26:I2C_Slave_ISR_DMA	8	static
stm32f3xx_hal_i2c.c:3915:13:I2C_ITMasterCplt	8	static
stm32f3xx_hal_i2c.c:3240:26:I2C_Master_ISR_IT	24	static
stm32f3xx_hal_i2c.c:3474:26:I2C_Master_ISR_DMA	16	static
stm32f3xx_hal_i2c.c:4388:13:I2C_DMAError	0	static
stm32f3xx_hal_i2c.c:2965:6:HAL_I2C_ER_IRQHandler	4	static
stm32f3xx_hal_i2c.c:4405:13:I2C_DMAAbort	8	static
stm32f3xx_hal_i2c.c:3192:22:HAL_I2C_GetState	0	static
stm32f3xx_hal_i2c.c:3204:21:HAL_I2C_GetMode	0	static
stm32f3xx_hal_i2c.c:3215:10:HAL_I2C_GetError	0	static
