Archive member included to satisfy reference by file (symbol)

/opt/Atollic_TrueSTUDIO_for_ARM_x86_64_8.1.0/ARMTools/bin/../lib/gcc/arm-atollic-eabi/6.3.1/../../../../arm-atollic-eabi/lib/armv7e-m/fpu/libc_nano.a(lib_a-init.o)
                              Drivers/CMSIS/Device/ST/STM32F3xx/Source/Templates/gcc/startup_stm32f303xc.o (__libc_init_array)
/opt/Atollic_TrueSTUDIO_for_ARM_x86_64_8.1.0/ARMTools/bin/../lib/gcc/arm-atollic-eabi/6.3.1/../../../../arm-atollic-eabi/lib/armv7e-m/fpu/libc_nano.a(lib_a-memset.o)
                              Drivers/STM32F3xx_HAL_Driver/Src/stm32f3xx_hal_rcc.o (memset)
/opt/Atollic_TrueSTUDIO_for_ARM_x86_64_8.1.0/ARMTools/bin/../lib/gcc/arm-atollic-eabi/6.3.1/../../../../arm-atollic-eabi/lib/armv7e-m/fpu/libc_nano.a(lib_a-sprintf.o)
                              Src/main.o (sprintf)
/opt/Atollic_TrueSTUDIO_for_ARM_x86_64_8.1.0/ARMTools/bin/../lib/gcc/arm-atollic-eabi/6.3.1/../../../../arm-atollic-eabi/lib/armv7e-m/fpu/libc_nano.a(lib_a-impure.o)
                              /opt/Atollic_TrueSTUDIO_for_ARM_x86_64_8.1.0/ARMTools/bin/../lib/gcc/arm-atollic-eabi/6.3.1/../../../../arm-atollic-eabi/lib/armv7e-m/fpu/libc_nano.a(lib_a-sprintf.o) (_impure_ptr)
/opt/Atollic_TrueSTUDIO_for_ARM_x86_64_8.1.0/ARMTools/bin/../lib/gcc/arm-atollic-eabi/6.3.1/../../../../arm-atollic-eabi/lib/armv7e-m/fpu/libc_nano.a(lib_a-nano-svfprintf.o)
                              /opt/Atollic_TrueSTUDIO_for_ARM_x86_64_8.1.0/ARMTools/bin/../lib/gcc/arm-atollic-eabi/6.3.1/../../../../arm-atollic-eabi/lib/armv7e-m/fpu/libc_nano.a(lib_a-sprintf.o) (_svfprintf_r)
/opt/Atollic_TrueSTUDIO_for_ARM_x86_64_8.1.0/ARMTools/bin/../lib/gcc/arm-atollic-eabi/6.3.1/../../../../arm-atollic-eabi/lib/armv7e-m/fpu/libc_nano.a(lib_a-nano-vfprintf_i.o)
                              /opt/Atollic_TrueSTUDIO_for_ARM_x86_64_8.1.0/ARMTools/bin/../lib/gcc/arm-atollic-eabi/6.3.1/../../../../arm-atollic-eabi/lib/armv7e-m/fpu/libc_nano.a(lib_a-nano-svfprintf.o) (_printf_i)
/opt/Atollic_TrueSTUDIO_for_ARM_x86_64_8.1.0/ARMTools/bin/../lib/gcc/arm-atollic-eabi/6.3.1/../../../../arm-atollic-eabi/lib/armv7e-m/fpu/libc_nano.a(lib_a-memchr.o)
                              /opt/Atollic_TrueSTUDIO_for_ARM_x86_64_8.1.0/ARMTools/bin/../lib/gcc/arm-atollic-eabi/6.3.1/../../../../arm-atollic-eabi/lib/armv7e-m/fpu/libc_nano.a(lib_a-nano-svfprintf.o) (memchr)
/opt/Atollic_TrueSTUDIO_for_ARM_x86_64_8.1.0/ARMTools/bin/../lib/gcc/arm-atollic-eabi/6.3.1/../../../../arm-atollic-eabi/lib/armv7e-m/fpu/libc_nano.a(lib_a-memcpy-stub.o)
                              /opt/Atollic_TrueSTUDIO_for_ARM_x86_64_8.1.0/ARMTools/bin/../lib/gcc/arm-atollic-eabi/6.3.1/../../../../arm-atollic-eabi/lib/armv7e-m/fpu/libc_nano.a(lib_a-nano-svfprintf.o) (memcpy)
/opt/Atollic_TrueSTUDIO_for_ARM_x86_64_8.1.0/ARMTools/bin/../lib/gcc/arm-atollic-eabi/6.3.1/../../../../arm-atollic-eabi/lib/armv7e-m/fpu/libc_nano.a(lib_a-memmove.o)
                              /opt/Atollic_TrueSTUDIO_for_ARM_x86_64_8.1.0/ARMTools/bin/../lib/gcc/arm-atollic-eabi/6.3.1/../../../../arm-atollic-eabi/lib/armv7e-m/fpu/libc_nano.a(lib_a-nano-svfprintf.o) (memmove)
/opt/Atollic_TrueSTUDIO_for_ARM_x86_64_8.1.0/ARMTools/bin/../lib/gcc/arm-atollic-eabi/6.3.1/../../../../arm-atollic-eabi/lib/armv7e-m/fpu/libc_nano.a(lib_a-nano-freer.o)
                              /opt/Atollic_TrueSTUDIO_for_ARM_x86_64_8.1.0/ARMTools/bin/../lib/gcc/arm-atollic-eabi/6.3.1/../../../../arm-atollic-eabi/lib/armv7e-m/fpu/libc_nano.a(lib_a-nano-svfprintf.o) (_free_r)
/opt/Atollic_TrueSTUDIO_for_ARM_x86_64_8.1.0/ARMTools/bin/../lib/gcc/arm-atollic-eabi/6.3.1/../../../../arm-atollic-eabi/lib/armv7e-m/fpu/libc_nano.a(lib_a-nano-mallocr.o)
                              /opt/Atollic_TrueSTUDIO_for_ARM_x86_64_8.1.0/ARMTools/bin/../lib/gcc/arm-atollic-eabi/6.3.1/../../../../arm-atollic-eabi/lib/armv7e-m/fpu/libc_nano.a(lib_a-nano-svfprintf.o) (_malloc_r)
/opt/Atollic_TrueSTUDIO_for_ARM_x86_64_8.1.0/ARMTools/bin/../lib/gcc/arm-atollic-eabi/6.3.1/../../../../arm-atollic-eabi/lib/armv7e-m/fpu/libc_nano.a(lib_a-nano-reallocr.o)
                              /opt/Atollic_TrueSTUDIO_for_ARM_x86_64_8.1.0/ARMTools/bin/../lib/gcc/arm-atollic-eabi/6.3.1/../../../../arm-atollic-eabi/lib/armv7e-m/fpu/libc_nano.a(lib_a-nano-svfprintf.o) (_realloc_r)
/opt/Atollic_TrueSTUDIO_for_ARM_x86_64_8.1.0/ARMTools/bin/../lib/gcc/arm-atollic-eabi/6.3.1/../../../../arm-atollic-eabi/lib/armv7e-m/fpu/libc_nano.a(lib_a-sbrkr.o)
                              /opt/Atollic_TrueSTUDIO_for_ARM_x86_64_8.1.0/ARMTools/bin/../lib/gcc/arm-atollic-eabi/6.3.1/../../../../arm-atollic-eabi/lib/armv7e-m/fpu/libc_nano.a(lib_a-nano-mallocr.o) (_sbrk_r)
/opt/Atollic_TrueSTUDIO_for_ARM_x86_64_8.1.0/ARMTools/bin/../lib/gcc/arm-atollic-eabi/6.3.1/../../../../arm-atollic-eabi/lib/armv7e-m/fpu/libc_nano.a(lib_a-mlock.o)
[...]
Memory Configuration

Name             Origin             Length             Attributes
RAM              0x0000000020000000 0x000000000000a000 xrw
CCMRAM           0x0000000010000000 0x0000000000002000 rw
FLASH            0x0000000008000000 0x0000000000040000 xr
*default*        0x0000000000000000 0xffffffffffffffff

Linker script and memory map

LOAD /opt/Atollic_TrueSTUDIO_for_ARM_x86_64_8.1.0/ARMTools/bin/../lib/gcc/arm-atollic-eabi/6.3.1/armv7e-m/fpu/crti.o
LOAD /opt/Atollic_TrueSTUDIO_for_ARM_x86_64_8.1.0/ARMTools/bin/../lib/gcc/arm-atollic-eabi/6.3.1/armv7e-m/fpu/crtbegin.o
LOAD Drivers/CMSIS/Device/ST/STM32F3xx/Source/Templates/gcc/startup_stm32f303xc.o
LOAD Drivers/STM32F3xx_HAL_Driver/Src/stm32f3xx_hal.o
LOAD Drivers/STM32F3xx_HAL_Driver/Src/stm32f3xx_hal_cortex.o
LOAD Drivers/STM32F3xx_HAL_Driver/Src/stm32f3xx_hal_dma.o
LOAD Drivers/STM32F3xx_HAL_Driver/Src/stm32f3xx_hal_flash.o
LOAD Drivers/STM32F3xx_HAL_Driver/Src/stm32f3xx_hal_flash_ex.o
LOAD Drivers/STM32F3xx_HAL_Driver/Src/stm32f3xx_hal_gpio.o
LOAD Drivers/STM32F3xx_HAL_Driver/Src/stm32f3xx_hal_i2c.o
LOAD Drivers/STM32F3xx_HAL_Driver/Src/stm32f3xx_hal_i2c_ex.o
LOAD Drivers/STM32F3xx_HAL_Driver/Src/stm32f3xx_hal_pwr.o
LOAD Drivers/STM32F3xx_HAL_Driver/Src/stm32f3xx_hal_pwr_ex.o
LOAD Drivers/STM32F3xx_HAL_Driver/Src/stm32f3xx_hal_rcc.o
LOAD Drivers/STM32F3xx_HAL_Driver/Src/stm32f3xx_hal_rcc_ex.o
LOAD Drivers/STM32F3xx_HAL_Driver/Src/stm32f3xx_hal_tim.o
LOAD Drivers/STM32F3xx_HAL_Driver/Src/stm32f3xx_hal_tim_ex.o
LOAD Src/HD44780_F3.o
LOAD Src/dwt_stm32_delay.o
LOAD Src/main.o
LOAD Src/stm32f3xx_hal_msp.o
LOAD Src/stm32f3xx_it.o
LOAD Src/system_stm32f3xx.o
                0x0000000000000080                malloc_getpagesize_P = 0x80
START GROUP
LOAD /opt/Atollic_TrueSTUDIO_for_ARM_x86_64_8.1.0/ARMTools/bin/../lib/gcc/arm-atollic-eabi/6.3.1/../../../../arm-atollic-eabi/lib/armv7e-m/fpu/libc_nano.a
LOAD /opt/Atollic_TrueSTUDIO_for_ARM_x86_64_8.1.0/ARMTools/bin/../lib/gcc/arm-atollic-eabi/6.3.1/../../../../arm-atollic-eabi/lib/armv7e-m/fpu/libm.a
END GROUP
START GROUP
LOAD /opt/Atollic_TrueSTUDIO_for_ARM_x86_64_8.1.0/ARMTools/bin/../lib/gcc/arm-atollic-eabi/6.3.1/armv7e-m/fpu/libgcc.a
LOAD /opt/Atollic_TrueSTUDIO_for_ARM_x86_64_8.1.0/ARMTools/bin/../lib/gcc/arm-atollic-eabi/6.3.1/../../../../arm-atollic-eabi/lib/armv7e-m/fpu/libc_nano.a
END GROUP
START GROUP
LOAD /opt/Atollic_TrueSTUDIO_for_ARM_x86_64_8.1.0/ARMTools/bin/../lib/gcc/arm-atollic-eabi/6.3.1/armv7e-m/fpu/libgcc.a
LOAD /opt/Atollic_TrueSTUDIO_for_ARM_x86_64_8.1.0/ARMTools/bin/../lib/gcc/arm-atollic-eabi/6.3.1/../../../../arm-atollic-eabi/lib/armv7e-m/fpu/libc_nano.a
LOAD /opt/Atollic_TrueSTUDIO_for_ARM_x86_64_8.1.0/ARMTools/bin/../lib/gcc/arm-atollic-eabi/6.3.1/../../../../arm-atollic-eabi/lib/armv7e-m/fpu/libnosys.a
END GROUP
START GROUP
LOAD /opt/Atollic_TrueSTUDIO_for_ARM_x86_64_8.1.0/ARMTools/bin/../lib/gcc/arm-atollic-eabi/6.3.1/armv7e-m/fpu/libgcc.a
LOAD /opt/Atollic_TrueSTUDIO_for_ARM_x86_64_8.1.0/ARMTools/bin/../lib/gcc/arm-atollic-eabi/6.3.1/../../../../arm-atollic-eabi/lib/armv7e-m/fpu/libc_nano.a
LOAD /opt/Atollic_TrueSTUDIO_for_ARM_x86_64_8.1.0/ARMTools/bin/../lib/gcc/arm-atollic-eabi/6.3.1/../../../../arm-atollic-eabi/lib/armv7e-m/fpu/libnosys.a
END GROUP
LOAD /opt/Atollic_TrueSTUDIO_for_ARM_x86_64_8.1.0/ARMTools/bin/../lib/gcc/arm-atollic-eabi/6.3.1/armv7e-m/fpu/crtend.o
LOAD /opt/Atollic_TrueSTUDIO_for_ARM_x86_64_8.1.0/ARMTools/bin/../lib/gcc/arm-atollic-eabi/6.3.1/armv7e-m/fpu/crtn.o
                0x000000002000a000                _estack = 0x2000a000
                0x0000000000000200                _Min_Heap_Size = 0x200
                0x0000000000000400                _Min_Stack_Size = 0x400

.isr_vector     0x0000000008000000      0x188
                0x0000000008000000                . = ALIGN (0x4)
 *(.isr_vector)
 .isr_vector    0x0000000008000000      0x188 Drivers/CMSIS/Device/ST/STM32F3xx/Source/Templates/gcc/startup_stm32f303xc.o
                0x0000000008000000                g_pfnVectors
                0x0000000008000188                . = ALIGN (0x4)

.text           0x0000000008000190     0x20ac
                0x0000000008000190                . = ALIGN (0x4)
 *(.text)
 .text          0x0000000008000190       0x40 /opt/Atollic_TrueSTUDIO_for_ARM_x86_64_8.1.0/ARMTools/bin/../lib/gcc/arm-atollic-eabi/6.3.1/armv7e-m/fpu/crtbegin.o
 .text          0x00000000080001d0       0xa0 /opt/Atollic_TrueSTUDIO_for_ARM_x86_64_8.1.0/ARMTools/bin/../lib/gcc/arm-atollic-eabi/6.3.1/../../../../arm-atollic-eabi/lib/armv7e-m/fpu/libc_nano.a(lib_a-memchr.o)
                0x00000000080001d0                memchr
 .text          0x0000000008000270       0x30 /opt/Atollic_TrueSTUDIO_for_ARM_x86_64_8.1.0/ARMTools/bin/../lib/gcc/arm-atollic-eabi/6.3.1/armv7e-m/fpu/libgcc.a(_aeabi_uldivmod.o)
                0x0000000008000270                __aeabi_uldivmod
 .text          0x00000000080002a0      0x2dc /opt/Atollic_TrueSTUDIO_for_ARM_x86_64_8.1.0/ARMTools/bin/../lib/gcc/arm-atollic-eabi/6.3.1/armv7e-m/fpu/libgcc.a(_udivmoddi4.o)
                0x00000000080002a0                __udivmoddi4
 .text          0x000000000800057c        0x4 /opt/Atollic_TrueSTUDIO_for_ARM_x86_64_8.1.0/ARMTools/bin/../lib/gcc/arm-atollic-eabi/6.3.1/armv7e-m/fpu/libgcc.a(_dvmd_tls.o)
                0x000000000800057c                __aeabi_ldiv0
                0x000000000800057c                __aeabi_idiv0
 *(.text*)
 .text.Reset_Handler
                0x0000000008000580       0x50 Drivers/CMSIS/Device/ST/STM32F3xx/Source/Templates/gcc/startup_stm32f303xc.o
                0x0000000008000580                Reset_Handler
 .text.Default_Handler
                0x00000000080005d0        0x2 Drivers/CMSIS/Device/ST/STM32F3xx/Source/Templates/gcc/startup_stm32f303xc.o
                0x00000000080005d0                RTC_Alarm_IRQHandler
                0x00000000080005d0                TIM8_TRG_COM_IRQHandler
                0x00000000080005d0                TIM8_CC_IRQHandler
                0x00000000080005d0                DebugMon_Handler
                0x00000000080005d0                TIM1_CC_IRQHandler
                0x00000000080005d0                HardFault_Handler
                0x00000000080005d0                USB_HP_IRQHandler
                0x00000000080005d0                TAMP_STAMP_IRQHandler
                0x00000000080005d0                NMI_Handler
                0x00000000080005d0                EXTI3_IRQHandler
                0x00000000080005d0                USB_HP_CAN_TX_IRQHandler
                0x00000000080005d0                I2C2_EV_IRQHandler
                0x00000000080005d0                FPU_IRQHandler
                0x00000000080005d0                TIM1_UP_TIM16_IRQHandler
                0x00000000080005d0                UsageFault_Handler
                0x00000000080005d0                ADC1_2_IRQHandler
                0x00000000080005d0                SPI1_IRQHandler
                0x00000000080005d0                CAN_SCE_IRQHandler
                0x00000000080005d0                TIM6_DAC_IRQHandler
                0x00000000080005d0                TIM8_UP_IRQHandler
                0x00000000080005d0                DMA2_Channel2_IRQHandler
                0x00000000080005d0                DMA1_Channel4_IRQHandler
                0x00000000080005d0                USART3_IRQHandler
                0x00000000080005d0                DMA1_Channel7_IRQHandler
                0x00000000080005d0                UART5_IRQHandler
                0x00000000080005d0                ADC3_IRQHandler
                0x00000000080005d0                TIM4_IRQHandler
                0x00000000080005d0                CAN_RX1_IRQHandler
                0x00000000080005d0                DMA2_Channel1_IRQHandler
                0x00000000080005d0                I2C1_EV_IRQHandler
                0x00000000080005d0                DMA1_Channel6_IRQHandler
                0x00000000080005d0                UART4_IRQHandler
                0x00000000080005d0                DMA2_Channel4_IRQHandler
                0x00000000080005d0                TIM3_IRQHandler
                0x00000000080005d0                RCC_IRQHandler
                0x00000000080005d0                DMA1_Channel1_IRQHandler
                0x00000000080005d0                Default_Handler
                0x00000000080005d0                USBWakeUp_RMP_IRQHandler
                0x00000000080005d0                EXTI15_10_IRQHandler
                0x00000000080005d0                TIM7_IRQHandler
                0x00000000080005d0                EXTI9_5_IRQHandler
                0x00000000080005d0                RTC_WKUP_IRQHandler
                0x00000000080005d0                SPI2_IRQHandler
                0x00000000080005d0                USB_LP_CAN_RX0_IRQHandler
                0x00000000080005d0                MemManage_Handler
                0x00000000080005d0                DMA2_Channel5_IRQHandler
                0x00000000080005d0                DMA1_Channel5_IRQHandler
                0x00000000080005d0                USB_LP_IRQHandler
                0x00000000080005d0                EXTI4_IRQHandler
                0x00000000080005d0                TIM1_TRG_COM_TIM17_IRQHandler
                0x00000000080005d0                DMA1_Channel3_IRQHandler
                0x00000000080005d0                ADC4_IRQHandler
                0x00000000080005d0                WWDG_IRQHandler
                0x00000000080005d0                TIM2_IRQHandler
                0x00000000080005d0                COMP7_IRQHandler
                0x00000000080005d0                COMP1_2_3_IRQHandler
                0x00000000080005d0                EXTI1_IRQHandler
                0x00000000080005d0                USART2_IRQHandler
                0x00000000080005d0                COMP4_5_6_IRQHandler
                0x00000000080005d0                I2C2_ER_IRQHandler
                0x00000000080005d0                DMA1_Channel2_IRQHandler
                0x00000000080005d0                TIM8_BRK_IRQHandler
                0x00000000080005d0                FLASH_IRQHandler
                0x00000000080005d0                BusFault_Handler
                0x00000000080005d0                USART1_IRQHandler
                0x00000000080005d0                SPI3_IRQHandler
                0x00000000080005d0                I2C1_ER_IRQHandler
                0x00000000080005d0                USBWakeUp_IRQHandler
                0x00000000080005d0                DMA2_Channel3_IRQHandler
                0x00000000080005d0                EXTI2_TSC_IRQHandler
                0x00000000080005d0                TIM1_BRK_TIM15_IRQHandler
 *fill*         0x00000000080005d2        0x2 
 .text.HAL_InitTick
                0x00000000080005d4       0x28 Drivers/STM32F3xx_HAL_Driver/Src/stm32f3xx_hal.o
                0x00000000080005d4                HAL_InitTick
 .text.HAL_Init
                0x00000000080005fc       0x24 Drivers/STM32F3xx_HAL_Driver/Src/stm32f3xx_hal.o
                0x00000000080005fc                HAL_Init
 .text.HAL_IncTick
                0x0000000008000620       0x10 Drivers/STM32F3xx_HAL_Driver/Src/stm32f3xx_hal.o
                0x0000000008000620                HAL_IncTick
 .text.HAL_GetTick
                0x0000000008000630        0xc Drivers/STM32F3xx_HAL_Driver/Src/stm32f3xx_hal.o
                0x0000000008000630                HAL_GetTick
 .text.HAL_Delay
                0x000000000800063c       0x1a Drivers/STM32F3xx_HAL_Driver/Src/stm32f3xx_hal.o
                0x000000000800063c                HAL_Delay
 *fill*         0x0000000008000656        0x2 
 .text.HAL_NVIC_SetPriorityGrouping
                0x0000000008000658       0x24 Drivers/STM32F3xx_HAL_Driver/Src/stm32f3xx_hal_cortex.o
                0x0000000008000658                HAL_NVIC_SetPriorityGrouping
 .text.HAL_NVIC_SetPriority
                0x000000000800067c       0x68 Drivers/STM32F3xx_HAL_Driver/Src/stm32f3xx_hal_cortex.o
                0x000000000800067c                HAL_NVIC_SetPriority
 .text.HAL_NVIC_EnableIRQ
                0x00000000080006e4       0x18 Drivers/STM32F3xx_HAL_Driver/Src/stm32f3xx_hal_cortex.o
                0x00000000080006e4                HAL_NVIC_EnableIRQ
 .text.HAL_SYSTICK_Config
                0x00000000080006fc       0x2c Drivers/STM32F3xx_HAL_Driver/Src/stm32f3xx_hal_cortex.o
                0x00000000080006fc                HAL_SYSTICK_Config
 .text.HAL_SYSTICK_CLKSourceConfig
                0x0000000008000728       0x18 Drivers/STM32F3xx_HAL_Driver/Src/stm32f3xx_hal_cortex.o
                0x0000000008000728                HAL_SYSTICK_CLKSourceConfig
 .text.HAL_SYSTICK_Callback
                0x0000000008000740        0x2 Drivers/STM32F3xx_HAL_Driver/Src/stm32f3xx_hal_cortex.o
                0x0000000008000740                HAL_SYSTICK_Callback
 .text.HAL_SYSTICK_IRQHandler
                0x0000000008000742        0x8 Drivers/STM32F3xx_HAL_Driver/Src/stm32f3xx_hal_cortex.o
                0x0000000008000742                HAL_SYSTICK_IRQHandler
 *fill*         0x000000000800074a        0x2 
 .text.HAL_GPIO_Init
                0x000000000800074c      0x184 Drivers/STM32F3xx_HAL_Driver/Src/stm32f3xx_hal_gpio.o
                0x000000000800074c                HAL_GPIO_Init
 .text.HAL_GPIO_ReadPin
                0x00000000080008d0        0xc Drivers/STM32F3xx_HAL_Driver/Src/stm32f3xx_hal_gpio.o
                0x00000000080008d0                HAL_GPIO_ReadPin
 .text.HAL_GPIO_WritePin
                0x00000000080008dc        0xa Drivers/STM32F3xx_HAL_Driver/Src/stm32f3xx_hal_gpio.o
                0x00000000080008dc                HAL_GPIO_WritePin
 .text.HAL_GPIO_EXTI_Callback
                0x00000000080008e6        0x2 Drivers/STM32F3xx_HAL_Driver/Src/stm32f3xx_hal_gpio.o
                0x00000000080008e6                HAL_GPIO_EXTI_Callback
 .text.HAL_GPIO_EXTI_IRQHandler
                0x00000000080008e8       0x18 Drivers/STM32F3xx_HAL_Driver/Src/stm32f3xx_hal_gpio.o
                0x00000000080008e8                HAL_GPIO_EXTI_IRQHandler
 .text.HAL_PWR_PVDCallback
                0x0000000008000900        0x2 Drivers/STM32F3xx_HAL_Driver/Src/stm32f3xx_hal_pwr_ex.o
                0x0000000008000900                HAL_PWR_PVDCallback
 *fill*         0x0000000008000902        0x2 
 .text.HAL_PWR_PVD_IRQHandler
                0x0000000008000904       0x1c Drivers/STM32F3xx_HAL_Driver/Src/stm32f3xx_hal_pwr_ex.o
                0x0000000008000904                HAL_PWR_PVD_IRQHandler
 .text.HAL_RCC_OscConfig
                0x0000000008000920      0x4c0 Drivers/STM32F3xx_HAL_Driver/Src/stm32f3xx_hal_rcc.o
                0x0000000008000920                HAL_RCC_OscConfig
 .text.HAL_RCC_GetSysClockFreq
                0x0000000008000de0       0x64 Drivers/STM32F3xx_HAL_Driver/Src/stm32f3xx_hal_rcc.o
                0x0000000008000de0                HAL_RCC_GetSysClockFreq
 .text.HAL_RCC_ClockConfig
                0x0000000008000e44      0x168 Drivers/STM32F3xx_HAL_Driver/Src/stm32f3xx_hal_rcc.o
                0x0000000008000e44                HAL_RCC_ClockConfig
 .text.HAL_RCC_GetHCLKFreq
                0x0000000008000fac        0xc Drivers/STM32F3xx_HAL_Driver/Src/stm32f3xx_hal_rcc.o
                0x0000000008000fac                HAL_RCC_GetHCLKFreq
 .text.GPIO_SetBits
                0x0000000008000fb8        0x6 Src/HD44780_F3.o
                0x0000000008000fb8                GPIO_SetBits
 .text.GPIO_ResetBits
                0x0000000008000fbe        0x6 Src/HD44780_F3.o
                0x0000000008000fbe                GPIO_ResetBits
 .text.hd44780_wr_hi_nibble
                0x0000000008000fc4       0x7c Src/HD44780_F3.o
                0x0000000008000fc4                hd44780_wr_hi_nibble
 .text.hd44780_write
                0x0000000008001040       0xd0 Src/HD44780_F3.o
                0x0000000008001040                hd44780_write
 .text.hd44780_wr_cmd
                0x0000000008001110       0x20 Src/HD44780_F3.o
                0x0000000008001110                hd44780_wr_cmd
 .text.hd44780_wr_data
                0x0000000008001130       0x20 Src/HD44780_F3.o
                0x0000000008001130                hd44780_wr_data
 .text.HD44780_Init
                0x0000000008001150       0xb0 Src/HD44780_F3.o
                0x0000000008001150                HD44780_Init
 .text.HD44780_GotoXY
                0x0000000008001200       0x1c Src/HD44780_F3.o
                0x0000000008001200                HD44780_GotoXY
 .text.HD44780_PutStr
                0x000000000800121c       0x22 Src/HD44780_F3.o
                0x000000000800121c                HD44780_PutStr
 .text.HD44780_ClrScr
                0x000000000800123e        0x6 Src/HD44780_F3.o
                0x000000000800123e                HD44780_ClrScr
 .text.DWT_Delay_Init
                0x0000000008001244       0x40 Src/dwt_stm32_delay.o
                0x0000000008001244                DWT_Delay_Init
 .text.unlikely.DWT_Delay_us
                0x0000000008001284       0x30 Src/main.o
 .text.SystemClock_Config
                0x00000000080012b4       0x6a Src/main.o
                0x00000000080012b4                SystemClock_Config
 *fill*         0x000000000800131e        0x2 
 .text.startup.main
                0x0000000008001320      0x508 Src/main.o
                0x0000000008001320                main
 .text.HAL_MspInit
                0x0000000008001828       0x8c Src/stm32f3xx_hal_msp.o
                0x0000000008001828                HAL_MspInit
 .text.SVC_Handler
                0x00000000080018b4        0x2 Src/stm32f3xx_it.o
                0x00000000080018b4                SVC_Handler
 .text.PendSV_Handler
                0x00000000080018b6        0x2 Src/stm32f3xx_it.o
                0x00000000080018b6                PendSV_Handler
 .text.SysTick_Handler
                0x00000000080018b8        0xe Src/stm32f3xx_it.o
                0x00000000080018b8                SysTick_Handler
 .text.PVD_IRQHandler
                0x00000000080018c6        0x4 Src/stm32f3xx_it.o
                0x00000000080018c6                PVD_IRQHandler
 *fill*         0x00000000080018ca        0x2 
 .text.EXTI0_IRQHandler
                0x00000000080018cc       0x50 Src/stm32f3xx_it.o
                0x00000000080018cc                EXTI0_IRQHandler
 .text.SystemInit
                0x000000000800191c       0x68 Src/system_stm32f3xx.o
                0x000000000800191c                SystemInit
 .text.__libc_init_array
                0x0000000008001984       0x48 /opt/Atollic_TrueSTUDIO_for_ARM_x86_64_8.1.0/ARMTools/bin/../lib/gcc/arm-atollic-eabi/6.3.1/../../../../arm-atollic-eabi/lib/armv7e-m/fpu/libc_nano.a(lib_a-init.o)
                0x0000000008001984                __libc_init_array
 .text.sprintf  0x00000000080019cc       0x48 /opt/Atollic_TrueSTUDIO_for_ARM_x86_64_8.1.0/ARMTools/bin/../lib/gcc/arm-atollic-eabi/6.3.1/../../../../arm-atollic-eabi/lib/armv7e-m/fpu/libc_nano.a(lib_a-sprintf.o)
                0x00000000080019cc                sprintf
                0x00000000080019cc                siprintf
 .text.__ssputs_r
                0x0000000008001a14       0xb6 /opt/Atollic_TrueSTUDIO_for_ARM_x86_64_8.1.0/ARMTools/bin/../lib/gcc/arm-atollic-eabi/6.3.1/../../../../arm-atollic-eabi/lib/armv7e-m/fpu/libc_nano.a(lib_a-nano-svfprintf.o)
                0x0000000008001a14                __ssputs_r
 *fill*         0x0000000008001aca        0x2 
 .text._svfprintf_r
                0x0000000008001acc      0x1e8 /opt/Atollic_TrueSTUDIO_for_ARM_x86_64_8.1.0/ARMTools/bin/../lib/gcc/arm-atollic-eabi/6.3.1/../../../../arm-atollic-eabi/lib/armv7e-m/fpu/libc_nano.a(lib_a-nano-svfprintf.o)
                0x0000000008001acc                _svfprintf_r
                0x0000000008001acc                _svfiprintf_r
 .text._printf_common
                0x0000000008001cb4       0xec /opt/Atollic_TrueSTUDIO_for_ARM_x86_64_8.1.0/ARMTools/bin/../lib/gcc/arm-atollic-eabi/6.3.1/../../../../arm-atollic-eabi/lib/armv7e-m/fpu/libc_nano.a(lib_a-nano-vfprintf_i.o)
                0x0000000008001cb4                _printf_common
 .text._printf_i
                0x0000000008001da0      0x240 /opt/Atollic_TrueSTUDIO_for_ARM_x86_64_8.1.0/ARMTools/bin/../lib/gcc/arm-atollic-eabi/6.3.1/../../../../arm-atollic-eabi/lib/armv7e-m/fpu/libc_nano.a(lib_a-nano-vfprintf_i.o)
                0x0000000008001da0                _printf_i
 .text.memcpy   0x0000000008001fe0       0x16 /opt/Atollic_TrueSTUDIO_for_ARM_x86_64_8.1.0/ARMTools/bin/../lib/gcc/arm-atollic-eabi/6.3.1/../../../../arm-atollic-eabi/lib/armv7e-m/fpu/libc_nano.a(lib_a-memcpy-stub.o)
                0x0000000008001fe0                memcpy
 .text.memmove  0x0000000008001ff6       0x34 /opt/Atollic_TrueSTUDIO_for_ARM_x86_64_8.1.0/ARMTools/bin/../lib/gcc/arm-atollic-eabi/6.3.1/../../../../arm-atollic-eabi/lib/armv7e-m/fpu/libc_nano.a(lib_a-memmove.o)
                0x0000000008001ff6                memmove
 *fill*         0x000000000800202a        0x2 
 .text._free_r  0x000000000800202c       0x9c /opt/Atollic_TrueSTUDIO_for_ARM_x86_64_8.1.0/ARMTools/bin/../lib/gcc/arm-atollic-eabi/6.3.1/../../../../arm-atollic-eabi/lib/armv7e-m/fpu/libc_nano.a(lib_a-nano-freer.o)
                0x000000000800202c                _free_r
 .text._malloc_r
                0x00000000080020c8       0xbc /opt/Atollic_TrueSTUDIO_for_ARM_x86_64_8.1.0/ARMTools/bin/../lib/gcc/arm-atollic-eabi/6.3.1/../../../../arm-atollic-eabi/lib/armv7e-m/fpu/libc_nano.a(lib_a-nano-mallocr.o)
                0x00000000080020c8                _malloc_r
 .text._realloc_r
                0x0000000008002184       0x4c /opt/Atollic_TrueSTUDIO_for_ARM_x86_64_8.1.0/ARMTools/bin/../lib/gcc/arm-atollic-eabi/6.3.1/../../../../arm-atollic-eabi/lib/armv7e-m/fpu/libc_nano.a(lib_a-nano-reallocr.o)
                0x0000000008002184                _realloc_r
 .text._sbrk_r  0x00000000080021d0       0x20 /opt/Atollic_TrueSTUDIO_for_ARM_x86_64_8.1.0/ARMTools/bin/../lib/gcc/arm-atollic-eabi/6.3.1/../../../../arm-atollic-eabi/lib/armv7e-m/fpu/libc_nano.a(lib_a-sbrkr.o)
                0x00000000080021d0                _sbrk_r
 .text.__malloc_lock
                0x00000000080021f0        0x2 /opt/Atollic_TrueSTUDIO_for_ARM_x86_64_8.1.0/ARMTools/bin/../lib/gcc/arm-atollic-eabi/6.3.1/../../../../arm-atollic-eabi/lib/armv7e-m/fpu/libc_nano.a(lib_a-mlock.o)
                0x00000000080021f0                __malloc_lock
 .text.__malloc_unlock
                0x00000000080021f2        0x2 /opt/Atollic_TrueSTUDIO_for_ARM_x86_64_8.1.0/ARMTools/bin/../lib/gcc/arm-atollic-eabi/6.3.1/../../../../arm-atollic-eabi/lib/armv7e-m/fpu/libc_nano.a(lib_a-mlock.o)
                0x00000000080021f2                __malloc_unlock
 .text._malloc_usable_size_r
                0x00000000080021f4       0x12 /opt/Atollic_TrueSTUDIO_for_ARM_x86_64_8.1.0/ARMTools/bin/../lib/gcc/arm-atollic-eabi/6.3.1/../../../../arm-atollic-eabi/lib/armv7e-m/fpu/libc_nano.a(lib_a-nano-msizer.o)
                0x00000000080021f4                _malloc_usable_size_r
 *fill*         0x0000000008002206        0x2 
 .text._sbrk    0x0000000008002208       0x1c /opt/Atollic_TrueSTUDIO_for_ARM_x86_64_8.1.0/ARMTools/bin/../lib/gcc/arm-atollic-eabi/6.3.1/../../../../arm-atollic-eabi/lib/armv7e-m/fpu/libnosys.a(sbrk.o)
                0x0000000008002208                _sbrk
 *(.glue_7)
 .glue_7        0x0000000008002224        0x0 linker stubs
 *(.glue_7t)
 .glue_7t       0x0000000008002224        0x0 linker stubs
 *(.eh_frame)
 .eh_frame      0x0000000008002224        0x0 /opt/Atollic_TrueSTUDIO_for_ARM_x86_64_8.1.0/ARMTools/bin/../lib/gcc/arm-atollic-eabi/6.3.1/armv7e-m/fpu/crtbegin.o
 *(.init)
 .init          0x0000000008002224        0x4 /opt/Atollic_TrueSTUDIO_for_ARM_x86_64_8.1.0/ARMTools/bin/../lib/gcc/arm-atollic-eabi/6.3.1/armv7e-m/fpu/crti.o
                0x0000000008002224                _init
 .init          0x0000000008002228        0x8 /opt/Atollic_TrueSTUDIO_for_ARM_x86_64_8.1.0/ARMTools/bin/../lib/gcc/arm-atollic-eabi/6.3.1/armv7e-m/fpu/crtn.o
 *(.fini)
 .fini          0x0000000008002230        0x4 /opt/Atollic_TrueSTUDIO_for_ARM_x86_64_8.1.0/ARMTools/bin/../lib/gcc/arm-atollic-eabi/6.3.1/armv7e-m/fpu/crti.o
                0x0000000008002230                _fini
 .fini          0x0000000008002234        0x8 /opt/Atollic_TrueSTUDIO_for_ARM_x86_64_8.1.0/ARMTools/bin/../lib/gcc/arm-atollic-eabi/6.3.1/armv7e-m/fpu/crtn.o
                0x000000000800223c                . = ALIGN (0x4)
                0x000000000800223c                _etext = .

.vfp11_veneer   0x000000000800223c        0x0
 .vfp11_veneer  0x000000000800223c        0x0 linker stubs

.v4_bx          0x000000000800223c        0x0
 .v4_bx         0x000000000800223c        0x0 linker stubs

.iplt           0x000000000800223c        0x0
 .iplt          0x000000000800223c        0x0 /opt/Atollic_TrueSTUDIO_for_ARM_x86_64_8.1.0/ARMTools/bin/../lib/gcc/arm-atollic-eabi/6.3.1/armv7e-m/fpu/crtbegin.o

.rodata         0x000000000800223c       0x7c
                0x000000000800223c                . = ALIGN (0x4)
 *(.rodata)
 *(.rodata*)
 .rodata.aPLLMULFactorTable
                0x000000000800223c       0x10 Drivers/STM32F3xx_HAL_Driver/Src/stm32f3xx_hal_rcc.o
                0x000000000800223c                aPLLMULFactorTable
 .rodata.aPredivFactorTable
                0x000000000800224c       0x10 Drivers/STM32F3xx_HAL_Driver/Src/stm32f3xx_hal_rcc.o
                0x000000000800224c                aPredivFactorTable
 .rodata.CSWTCH.18
                0x000000000800225c        0x4 Src/HD44780_F3.o
 .rodata.main.str1.1
                0x0000000008002260       0x13 Src/main.o
 .rodata.AHBPrescTable
                0x0000000008002273       0x10 Src/system_stm32f3xx.o
                0x0000000008002273                AHBPrescTable
 .rodata._svfprintf_r.str1.1
                0x0000000008002283       0x11 /opt/Atollic_TrueSTUDIO_for_ARM_x86_64_8.1.0/ARMTools/bin/../lib/gcc/arm-atollic-eabi/6.3.1/../../../../arm-atollic-eabi/lib/armv7e-m/fpu/libc_nano.a(lib_a-nano-svfprintf.o)
 .rodata._printf_i.str1.1
                0x0000000008002294       0x22 /opt/Atollic_TrueSTUDIO_for_ARM_x86_64_8.1.0/ARMTools/bin/../lib/gcc/arm-atollic-eabi/6.3.1/../../../../arm-atollic-eabi/lib/armv7e-m/fpu/libc_nano.a(lib_a-nano-vfprintf_i.o)
                0x00000000080022b8                . = ALIGN (0x4)
 *fill*         0x00000000080022b6        0x2 

.ARM.extab
 *(.ARM.extab* .gnu.linkonce.armextab.*)

.ARM            0x00000000080022b8        0x8
                0x00000000080022b8                __exidx_start = .
 *(.ARM.exidx*)
 .ARM.exidx     0x00000000080022b8        0x8 /opt/Atollic_TrueSTUDIO_for_ARM_x86_64_8.1.0/ARMTools/bin/../lib/gcc/arm-atollic-eabi/6.3.1/armv7e-m/fpu/libgcc.a(_udivmoddi4.o)
                0x00000000080022c0                __exidx_end = .

.rel.dyn        0x00000000080022c0        0x0
 .rel.iplt      0x00000000080022c0        0x0 /opt/Atollic_TrueSTUDIO_for_ARM_x86_64_8.1.0/ARMTools/bin/../lib/gcc/arm-atollic-eabi/6.3.1/armv7e-m/fpu/crtbegin.o

.preinit_array  0x00000000080022c0        0x0
                0x00000000080022c0                PROVIDE (__preinit_array_start, .)
 *(.preinit_array*)
                0x00000000080022c0                PROVIDE (__preinit_array_end, .)

.init_array     0x00000000080022c0        0x4
                0x00000000080022c0                PROVIDE (__init_array_start, .)
 *(SORT(.init_array.*))
 *(.init_array*)
 .init_array    0x00000000080022c0        0x4 /opt/Atollic_TrueSTUDIO_for_ARM_x86_64_8.1.0/ARMTools/bin/../lib/gcc/arm-atollic-eabi/6.3.1/armv7e-m/fpu/crtbegin.o
                0x00000000080022c4                PROVIDE (__init_array_end, .)

.fini_array     0x00000000080022c4        0x4
                [!provide]                        PROVIDE (__fini_array_start, .)
 *(SORT(.fini_array.*))
 *(.fini_array*)
 .fini_array    0x00000000080022c4        0x4 /opt/Atollic_TrueSTUDIO_for_ARM_x86_64_8.1.0/ARMTools/bin/../lib/gcc/arm-atollic-eabi/6.3.1/armv7e-m/fpu/crtbegin.o
                [!provide]                        PROVIDE (__fini_array_end, .)
                0x00000000080022c8                _sidata = LOADADDR (.data)

.data           0x0000000020000000       0x68 load address 0x00000000080022c8
                0x0000000020000000                . = ALIGN (0x4)
                0x0000000020000000                _sdata = .
 *(.data)
 *(.data*)
 .data.SystemCoreClock
                0x0000000020000000        0x4 Src/system_stm32f3xx.o
                0x0000000020000000                SystemCoreClock
 .data._impure_ptr
                0x0000000020000004        0x4 /opt/Atollic_TrueSTUDIO_for_ARM_x86_64_8.1.0/ARMTools/bin/../lib/gcc/arm-atollic-eabi/6.3.1/../../../../arm-atollic-eabi/lib/armv7e-m/fpu/libc_nano.a(lib_a-impure.o)
                0x0000000020000004                _impure_ptr
 .data.impure_data
                0x0000000020000008       0x60 /opt/Atollic_TrueSTUDIO_for_ARM_x86_64_8.1.0/ARMTools/bin/../lib/gcc/arm-atollic-eabi/6.3.1/../../../../arm-atollic-eabi/lib/armv7e-m/fpu/libc_nano.a(lib_a-impure.o)
                0x0000000020000068                . = ALIGN (0x4)
                0x0000000020000068                _edata = .
                0x0000000008002330                _siccmram = LOADADDR (.ccmram)

.igot.plt       0x0000000020000068        0x0 load address 0x0000000008002330
 .igot.plt      0x0000000020000068        0x0 /opt/Atollic_TrueSTUDIO_for_ARM_x86_64_8.1.0/ARMTools/bin/../lib/gcc/arm-atollic-eabi/6.3.1/armv7e-m/fpu/crtbegin.o

.ccmram         0x0000000010000000        0x0 load address 0x0000000008002330
                0x0000000010000000                . = ALIGN (0x4)
                0x0000000010000000                _sccmram = .
 *(.ccmram)
 *(.ccmram*)
                0x0000000010000000                . = ALIGN (0x4)
                0x0000000010000000                _eccmram = .
                0x0000000010000000                . = ALIGN (0x4)

.bss            0x0000000020000068       0x3c
                0x0000000020000068                _sbss = .
                0x0000000020000068                __bss_start__ = _sbss
 *(.bss)
 .bss           0x0000000020000068       0x1c /opt/Atollic_TrueSTUDIO_for_ARM_x86_64_8.1.0/ARMTools/bin/../lib/gcc/arm-atollic-eabi/6.3.1/armv7e-m/fpu/crtbegin.o
 *(.bss*)
 .bss.__malloc_free_list
                0x0000000020000084        0x4 /opt/Atollic_TrueSTUDIO_for_ARM_x86_64_8.1.0/ARMTools/bin/../lib/gcc/arm-atollic-eabi/6.3.1/../../../../arm-atollic-eabi/lib/armv7e-m/fpu/libc_nano.a(lib_a-nano-mallocr.o)
                0x0000000020000084                __malloc_free_list
 .bss.__malloc_sbrk_start
                0x0000000020000088        0x4 /opt/Atollic_TrueSTUDIO_for_ARM_x86_64_8.1.0/ARMTools/bin/../lib/gcc/arm-atollic-eabi/6.3.1/../../../../arm-atollic-eabi/lib/armv7e-m/fpu/libc_nano.a(lib_a-nano-mallocr.o)
                0x0000000020000088                __malloc_sbrk_start
 .bss.heap_end.5239
                0x000000002000008c        0x4 /opt/Atollic_TrueSTUDIO_for_ARM_x86_64_8.1.0/ARMTools/bin/../lib/gcc/arm-atollic-eabi/6.3.1/../../../../arm-atollic-eabi/lib/armv7e-m/fpu/libnosys.a(sbrk.o)
 *(COMMON)
 COMMON         0x0000000020000090        0x4 Drivers/STM32F3xx_HAL_Driver/Src/stm32f3xx_hal.o
                0x0000000020000090                uwTick
 *fill*         0x0000000020000094        0x4 
 COMMON         0x0000000020000098        0x8 Src/main.o
                0x0000000020000098                timer
 COMMON         0x00000000200000a0        0x4 /opt/Atollic_TrueSTUDIO_for_ARM_x86_64_8.1.0/ARMTools/bin/../lib/gcc/arm-atollic-eabi/6.3.1/../../../../arm-atollic-eabi/lib/armv7e-m/fpu/libc_nano.a(lib_a-reent.o)
                0x00000000200000a0                errno
                0x00000000200000a4                . = ALIGN (0x4)
                0x00000000200000a4                _ebss = .
                0x00000000200000a4                __bss_end__ = _ebss

._user_heap_stack
                0x00000000200000a4      0x600
                0x00000000200000a4                . = ALIGN (0x4)
                0x00000000200000a4                PROVIDE (end, .)
                [!provide]                        PROVIDE (_end, .)
                0x00000000200002a4                . = (. + _Min_Heap_Size)
 *fill*         0x00000000200000a4      0x200 
                0x00000000200006a4                . = (. + _Min_Stack_Size)
 *fill*         0x00000000200002a4      0x400 
                0x00000000200006a4                . = ALIGN (0x4)

/DISCARD/
 libc.a(*)
 libm.a(*)
 libgcc.a(*)

.ARM.attributes
                0x0000000000000000       0x30
 *(.ARM.attributes)
 .ARM.attributes
                0x0000000000000000       0x22 /opt/Atollic_TrueSTUDIO_for_ARM_x86_64_8.1.0/ARMTools/bin/../lib/gcc/arm-atollic-eabi/6.3.1/armv7e-m/fpu/crti.o
 .ARM.attributes
                0x0000000000000022       0x34 /opt/Atollic_TrueSTUDIO_for_ARM_x86_64_8.1.0/ARMTools/bin/../lib/gcc/arm-atollic-eabi/6.3.1/armv7e-m/fpu/crtbegin.o
 .ARM.attributes
                0x0000000000000056       0x21 Drivers/CMSIS/Device/ST/STM32F3xx/Source/Templates/gcc/startup_stm32f303xc.o
 .ARM.attributes
                0x0000000000000077       0x39 Drivers/STM32F3xx_HAL_Driver/Src/stm32f3xx_hal.o
 .ARM.attributes
                0x00000000000000b0       0x39 Drivers/STM32F3xx_HAL_Driver/Src/stm32f3xx_hal_cortex.o
 .ARM.attributes
                0x00000000000000e9       0x39 Drivers/STM32F3xx_HAL_Driver/Src/stm32f3xx_hal_gpio.o
 .ARM.attributes
                0x0000000000000122       0x39 Drivers/STM32F3xx_HAL_Driver/Src/stm32f3xx_hal_pwr_ex.o
 .ARM.attributes
                0x000000000000015b       0x39 Drivers/STM32F3xx_HAL_Driver/Src/stm32f3xx_hal_rcc.o
 .ARM.attributes
                0x0000000000000194       0x39 Src/HD44780_F3.o
 .ARM.attributes
                0x00000000000001cd       0x39 Src/dwt_stm32_delay.o
 .ARM.attributes
                0x0000000000000206       0x39 Src/main.o
 .ARM.attributes
                0x000000000000023f       0x39 Src/stm32f3xx_hal_msp.o
 .ARM.attributes
                0x0000000000000278       0x39 Src/stm32f3xx_it.o
 .ARM.attributes
                0x00000000000002b1       0x39 Src/system_stm32f3xx.o
 .ARM.attributes
                0x00000000000002ea       0x34 /opt/Atollic_TrueSTUDIO_for_ARM_x86_64_8.1.0/ARMTools/bin/../lib/gcc/arm-atollic-eabi/6.3.1/../../../../arm-atollic-eabi/lib/armv7e-m/fpu/libc_nano.a(lib_a-init.o)
 .ARM.attributes
                0x000000000000031e       0x34 /opt/Atollic_TrueSTUDIO_for_ARM_x86_64_8.1.0/ARMTools/bin/../lib/gcc/arm-atollic-eabi/6.3.1/../../../../arm-atollic-eabi/lib/armv7e-m/fpu/libc_nano.a(lib_a-sprintf.o)
 .ARM.attributes
                0x0000000000000352       0x34 /opt/Atollic_TrueSTUDIO_for_ARM_x86_64_8.1.0/ARMTools/bin/../lib/gcc/arm-atollic-eabi/6.3.1/../../../../arm-atollic-eabi/lib/armv7e-m/fpu/libc_nano.a(lib_a-impure.o)
 .ARM.attributes
                0x0000000000000386       0x34 /opt/Atollic_TrueSTUDIO_for_ARM_x86_64_8.1.0/ARMTools/bin/../lib/gcc/arm-atollic-eabi/6.3.1/../../../../arm-atollic-eabi/lib/armv7e-m/fpu/libc_nano.a(lib_a-nano-svfprintf.o)
 .ARM.attributes
                0x00000000000003ba       0x34 /opt/Atollic_TrueSTUDIO_for_ARM_x86_64_8.1.0/ARMTools/bin/../lib/gcc/arm-atollic-eabi/6.3.1/../../../../arm-atollic-eabi/lib/armv7e-m/fpu/libc_nano.a(lib_a-nano-vfprintf_i.o)
 .ARM.attributes
                0x00000000000003ee       0x20 /opt/Atollic_TrueSTUDIO_for_ARM_x86_64_8.1.0/ARMTools/bin/../lib/gcc/arm-atollic-eabi/6.3.1/../../../../arm-atollic-eabi/lib/armv7e-m/fpu/libc_nano.a(lib_a-memchr.o)
 .ARM.attributes
                0x000000000000040e       0x34 /opt/Atollic_TrueSTUDIO_for_ARM_x86_64_8.1.0/ARMTools/bin/../lib/gcc/arm-atollic-eabi/6.3.1/../../../../arm-atollic-eabi/lib/armv7e-m/fpu/libc_nano.a(lib_a-memcpy-stub.o)
 .ARM.attributes
                0x0000000000000442       0x34 /opt/Atollic_TrueSTUDIO_for_ARM_x86_64_8.1.0/ARMTools/bin/../lib/gcc/arm-atollic-eabi/6.3.1/../../../../arm-atollic-eabi/lib/armv7e-m/fpu/libc_nano.a(lib_a-memmove.o)
 .ARM.attributes
                0x0000000000000476       0x34 /opt/Atollic_TrueSTUDIO_for_ARM_x86_64_8.1.0/ARMTools/bin/../lib/gcc/arm-atollic-eabi/6.3.1/../../../../arm-atollic-eabi/lib/armv7e-m/fpu/libc_nano.a(lib_a-nano-freer.o)
 .ARM.attributes
                0x00000000000004aa       0x34 /opt/Atollic_TrueSTUDIO_for_ARM_x86_64_8.1.0/ARMTools/bin/../lib/gcc/arm-atollic-eabi/6.3.1/../../../../arm-atollic-eabi/lib/armv7e-m/fpu/libc_nano.a(lib_a-nano-mallocr.o)
 .ARM.attributes
                0x00000000000004de       0x34 /opt/Atollic_TrueSTUDIO_for_ARM_x86_64_8.1.0/ARMTools/bin/../lib/gcc/arm-atollic-eabi/6.3.1/../../../../arm-atollic-eabi/lib/armv7e-m/fpu/libc_nano.a(lib_a-nano-reallocr.o)
 .ARM.attributes
                0x0000000000000512       0x34 /opt/Atollic_TrueSTUDIO_for_ARM_x86_64_8.1.0/ARMTools/bin/../lib/gcc/arm-atollic-eabi/6.3.1/../../../../arm-atollic-eabi/lib/armv7e-m/fpu/libc_nano.a(lib_a-sbrkr.o)
 .ARM.attributes
                0x0000000000000546       0x34 /opt/Atollic_TrueSTUDIO_for_ARM_x86_64_8.1.0/ARMTools/bin/../lib/gcc/arm-atollic-eabi/6.3.1/../../../../arm-atollic-eabi/lib/armv7e-m/fpu/libc_nano.a(lib_a-mlock.o)
 .ARM.attributes
                0x000000000000057a       0x34 /opt/Atollic_TrueSTUDIO_for_ARM_x86_64_8.1.0/ARMTools/bin/../lib/gcc/arm-atollic-eabi/6.3.1/../../../../arm-atollic-eabi/lib/armv7e-m/fpu/libc_nano.a(lib_a-nano-msizer.o)
 .ARM.attributes
                0x00000000000005ae       0x34 /opt/Atollic_TrueSTUDIO_for_ARM_x86_64_8.1.0/ARMTools/bin/../lib/gcc/arm-atollic-eabi/6.3.1/../../../../arm-atollic-eabi/lib/armv7e-m/fpu/libc_nano.a(lib_a-reent.o)
 .ARM.attributes
                0x00000000000005e2       0x22 /opt/Atollic_TrueSTUDIO_for_ARM_x86_64_8.1.0/ARMTools/bin/../lib/gcc/arm-atollic-eabi/6.3.1/armv7e-m/fpu/libgcc.a(_aeabi_uldivmod.o)
 .ARM.attributes
                0x0000000000000604       0x34 /opt/Atollic_TrueSTUDIO_for_ARM_x86_64_8.1.0/ARMTools/bin/../lib/gcc/arm-atollic-eabi/6.3.1/armv7e-m/fpu/libgcc.a(_udivmoddi4.o)
 .ARM.attributes
                0x0000000000000638       0x22 /opt/Atollic_TrueSTUDIO_for_ARM_x86_64_8.1.0/ARMTools/bin/../lib/gcc/arm-atollic-eabi/6.3.1/armv7e-m/fpu/libgcc.a(_dvmd_tls.o)
 .ARM.attributes
                0x000000000000065a       0x34 /opt/Atollic_TrueSTUDIO_for_ARM_x86_64_8.1.0/ARMTools/bin/../lib/gcc/arm-atollic-eabi/6.3.1/../../../../arm-atollic-eabi/lib/armv7e-m/fpu/libnosys.a(sbrk.o)
 .ARM.attributes
                0x000000000000068e       0x22 /opt/Atollic_TrueSTUDIO_for_ARM_x86_64_8.1.0/ARMTools/bin/../lib/gcc/arm-atollic-eabi/6.3.1/armv7e-m/fpu/crtn.o
OUTPUT(gpio_set_interrupt.elf elf32-littlearm)

.debug_line     0x0000000000000000     0x2adb
 .debug_line    0x0000000000000000       0xae Drivers/CMSIS/Device/ST/STM32F3xx/Source/Templates/gcc/startup_stm32f303xc.o
 .debug_line    0x00000000000000ae      0x3d9 Drivers/STM32F3xx_HAL_Driver/Src/stm32f3xx_hal.o
 .debug_line    0x0000000000000487      0x48c Drivers/STM32F3xx_HAL_Driver/Src/stm32f3xx_hal_cortex.o
 .debug_line    0x0000000000000913      0x446 Drivers/STM32F3xx_HAL_Driver/Src/stm32f3xx_hal_gpio.o
 .debug_line    0x0000000000000d59      0x2eb Drivers/STM32F3xx_HAL_Driver/Src/stm32f3xx_hal_pwr_ex.o
 .debug_line    0x0000000000001044      0x80c Drivers/STM32F3xx_HAL_Driver/Src/stm32f3xx_hal_rcc.o
 .debug_line    0x0000000000001850      0x44d Src/HD44780_F3.o
 .debug_line    0x0000000000001c9d      0x222 Src/dwt_stm32_delay.o
 .debug_line    0x0000000000001ebf      0x449 Src/main.o
 .debug_line    0x0000000000002308      0x279 Src/stm32f3xx_hal_msp.o
 .debug_line    0x0000000000002581      0x2f0 Src/stm32f3xx_it.o
 .debug_line    0x0000000000002871      0x26a Src/system_stm32f3xx.o

.debug_info     0x0000000000000000     0xbc4c
 .debug_info    0x0000000000000000       0xb3 Drivers/CMSIS/Device/ST/STM32F3xx/Source/Templates/gcc/startup_stm32f303xc.o
 .debug_info    0x00000000000000b3      0xf69 Drivers/STM32F3xx_HAL_Driver/Src/stm32f3xx_hal.o
 .debug_info    0x000000000000101c     0x1680 Drivers/STM32F3xx_HAL_Driver/Src/stm32f3xx_hal_cortex.o
 .debug_info    0x000000000000269c      0xeed Drivers/STM32F3xx_HAL_Driver/Src/stm32f3xx_hal_gpio.o
 .debug_info    0x0000000000003589      0xafb Drivers/STM32F3xx_HAL_Driver/Src/stm32f3xx_hal_pwr_ex.o
 .debug_info    0x0000000000004084     0x1b02 Drivers/STM32F3xx_HAL_Driver/Src/stm32f3xx_hal_rcc.o
 .debug_info    0x0000000000005b86     0x1321 Src/HD44780_F3.o
 .debug_info    0x0000000000006ea7      0xaf4 Src/dwt_stm32_delay.o
 .debug_info    0x000000000000799b     0x1cad Src/main.o
 .debug_info    0x0000000000009648      0xd2f Src/stm32f3xx_hal_msp.o
 .debug_info    0x000000000000a377      0xcaa Src/stm32f3xx_it.o
 .debug_info    0x000000000000b021      0xc2b Src/system_stm32f3xx.o

.debug_abbrev   0x0000000000000000     0x1b4b
 .debug_abbrev  0x0000000000000000       0x12 Drivers/CMSIS/Device/ST/STM32F3xx/Source/Templates/gcc/startup_stm32f303xc.o
 .debug_abbrev  0x0000000000000012      0x2a4 Drivers/STM32F3xx_HAL_Driver/Src/stm32f3xx_hal.o
 .debug_abbrev  0x00000000000002b6      0x37d Drivers/STM32F3xx_HAL_Driver/Src/stm32f3xx_hal_cortex.o
 .debug_abbrev  0x0000000000000633      0x268 Drivers/STM32F3xx_HAL_Driver/Src/stm32f3xx_hal_gpio.o
 .debug_abbrev  0x000000000000089b      0x1da Drivers/STM32F3xx_HAL_Driver/Src/stm32f3xx_hal_pwr_ex.o
 .debug_abbrev  0x0000000000000a75      0x352 Drivers/STM32F3xx_HAL_Driver/Src/stm32f3xx_hal_rcc.o
 .debug_abbrev  0x0000000000000dc7      0x31f Src/HD44780_F3.o
 .debug_abbrev  0x00000000000010e6      0x187 Src/dwt_stm32_delay.o
 .debug_abbrev  0x000000000000126d      0x31a Src/main.o
 .debug_abbrev  0x0000000000001587      0x1f5 Src/stm32f3xx_hal_msp.o
 .debug_abbrev  0x000000000000177c      0x205 Src/stm32f3xx_it.o
 .debug_abbrev  0x0000000000001981      0x1ca Src/system_stm32f3xx.o

.debug_aranges  0x0000000000000000      0x3d8
 .debug_aranges
                0x0000000000000000       0x28 Drivers/CMSIS/Device/ST/STM32F3xx/Source/Templates/gcc/startup_stm32f303xc.o
 .debug_aranges
                0x0000000000000028       0xa8 Drivers/STM32F3xx_HAL_Driver/Src/stm32f3xx_hal.o
 .debug_aranges
                0x00000000000000d0       0x98 Drivers/STM32F3xx_HAL_Driver/Src/stm32f3xx_hal_cortex.o
 .debug_aranges
                0x0000000000000168       0x58 Drivers/STM32F3xx_HAL_Driver/Src/stm32f3xx_hal_gpio.o
 .debug_aranges
                0x00000000000001c0       0x40 Drivers/STM32F3xx_HAL_Driver/Src/stm32f3xx_hal_pwr_ex.o
 .debug_aranges
                0x0000000000000200       0x88 Drivers/STM32F3xx_HAL_Driver/Src/stm32f3xx_hal_rcc.o
 .debug_aranges
                0x0000000000000288       0x78 Src/HD44780_F3.o
 .debug_aranges
                0x0000000000000300       0x20 Src/dwt_stm32_delay.o
 .debug_aranges
                0x0000000000000320       0x38 Src/main.o
 .debug_aranges
                0x0000000000000358       0x20 Src/stm32f3xx_hal_msp.o
 .debug_aranges
                0x0000000000000378       0x38 Src/stm32f3xx_it.o
 .debug_aranges
                0x00000000000003b0       0x28 Src/system_stm32f3xx.o

.debug_ranges   0x0000000000000000      0x5f0
 .debug_ranges  0x0000000000000000       0x20 Drivers/CMSIS/Device/ST/STM32F3xx/Source/Templates/gcc/startup_stm32f303xc.o
 .debug_ranges  0x0000000000000020       0x98 Drivers/STM32F3xx_HAL_Driver/Src/stm32f3xx_hal.o
 .debug_ranges  0x00000000000000b8      0x128 Drivers/STM32F3xx_HAL_Driver/Src/stm32f3xx_hal_cortex.o
 .debug_ranges  0x00000000000001e0       0x68 Drivers/STM32F3xx_HAL_Driver/Src/stm32f3xx_hal_gpio.o
 .debug_ranges  0x0000000000000248       0x30 Drivers/STM32F3xx_HAL_Driver/Src/stm32f3xx_hal_pwr_ex.o
 .debug_ranges  0x0000000000000278      0x1e8 Drivers/STM32F3xx_HAL_Driver/Src/stm32f3xx_hal_rcc.o
 .debug_ranges  0x0000000000000460       0xb0 Src/HD44780_F3.o
 .debug_ranges  0x0000000000000510       0x10 Src/dwt_stm32_delay.o
 .debug_ranges  0x0000000000000520       0x60 Src/main.o
 .debug_ranges  0x0000000000000580       0x30 Src/stm32f3xx_hal_msp.o
 .debug_ranges  0x00000000000005b0       0x28 Src/stm32f3xx_it.o
 .debug_ranges  0x00000000000005d8       0x18 Src/system_stm32f3xx.o

.debug_loc      0x0000000000000000     0x141b
 .debug_loc     0x0000000000000000       0x4b Drivers/STM32F3xx_HAL_Driver/Src/stm32f3xx_hal.o
 .debug_loc     0x000000000000004b      0x4da Drivers/STM32F3xx_HAL_Driver/Src/stm32f3xx_hal_cortex.o
 .debug_loc     0x0000000000000525      0x2b9 Drivers/STM32F3xx_HAL_Driver/Src/stm32f3xx_hal_gpio.o
 .debug_loc     0x00000000000007de       0x21 Drivers/STM32F3xx_HAL_Driver/Src/stm32f3xx_hal_pwr_ex.o
 .debug_loc     0x00000000000007ff      0x866 Drivers/STM32F3xx_HAL_Driver/Src/stm32f3xx_hal_rcc.o
 .debug_loc     0x0000000000001065      0x278 Src/HD44780_F3.o
 .debug_loc     0x00000000000012dd       0x5c Src/main.o
 .debug_loc     0x0000000000001339       0xe2 Src/system_stm32f3xx.o

.debug_str      0x0000000000000000     0x1a18
 .debug_str     0x0000000000000000      0xcb4 Drivers/STM32F3xx_HAL_Driver/Src/stm32f3xx_hal.o
                                        0xd5c (size before relaxing)
 .debug_str     0x0000000000000cb4      0x3dd Drivers/STM32F3xx_HAL_Driver/Src/stm32f3xx_hal_cortex.o
                                        0xfb0 (size before relaxing)
 .debug_str     0x0000000000001091      0x1f3 Drivers/STM32F3xx_HAL_Driver/Src/stm32f3xx_hal_gpio.o
                                        0x8e6 (size before relaxing)
 .debug_str     0x0000000000001284       0xcc Drivers/STM32F3xx_HAL_Driver/Src/stm32f3xx_hal_pwr_ex.o
                                        0x75c (size before relaxing)
 .debug_str     0x0000000000001350      0x310 Drivers/STM32F3xx_HAL_Driver/Src/stm32f3xx_hal_rcc.o
                                        0xacc (size before relaxing)
 .debug_str     0x0000000000001660      0x145 Src/HD44780_F3.o
                                        0x8a8 (size before relaxing)
 .debug_str     0x00000000000017a5       0xe2 Src/dwt_stm32_delay.o
                                        0x73c (size before relaxing)
 .debug_str     0x0000000000001887       0xca Src/main.o
                                        0xf1c (size before relaxing)
 .debug_str     0x0000000000001951       0x1b Src/stm32f3xx_hal_msp.o
                                        0xb2f (size before relaxing)
 .debug_str     0x000000000000196c       0x52 Src/stm32f3xx_it.o
                                        0x824 (size before relaxing)
 .debug_str     0x00000000000019be       0x5a Src/system_stm32f3xx.o
                                        0x742 (size before relaxing)

.comment        0x0000000000000000       0x7c
 .comment       0x0000000000000000       0x7c Drivers/STM32F3xx_HAL_Driver/Src/stm32f3xx_hal.o
                                         0x7d (size before relaxing)
 .comment       0x000000000000007c       0x7d Drivers/STM32F3xx_HAL_Driver/Src/stm32f3xx_hal_cortex.o
 .comment       0x000000000000007c       0x7d Drivers/STM32F3xx_HAL_Driver/Src/stm32f3xx_hal_gpio.o
 .comment       0x000000000000007c       0x7d Drivers/STM32F3xx_HAL_Driver/Src/stm32f3xx_hal_pwr_ex.o
 .comment       0x000000000000007c       0x7d Drivers/STM32F3xx_HAL_Driver/Src/stm32f3xx_hal_rcc.o
 .comment       0x000000000000007c       0x7d Src/HD44780_F3.o
 .comment       0x000000000000007c       0x7d Src/dwt_stm32_delay.o
 .comment       0x000000000000007c       0x7d Src/main.o
 .comment       0x000000000000007c       0x7d Src/stm32f3xx_hal_msp.o
 .comment       0x000000000000007c       0x7d Src/stm32f3xx_it.o
 .comment       0x000000000000007c       0x7d Src/system_stm32f3xx.o

.debug_frame    0x0000000000000000      0xb88
 .debug_frame   0x0000000000000000      0x164 Drivers/STM32F3xx_HAL_Driver/Src/stm32f3xx_hal.o
 .debug_frame   0x0000000000000164      0x138 Drivers/STM32F3xx_HAL_Driver/Src/stm32f3xx_hal_cortex.o
 .debug_frame   0x000000000000029c       0xd4 Drivers/STM32F3xx_HAL_Driver/Src/stm32f3xx_hal_gpio.o
 .debug_frame   0x0000000000000370       0x68 Drivers/STM32F3xx_HAL_Driver/Src/stm32f3xx_hal_pwr_ex.o
 .debug_frame   0x00000000000003d8      0x13c Drivers/STM32F3xx_HAL_Driver/Src/stm32f3xx_hal_rcc.o
 .debug_frame   0x0000000000000514      0x128 Src/HD44780_F3.o
 .debug_frame   0x000000000000063c       0x20 Src/dwt_stm32_delay.o
 .debug_frame   0x000000000000065c       0x80 Src/main.o
 .debug_frame   0x00000000000006dc       0x28 Src/stm32f3xx_hal_msp.o
 .debug_frame   0x0000000000000704       0x78 Src/stm32f3xx_it.o
 .debug_frame   0x000000000000077c       0x38 Src/system_stm32f3xx.o
 .debug_frame   0x00000000000007b4       0x2c /opt/Atollic_TrueSTUDIO_for_ARM_x86_64_8.1.0/ARMTools/bin/../lib/gcc/arm-atollic-eabi/6.3.1/../../../../arm-atollic-eabi/lib/armv7e-m/fpu/libc_nano.a(lib_a-init.o)
 .debug_frame   0x00000000000007e0       0x70 /opt/Atollic_TrueSTUDIO_for_ARM_x86_64_8.1.0/ARMTools/bin/../lib/gcc/arm-atollic-eabi/6.3.1/../../../../arm-atollic-eabi/lib/armv7e-m/fpu/libc_nano.a(lib_a-sprintf.o)
 .debug_frame   0x0000000000000850       0x90 /opt/Atollic_TrueSTUDIO_for_ARM_x86_64_8.1.0/ARMTools/bin/../lib/gcc/arm-atollic-eabi/6.3.1/../../../../arm-atollic-eabi/lib/armv7e-m/fpu/libc_nano.a(lib_a-nano-svfprintf.o)
 .debug_frame   0x00000000000008e0       0x60 /opt/Atollic_TrueSTUDIO_for_ARM_x86_64_8.1.0/ARMTools/bin/../lib/gcc/arm-atollic-eabi/6.3.1/../../../../arm-atollic-eabi/lib/armv7e-m/fpu/libc_nano.a(lib_a-nano-vfprintf_i.o)
 .debug_frame   0x0000000000000940       0x28 /opt/Atollic_TrueSTUDIO_for_ARM_x86_64_8.1.0/ARMTools/bin/../lib/gcc/arm-atollic-eabi/6.3.1/../../../../arm-atollic-eabi/lib/armv7e-m/fpu/libc_nano.a(lib_a-memcpy-stub.o)
 .debug_frame   0x0000000000000968       0x28 /opt/Atollic_TrueSTUDIO_for_ARM_x86_64_8.1.0/ARMTools/bin/../lib/gcc/arm-atollic-eabi/6.3.1/../../../../arm-atollic-eabi/lib/armv7e-m/fpu/libc_nano.a(lib_a-memmove.o)
 .debug_frame   0x0000000000000990       0x38 /opt/Atollic_TrueSTUDIO_for_ARM_x86_64_8.1.0/ARMTools/bin/../lib/gcc/arm-atollic-eabi/6.3.1/../../../../arm-atollic-eabi/lib/armv7e-m/fpu/libc_nano.a(lib_a-nano-freer.o)
 .debug_frame   0x00000000000009c8       0x2c /opt/Atollic_TrueSTUDIO_for_ARM_x86_64_8.1.0/ARMTools/bin/../lib/gcc/arm-atollic-eabi/6.3.1/../../../../arm-atollic-eabi/lib/armv7e-m/fpu/libc_nano.a(lib_a-nano-mallocr.o)
 .debug_frame   0x00000000000009f4       0x3c /opt/Atollic_TrueSTUDIO_for_ARM_x86_64_8.1.0/ARMTools/bin/../lib/gcc/arm-atollic-eabi/6.3.1/../../../../arm-atollic-eabi/lib/armv7e-m/fpu/libc_nano.a(lib_a-nano-reallocr.o)
 .debug_frame   0x0000000000000a30       0x2c /opt/Atollic_TrueSTUDIO_for_ARM_x86_64_8.1.0/ARMTools/bin/../lib/gcc/arm-atollic-eabi/6.3.1/../../../../arm-atollic-eabi/lib/armv7e-m/fpu/libc_nano.a(lib_a-sbrkr.o)
 .debug_frame   0x0000000000000a5c       0x30 /opt/Atollic_TrueSTUDIO_for_ARM_x86_64_8.1.0/ARMTools/bin/../lib/gcc/arm-atollic-eabi/6.3.1/../../../../arm-atollic-eabi/lib/armv7e-m/fpu/libc_nano.a(lib_a-mlock.o)
 .debug_frame   0x0000000000000a8c       0x20 /opt/Atollic_TrueSTUDIO_for_ARM_x86_64_8.1.0/ARMTools/bin/../lib/gcc/arm-atollic-eabi/6.3.1/../../../../arm-atollic-eabi/lib/armv7e-m/fpu/libc_nano.a(lib_a-nano-msizer.o)
 .debug_frame   0x0000000000000aac       0x5c /opt/Atollic_TrueSTUDIO_for_ARM_x86_64_8.1.0/ARMTools/bin/../lib/gcc/arm-atollic-eabi/6.3.1/../../../../arm-atollic-eabi/lib/armv7e-m/fpu/libc_nano.a(lib_a-reent.o)
 .debug_frame   0x0000000000000b08       0x2c /opt/Atollic_TrueSTUDIO_for_ARM_x86_64_8.1.0/ARMTools/bin/../lib/gcc/arm-atollic-eabi/6.3.1/armv7e-m/fpu/libgcc.a(_aeabi_uldivmod.o)
 .debug_frame   0x0000000000000b34       0x34 /opt/Atollic_TrueSTUDIO_for_ARM_x86_64_8.1.0/ARMTools/bin/../lib/gcc/arm-atollic-eabi/6.3.1/armv7e-m/fpu/libgcc.a(_udivmoddi4.o)
 .debug_frame   0x0000000000000b68       0x20 /opt/Atollic_TrueSTUDIO_for_ARM_x86_64_8.1.0/ARMTools/bin/../lib/gcc/arm-atollic-eabi/6.3.1/../../../../arm-atollic-eabi/lib/armv7e-m/fpu/libnosys.a(sbrk.o)

Cross Reference Table

Symbol                                            File
ADC1_2_IRQHandler                                 Drivers/CMSIS/Device/ST/STM32F3xx/Source/Templates/gcc/startup_stm32f303xc.o
ADC3_IRQHandler                                   Drivers/CMSIS/Device/ST/STM32F3xx/Source/Templates/gcc/startup_stm32f303xc.o
ADC4_IRQHandler                                   Drivers/CMSIS/Device/ST/STM32F3xx/Source/Templates/gcc/startup_stm32f303xc.o
AHBPrescTable                                     Src/system_stm32f3xx.o
                                                  Drivers/STM32F3xx_HAL_Driver/Src/stm32f3xx_hal_rcc.o
APBPrescTable                                     Src/system_stm32f3xx.o
                                                  Drivers/STM32F3xx_HAL_Driver/Src/stm32f3xx_hal_rcc.o
BusFault_Handler                                  Drivers/CMSIS/Device/ST/STM32F3xx/Source/Templates/gcc/startup_stm32f303xc.o
CAN_RX1_IRQHandler                                Drivers/CMSIS/Device/ST/STM32F3xx/Source/Templates/gcc/startup_stm32f303xc.o
CAN_SCE_IRQHandler                                Drivers/CMSIS/Device/ST/STM32F3xx/Source/Templates/gcc/startup_stm32f303xc.o
COMP1_2_3_IRQHandler                              Drivers/CMSIS/Device/ST/STM32F3xx/Source/Templates/gcc/startup_stm32f303xc.o
COMP4_5_6_IRQHandler                              Drivers/CMSIS/Device/ST/STM32F3xx/Source/Templates/gcc/startup_stm32f303xc.o
COMP7_IRQHandler                                  Drivers/CMSIS/Device/ST/STM32F3xx/Source/Templates/gcc/startup_stm32f303xc.o
DMA1_Channel1_IRQHandler                          Drivers/CMSIS/Device/ST/STM32F3xx/Source/Templates/gcc/startup_stm32f303xc.o
DMA1_Channel2_IRQHandler                          Drivers/CMSIS/Device/ST/STM32F3xx/Source/Templates/gcc/startup_stm32f303xc.o
DMA1_Channel3_IRQHandler                          Drivers/CMSIS/Device/ST/STM32F3xx/Source/Templates/gcc/startup_stm32f303xc.o
DMA1_Channel4_IRQHandler                          Drivers/CMSIS/Device/ST/STM32F3xx/Source/Templates/gcc/startup_stm32f303xc.o
DMA1_Channel5_IRQHandler                          Drivers/CMSIS/Device/ST/STM32F3xx/Source/Templates/gcc/startup_stm32f303xc.o
DMA1_Channel6_IRQHandler                          Drivers/CMSIS/Device/ST/STM32F3xx/Source/Templates/gcc/startup_stm32f303xc.o
DMA1_Channel7_IRQHandler                          Drivers/CMSIS/Device/ST/STM32F3xx/Source/Templates/gcc/startup_stm32f303xc.o
DMA2_Channel1_IRQHandler                          Drivers/CMSIS/Device/ST/STM32F3xx/Source/Templates/gcc/startup_stm32f303xc.o
DMA2_Channel2_IRQHandler                          Drivers/CMSIS/Device/ST/STM32F3xx/Source/Templates/gcc/startup_stm32f303xc.o
DMA2_Channel3_IRQHandler                          Drivers/CMSIS/Device/ST/STM32F3xx/Source/Templates/gcc/startup_stm32f303xc.o
DMA2_Channel4_IRQHandler                          Drivers/CMSIS/Device/ST/STM32F3xx/Source/Templates/gcc/startup_stm32f303xc.o
DMA2_Channel5_IRQHandler                          Drivers/CMSIS/Device/ST/STM32F3xx/Source/Templates/gcc/startup_stm32f303xc.o
DWT_Delay_Init                                    Src/dwt_stm32_delay.o
                                                  Src/main.o
DebugMon_Handler                                  Drivers/CMSIS/Device/ST/STM32F3xx/Source/Templates/gcc/startup_stm32f303xc.o
Default_Handler                                   Drivers/CMSIS/Device/ST/STM32F3xx/Source/Templates/gcc/startup_stm32f303xc.o
EXTI0_IRQHandler                                  Src/stm32f3xx_it.o
                                                  Drivers/CMSIS/Device/ST/STM32F3xx/Source/Templates/gcc/startup_stm32f303xc.o
EXTI15_10_IRQHandler                              Drivers/CMSIS/Device/ST/STM32F3xx/Source/Templates/gcc/startup_stm32f303xc.o
EXTI1_IRQHandler                                  Drivers/CMSIS/Device/ST/STM32F3xx/Source/Templates/gcc/startup_stm32f303xc.o
EXTI2_TSC_IRQHandler                              Drivers/CMSIS/Device/ST/STM32F3xx/Source/Templates/gcc/startup_stm32f303xc.o
EXTI3_IRQHandler                                  Drivers/CMSIS/Device/ST/STM32F3xx/Source/Templates/gcc/startup_stm32f303xc.o
EXTI4_IRQHandler                                  Drivers/CMSIS/Device/ST/STM32F3xx/Source/Templates/gcc/startup_stm32f303xc.o
EXTI9_5_IRQHandler                                Drivers/CMSIS/Device/ST/STM32F3xx/Source/Templates/gcc/startup_stm32f303xc.o
Error_Handler                                     Src/main.o
FLASH_IRQHandler                                  Drivers/CMSIS/Device/ST/STM32F3xx/Source/Templates/gcc/startup_stm32f303xc.o
FLASH_PageErase                                   Drivers/STM32F3xx_HAL_Driver/Src/stm32f3xx_hal_flash_ex.o
                                                  Drivers/STM32F3xx_HAL_Driver/Src/stm32f3xx_hal_flash.o
FLASH_WaitForLastOperation                        Drivers/STM32F3xx_HAL_Driver/Src/stm32f3xx_hal_flash.o
                                                  Drivers/STM32F3xx_HAL_Driver/Src/stm32f3xx_hal_flash_ex.o
FPU_IRQHandler                                    Drivers/CMSIS/Device/ST/STM32F3xx/Source/Templates/gcc/startup_stm32f303xc.o
GPIO_ResetBits                                    Src/HD44780_F3.o
GPIO_SetBits                                      Src/HD44780_F3.o
HAL_DBGMCU_DisableDBGSleepMode                    Drivers/STM32F3xx_HAL_Driver/Src/stm32f3xx_hal.o
HAL_DBGMCU_DisableDBGStandbyMode                  Drivers/STM32F3xx_HAL_Driver/Src/stm32f3xx_hal.o
HAL_DBGMCU_DisableDBGStopMode                     Drivers/STM32F3xx_HAL_Driver/Src/stm32f3xx_hal.o
HAL_DBGMCU_EnableDBGSleepMode                     Drivers/STM32F3xx_HAL_Driver/Src/stm32f3xx_hal.o
HAL_DBGMCU_EnableDBGStandbyMode                   Drivers/STM32F3xx_HAL_Driver/Src/stm32f3xx_hal.o
HAL_DBGMCU_EnableDBGStopMode                      Drivers/STM32F3xx_HAL_Driver/Src/stm32f3xx_hal.o
HAL_DMA_Abort                                     Drivers/STM32F3xx_HAL_Driver/Src/stm32f3xx_hal_dma.o
HAL_DMA_Abort_IT                                  Drivers/STM32F3xx_HAL_Driver/Src/stm32f3xx_hal_dma.o
                                                  Drivers/STM32F3xx_HAL_Driver/Src/stm32f3xx_hal_i2c.o
HAL_DMA_DeInit                                    Drivers/STM32F3xx_HAL_Driver/Src/stm32f3xx_hal_dma.o
HAL_DMA_GetError                                  Drivers/STM32F3xx_HAL_Driver/Src/stm32f3xx_hal_dma.o
HAL_DMA_GetState                                  Drivers/STM32F3xx_HAL_Driver/Src/stm32f3xx_hal_dma.o
HAL_DMA_IRQHandler                                Drivers/STM32F3xx_HAL_Driver/Src/stm32f3xx_hal_dma.o
HAL_DMA_Init                                      Drivers/STM32F3xx_HAL_Driver/Src/stm32f3xx_hal_dma.o
HAL_DMA_PollForTransfer                           Drivers/STM32F3xx_HAL_Driver/Src/stm32f3xx_hal_dma.o
HAL_DMA_Start                                     Drivers/STM32F3xx_HAL_Driver/Src/stm32f3xx_hal_dma.o
HAL_DMA_Start_IT                                  Drivers/STM32F3xx_HAL_Driver/Src/stm32f3xx_hal_dma.o
                                                  Drivers/STM32F3xx_HAL_Driver/Src/stm32f3xx_hal_i2c.o
HAL_DeInit                                        Drivers/STM32F3xx_HAL_Driver/Src/stm32f3xx_hal.o
HAL_Delay                                         Drivers/STM32F3xx_HAL_Driver/Src/stm32f3xx_hal.o
                                                  Src/main.o
                                                  Src/HD44780_F3.o
HAL_FLASHEx_Erase                                 Drivers/STM32F3xx_HAL_Driver/Src/stm32f3xx_hal_flash_ex.o
HAL_FLASHEx_Erase_IT                              Drivers/STM32F3xx_HAL_Driver/Src/stm32f3xx_hal_flash_ex.o
HAL_FLASHEx_OBErase                               Drivers/STM32F3xx_HAL_Driver/Src/stm32f3xx_hal_flash_ex.o
HAL_FLASHEx_OBGetConfig                           Drivers/STM32F3xx_HAL_Driver/Src/stm32f3xx_hal_flash_ex.o
HAL_FLASHEx_OBGetUserData                         Drivers/STM32F3xx_HAL_Driver/Src/stm32f3xx_hal_flash_ex.o
HAL_FLASHEx_OBProgram                             Drivers/STM32F3xx_HAL_Driver/Src/stm32f3xx_hal_flash_ex.o
HAL_FLASH_EndOfOperationCallback                  Drivers/STM32F3xx_HAL_Driver/Src/stm32f3xx_hal_flash.o
HAL_FLASH_GetError                                Drivers/STM32F3xx_HAL_Driver/Src/stm32f3xx_hal_flash.o
HAL_FLASH_IRQHandler                              Drivers/STM32F3xx_HAL_Driver/Src/stm32f3xx_hal_flash.o
HAL_FLASH_Lock                                    Drivers/STM32F3xx_HAL_Driver/Src/stm32f3xx_hal_flash.o
HAL_FLASH_OB_Launch                               Drivers/STM32F3xx_HAL_Driver/Src/stm32f3xx_hal_flash.o
HAL_FLASH_OB_Lock                                 Drivers/STM32F3xx_HAL_Driver/Src/stm32f3xx_hal_flash.o
HAL_FLASH_OB_Unlock                               Drivers/STM32F3xx_HAL_Driver/Src/stm32f3xx_hal_flash.o
HAL_FLASH_OperationErrorCallback                  Drivers/STM32F3xx_HAL_Driver/Src/stm32f3xx_hal_flash.o
HAL_FLASH_Program                                 Drivers/STM32F3xx_HAL_Driver/Src/stm32f3xx_hal_flash.o
HAL_FLASH_Program_IT                              Drivers/STM32F3xx_HAL_Driver/Src/stm32f3xx_hal_flash.o
HAL_FLASH_Unlock                                  Drivers/STM32F3xx_HAL_Driver/Src/stm32f3xx_hal_flash.o
HAL_GPIO_DeInit                                   Drivers/STM32F3xx_HAL_Driver/Src/stm32f3xx_hal_gpio.o
HAL_GPIO_EXTI_Callback                            Drivers/STM32F3xx_HAL_Driver/Src/stm32f3xx_hal_gpio.o
HAL_GPIO_EXTI_IRQHandler                          Drivers/STM32F3xx_HAL_Driver/Src/stm32f3xx_hal_gpio.o
                                                  Src/stm32f3xx_it.o
HAL_GPIO_Init                                     Drivers/STM32F3xx_HAL_Driver/Src/stm32f3xx_hal_gpio.o
                                                  Src/main.o
                                                  Src/HD44780_F3.o
                                                  Drivers/STM32F3xx_HAL_Driver/Src/stm32f3xx_hal_rcc.o
HAL_GPIO_LockPin                                  Drivers/STM32F3xx_HAL_Driver/Src/stm32f3xx_hal_gpio.o
HAL_GPIO_ReadPin                                  Drivers/STM32F3xx_HAL_Driver/Src/stm32f3xx_hal_gpio.o
                                                  Src/stm32f3xx_it.o
HAL_GPIO_TogglePin                                Drivers/STM32F3xx_HAL_Driver/Src/stm32f3xx_hal_gpio.o
HAL_GPIO_WritePin                                 Drivers/STM32F3xx_HAL_Driver/Src/stm32f3xx_hal_gpio.o
                                                  Src/stm32f3xx_it.o
                                                  Src/main.o
                                                  Src/HD44780_F3.o
HAL_GetDEVID                                      Drivers/STM32F3xx_HAL_Driver/Src/stm32f3xx_hal.o
HAL_GetHalVersion                                 Drivers/STM32F3xx_HAL_Driver/Src/stm32f3xx_hal.o
HAL_GetREVID                                      Drivers/STM32F3xx_HAL_Driver/Src/stm32f3xx_hal.o
HAL_GetTick                                       Drivers/STM32F3xx_HAL_Driver/Src/stm32f3xx_hal.o
                                                  Drivers/STM32F3xx_HAL_Driver/Src/stm32f3xx_hal_rcc_ex.o
                                                  Drivers/STM32F3xx_HAL_Driver/Src/stm32f3xx_hal_rcc.o
                                                  Drivers/STM32F3xx_HAL_Driver/Src/stm32f3xx_hal_i2c.o
                                                  Drivers/STM32F3xx_HAL_Driver/Src/stm32f3xx_hal_flash.o
                                                  Drivers/STM32F3xx_HAL_Driver/Src/stm32f3xx_hal_dma.o
HAL_I2CEx_ConfigAnalogFilter                      Drivers/STM32F3xx_HAL_Driver/Src/stm32f3xx_hal_i2c_ex.o
HAL_I2CEx_ConfigDigitalFilter                     Drivers/STM32F3xx_HAL_Driver/Src/stm32f3xx_hal_i2c_ex.o
HAL_I2CEx_DisableFastModePlus                     Drivers/STM32F3xx_HAL_Driver/Src/stm32f3xx_hal_i2c_ex.o
HAL_I2CEx_DisableWakeUp                           Drivers/STM32F3xx_HAL_Driver/Src/stm32f3xx_hal_i2c_ex.o
HAL_I2CEx_EnableFastModePlus                      Drivers/STM32F3xx_HAL_Driver/Src/stm32f3xx_hal_i2c_ex.o
HAL_I2CEx_EnableWakeUp                            Drivers/STM32F3xx_HAL_Driver/Src/stm32f3xx_hal_i2c_ex.o
HAL_I2C_AbortCpltCallback                         Drivers/STM32F3xx_HAL_Driver/Src/stm32f3xx_hal_i2c.o
HAL_I2C_AddrCallback                              Drivers/STM32F3xx_HAL_Driver/Src/stm32f3xx_hal_i2c.o
HAL_I2C_DeInit                                    Drivers/STM32F3xx_HAL_Driver/Src/stm32f3xx_hal_i2c.o
HAL_I2C_DisableListen_IT                          Drivers/STM32F3xx_HAL_Driver/Src/stm32f3xx_hal_i2c.o
HAL_I2C_ER_IRQHandler                             Drivers/STM32F3xx_HAL_Driver/Src/stm32f3xx_hal_i2c.o
HAL_I2C_EV_IRQHandler                             Drivers/STM32F3xx_HAL_Driver/Src/stm32f3xx_hal_i2c.o
HAL_I2C_EnableListen_IT                           Drivers/STM32F3xx_HAL_Driver/Src/stm32f3xx_hal_i2c.o
HAL_I2C_ErrorCallback                             Drivers/STM32F3xx_HAL_Driver/Src/stm32f3xx_hal_i2c.o
HAL_I2C_GetError                                  Drivers/STM32F3xx_HAL_Driver/Src/stm32f3xx_hal_i2c.o
HAL_I2C_GetMode                                   Drivers/STM32F3xx_HAL_Driver/Src/stm32f3xx_hal_i2c.o
HAL_I2C_GetState                                  Drivers/STM32F3xx_HAL_Driver/Src/stm32f3xx_hal_i2c.o
HAL_I2C_Init                                      Drivers/STM32F3xx_HAL_Driver/Src/stm32f3xx_hal_i2c.o
HAL_I2C_IsDeviceReady                             Drivers/STM32F3xx_HAL_Driver/Src/stm32f3xx_hal_i2c.o
HAL_I2C_ListenCpltCallback                        Drivers/STM32F3xx_HAL_Driver/Src/stm32f3xx_hal_i2c.o
HAL_I2C_MasterRxCpltCallback                      Drivers/STM32F3xx_HAL_Driver/Src/stm32f3xx_hal_i2c.o
HAL_I2C_MasterTxCpltCallback                      Drivers/STM32F3xx_HAL_Driver/Src/stm32f3xx_hal_i2c.o
HAL_I2C_Master_Abort_IT                           Drivers/STM32F3xx_HAL_Driver/Src/stm32f3xx_hal_i2c.o
HAL_I2C_Master_Receive                            Drivers/STM32F3xx_HAL_Driver/Src/stm32f3xx_hal_i2c.o
HAL_I2C_Master_Receive_DMA                        Drivers/STM32F3xx_HAL_Driver/Src/stm32f3xx_hal_i2c.o
HAL_I2C_Master_Receive_IT                         Drivers/STM32F3xx_HAL_Driver/Src/stm32f3xx_hal_i2c.o
HAL_I2C_Master_Sequential_Receive_IT              Drivers/STM32F3xx_HAL_Driver/Src/stm32f3xx_hal_i2c.o
HAL_I2C_Master_Sequential_Transmit_IT             Drivers/STM32F3xx_HAL_Driver/Src/stm32f3xx_hal_i2c.o
HAL_I2C_Master_Transmit                           Drivers/STM32F3xx_HAL_Driver/Src/stm32f3xx_hal_i2c.o
HAL_I2C_Master_Transmit_DMA                       Drivers/STM32F3xx_HAL_Driver/Src/stm32f3xx_hal_i2c.o
HAL_I2C_Master_Transmit_IT                        Drivers/STM32F3xx_HAL_Driver/Src/stm32f3xx_hal_i2c.o
HAL_I2C_MemRxCpltCallback                         Drivers/STM32F3xx_HAL_Driver/Src/stm32f3xx_hal_i2c.o
HAL_I2C_MemTxCpltCallback                         Drivers/STM32F3xx_HAL_Driver/Src/stm32f3xx_hal_i2c.o
HAL_I2C_Mem_Read                                  Drivers/STM32F3xx_HAL_Driver/Src/stm32f3xx_hal_i2c.o
HAL_I2C_Mem_Read_DMA                              Drivers/STM32F3xx_HAL_Driver/Src/stm32f3xx_hal_i2c.o
HAL_I2C_Mem_Read_IT                               Drivers/STM32F3xx_HAL_Driver/Src/stm32f3xx_hal_i2c.o
HAL_I2C_Mem_Write                                 Drivers/STM32F3xx_HAL_Driver/Src/stm32f3xx_hal_i2c.o
HAL_I2C_Mem_Write_DMA                             Drivers/STM32F3xx_HAL_Driver/Src/stm32f3xx_hal_i2c.o
HAL_I2C_Mem_Write_IT                              Drivers/STM32F3xx_HAL_Driver/Src/stm32f3xx_hal_i2c.o
HAL_I2C_MspDeInit                                 Drivers/STM32F3xx_HAL_Driver/Src/stm32f3xx_hal_i2c.o
HAL_I2C_MspInit                                   Drivers/STM32F3xx_HAL_Driver/Src/stm32f3xx_hal_i2c.o
HAL_I2C_SlaveRxCpltCallback                       Drivers/STM32F3xx_HAL_Driver/Src/stm32f3xx_hal_i2c.o
HAL_I2C_SlaveTxCpltCallback                       Drivers/STM32F3xx_HAL_Driver/Src/stm32f3xx_hal_i2c.o
HAL_I2C_Slave_Receive                             Drivers/STM32F3xx_HAL_Driver/Src/stm32f3xx_hal_i2c.o
HAL_I2C_Slave_Receive_DMA                         Drivers/STM32F3xx_HAL_Driver/Src/stm32f3xx_hal_i2c.o
HAL_I2C_Slave_Receive_IT                          Drivers/STM32F3xx_HAL_Driver/Src/stm32f3xx_hal_i2c.o
HAL_I2C_Slave_Sequential_Receive_IT               Drivers/STM32F3xx_HAL_Driver/Src/stm32f3xx_hal_i2c.o
HAL_I2C_Slave_Sequential_Transmit_IT              Drivers/STM32F3xx_HAL_Driver/Src/stm32f3xx_hal_i2c.o
HAL_I2C_Slave_Transmit                            Drivers/STM32F3xx_HAL_Driver/Src/stm32f3xx_hal_i2c.o
HAL_I2C_Slave_Transmit_DMA                        Drivers/STM32F3xx_HAL_Driver/Src/stm32f3xx_hal_i2c.o
HAL_I2C_Slave_Transmit_IT                         Drivers/STM32F3xx_HAL_Driver/Src/stm32f3xx_hal_i2c.o
HAL_IncTick                                       Drivers/STM32F3xx_HAL_Driver/Src/stm32f3xx_hal.o
                                                  Src/stm32f3xx_it.o
HAL_Init                                          Drivers/STM32F3xx_HAL_Driver/Src/stm32f3xx_hal.o
                                                  Src/main.o
HAL_InitTick                                      Drivers/STM32F3xx_HAL_Driver/Src/stm32f3xx_hal.o
                                                  Drivers/STM32F3xx_HAL_Driver/Src/stm32f3xx_hal_rcc.o
HAL_MPU_ConfigRegion                              Drivers/STM32F3xx_HAL_Driver/Src/stm32f3xx_hal_cortex.o
HAL_MspDeInit                                     Drivers/STM32F3xx_HAL_Driver/Src/stm32f3xx_hal.o
HAL_MspInit                                       Src/stm32f3xx_hal_msp.o
                                                  Drivers/STM32F3xx_HAL_Driver/Src/stm32f3xx_hal.o
HAL_NVIC_ClearPendingIRQ                          Drivers/STM32F3xx_HAL_Driver/Src/stm32f3xx_hal_cortex.o
HAL_NVIC_DisableIRQ                               Drivers/STM32F3xx_HAL_Driver/Src/stm32f3xx_hal_cortex.o
HAL_NVIC_EnableIRQ                                Drivers/STM32F3xx_HAL_Driver/Src/stm32f3xx_hal_cortex.o
                                                  Src/stm32f3xx_hal_msp.o
                                                  Src/main.o
HAL_NVIC_GetActive                                Drivers/STM32F3xx_HAL_Driver/Src/stm32f3xx_hal_cortex.o
HAL_NVIC_GetPendingIRQ                            Drivers/STM32F3xx_HAL_Driver/Src/stm32f3xx_hal_cortex.o
HAL_NVIC_GetPriority                              Drivers/STM32F3xx_HAL_Driver/Src/stm32f3xx_hal_cortex.o
HAL_NVIC_GetPriorityGrouping                      Drivers/STM32F3xx_HAL_Driver/Src/stm32f3xx_hal_cortex.o
HAL_NVIC_SetPendingIRQ                            Drivers/STM32F3xx_HAL_Driver/Src/stm32f3xx_hal_cortex.o
HAL_NVIC_SetPriority                              Drivers/STM32F3xx_HAL_Driver/Src/stm32f3xx_hal_cortex.o
                                                  Src/stm32f3xx_hal_msp.o
                                                  Src/main.o
                                                  Drivers/STM32F3xx_HAL_Driver/Src/stm32f3xx_hal.o
HAL_NVIC_SetPriorityGrouping                      Drivers/STM32F3xx_HAL_Driver/Src/stm32f3xx_hal_cortex.o
                                                  Src/stm32f3xx_hal_msp.o
                                                  Drivers/STM32F3xx_HAL_Driver/Src/stm32f3xx_hal.o
HAL_NVIC_SystemReset                              Drivers/STM32F3xx_HAL_Driver/Src/stm32f3xx_hal_cortex.o
HAL_PWR_ConfigPVD                                 Drivers/STM32F3xx_HAL_Driver/Src/stm32f3xx_hal_pwr_ex.o
HAL_PWR_DeInit                                    Drivers/STM32F3xx_HAL_Driver/Src/stm32f3xx_hal_pwr.o
HAL_PWR_DisableBkUpAccess                         Drivers/STM32F3xx_HAL_Driver/Src/stm32f3xx_hal_pwr.o
HAL_PWR_DisablePVD                                Drivers/STM32F3xx_HAL_Driver/Src/stm32f3xx_hal_pwr_ex.o
HAL_PWR_DisableSEVOnPend                          Drivers/STM32F3xx_HAL_Driver/Src/stm32f3xx_hal_pwr.o
HAL_PWR_DisableSleepOnExit                        Drivers/STM32F3xx_HAL_Driver/Src/stm32f3xx_hal_pwr.o
HAL_PWR_DisableWakeUpPin                          Drivers/STM32F3xx_HAL_Driver/Src/stm32f3xx_hal_pwr.o
HAL_PWR_EnableBkUpAccess                          Drivers/STM32F3xx_HAL_Driver/Src/stm32f3xx_hal_pwr.o
HAL_PWR_EnablePVD                                 Drivers/STM32F3xx_HAL_Driver/Src/stm32f3xx_hal_pwr_ex.o
HAL_PWR_EnableSEVOnPend                           Drivers/STM32F3xx_HAL_Driver/Src/stm32f3xx_hal_pwr.o
HAL_PWR_EnableSleepOnExit                         Drivers/STM32F3xx_HAL_Driver/Src/stm32f3xx_hal_pwr.o
HAL_PWR_EnableWakeUpPin                           Drivers/STM32F3xx_HAL_Driver/Src/stm32f3xx_hal_pwr.o
HAL_PWR_EnterSLEEPMode                            Drivers/STM32F3xx_HAL_Driver/Src/stm32f3xx_hal_pwr.o
HAL_PWR_EnterSTANDBYMode                          Drivers/STM32F3xx_HAL_Driver/Src/stm32f3xx_hal_pwr.o
HAL_PWR_EnterSTOPMode                             Drivers/STM32F3xx_HAL_Driver/Src/stm32f3xx_hal_pwr.o
HAL_PWR_PVDCallback                               Drivers/STM32F3xx_HAL_Driver/Src/stm32f3xx_hal_pwr_ex.o
HAL_PWR_PVD_IRQHandler                            Drivers/STM32F3xx_HAL_Driver/Src/stm32f3xx_hal_pwr_ex.o
                                                  Src/stm32f3xx_it.o
HAL_RCCEx_GetPeriphCLKConfig                      Drivers/STM32F3xx_HAL_Driver/Src/stm32f3xx_hal_rcc_ex.o
HAL_RCCEx_GetPeriphCLKFreq                        Drivers/STM32F3xx_HAL_Driver/Src/stm32f3xx_hal_rcc_ex.o
HAL_RCCEx_PeriphCLKConfig                         Drivers/STM32F3xx_HAL_Driver/Src/stm32f3xx_hal_rcc_ex.o
HAL_RCC_CSSCallback                               Drivers/STM32F3xx_HAL_Driver/Src/stm32f3xx_hal_rcc.o
HAL_RCC_ClockConfig                               Drivers/STM32F3xx_HAL_Driver/Src/stm32f3xx_hal_rcc.o
                                                  Src/main.o
HAL_RCC_DeInit                                    Drivers/STM32F3xx_HAL_Driver/Src/stm32f3xx_hal_rcc.o
HAL_RCC_DisableCSS                                Drivers/STM32F3xx_HAL_Driver/Src/stm32f3xx_hal_rcc.o
HAL_RCC_EnableCSS                                 Drivers/STM32F3xx_HAL_Driver/Src/stm32f3xx_hal_rcc.o
HAL_RCC_GetClockConfig                            Drivers/STM32F3xx_HAL_Driver/Src/stm32f3xx_hal_rcc.o
HAL_RCC_GetHCLKFreq                               Drivers/STM32F3xx_HAL_Driver/Src/stm32f3xx_hal_rcc.o
                                                  Src/main.o
HAL_RCC_GetOscConfig                              Drivers/STM32F3xx_HAL_Driver/Src/stm32f3xx_hal_rcc.o
HAL_RCC_GetPCLK1Freq                              Drivers/STM32F3xx_HAL_Driver/Src/stm32f3xx_hal_rcc.o
                                                  Drivers/STM32F3xx_HAL_Driver/Src/stm32f3xx_hal_rcc_ex.o
HAL_RCC_GetPCLK2Freq                              Drivers/STM32F3xx_HAL_Driver/Src/stm32f3xx_hal_rcc.o
                                                  Drivers/STM32F3xx_HAL_Driver/Src/stm32f3xx_hal_rcc_ex.o
HAL_RCC_GetSysClockFreq                           Drivers/STM32F3xx_HAL_Driver/Src/stm32f3xx_hal_rcc.o
                                                  Drivers/STM32F3xx_HAL_Driver/Src/stm32f3xx_hal_rcc_ex.o
HAL_RCC_MCOConfig                                 Drivers/STM32F3xx_HAL_Driver/Src/stm32f3xx_hal_rcc.o
HAL_RCC_NMI_IRQHandler                            Drivers/STM32F3xx_HAL_Driver/Src/stm32f3xx_hal_rcc.o
HAL_RCC_OscConfig                                 Drivers/STM32F3xx_HAL_Driver/Src/stm32f3xx_hal_rcc.o
                                                  Src/main.o
HAL_ResumeTick                                    Drivers/STM32F3xx_HAL_Driver/Src/stm32f3xx_hal.o
HAL_SYSTICK_CLKSourceConfig                       Drivers/STM32F3xx_HAL_Driver/Src/stm32f3xx_hal_cortex.o
                                                  Src/main.o
HAL_SYSTICK_Callback                              Drivers/STM32F3xx_HAL_Driver/Src/stm32f3xx_hal_cortex.o
HAL_SYSTICK_Config                                Drivers/STM32F3xx_HAL_Driver/Src/stm32f3xx_hal_cortex.o
                                                  Src/main.o
                                                  Drivers/STM32F3xx_HAL_Driver/Src/stm32f3xx_hal.o
HAL_SYSTICK_IRQHandler                            Drivers/STM32F3xx_HAL_Driver/Src/stm32f3xx_hal_cortex.o
                                                  Src/stm32f3xx_it.o
HAL_SuspendTick                                   Drivers/STM32F3xx_HAL_Driver/Src/stm32f3xx_hal.o
HD44780_ClrScr                                    Src/HD44780_F3.o
                                                  Src/main.o
HD44780_GotoXY                                    Src/HD44780_F3.o
                                                  Src/main.o
HD44780_Init                                      Src/HD44780_F3.o
                                                  Src/main.o
HD44780_PutChar                                   Src/HD44780_F3.o
HD44780_PutStr                                    Src/HD44780_F3.o
                                                  Src/main.o
HardFault_Handler                                 Drivers/CMSIS/Device/ST/STM32F3xx/Source/Templates/gcc/startup_stm32f303xc.o
I2C1_ER_IRQHandler                                Drivers/CMSIS/Device/ST/STM32F3xx/Source/Templates/gcc/startup_stm32f303xc.o
I2C1_EV_IRQHandler                                Drivers/CMSIS/Device/ST/STM32F3xx/Source/Templates/gcc/startup_stm32f303xc.o
I2C2_ER_IRQHandler                                Drivers/CMSIS/Device/ST/STM32F3xx/Source/Templates/gcc/startup_stm32f303xc.o
I2C2_EV_IRQHandler                                Drivers/CMSIS/Device/ST/STM32F3xx/Source/Templates/gcc/startup_stm32f303xc.o
MemManage_Handler                                 Drivers/CMSIS/Device/ST/STM32F3xx/Source/Templates/gcc/startup_stm32f303xc.o
NMI_Handler                                       Drivers/CMSIS/Device/ST/STM32F3xx/Source/Templates/gcc/startup_stm32f303xc.o
PVD_IRQHandler                                    Src/stm32f3xx_it.o
                                                  Drivers/CMSIS/Device/ST/STM32F3xx/Source/Templates/gcc/startup_stm32f303xc.o
PendSV_Handler                                    Src/stm32f3xx_it.o
                                                  Drivers/CMSIS/Device/ST/STM32F3xx/Source/Templates/gcc/startup_stm32f303xc.o
RCC_IRQHandler                                    Drivers/CMSIS/Device/ST/STM32F3xx/Source/Templates/gcc/startup_stm32f303xc.o
RTC_Alarm_IRQHandler                              Drivers/CMSIS/Device/ST/STM32F3xx/Source/Templates/gcc/startup_stm32f303xc.o
RTC_WKUP_IRQHandler                               Drivers/CMSIS/Device/ST/STM32F3xx/Source/Templates/gcc/startup_stm32f303xc.o
Reset_Handler                                     Drivers/CMSIS/Device/ST/STM32F3xx/Source/Templates/gcc/startup_stm32f303xc.o
SPI1_IRQHandler                                   Drivers/CMSIS/Device/ST/STM32F3xx/Source/Templates/gcc/startup_stm32f303xc.o
SPI2_IRQHandler                                   Drivers/CMSIS/Device/ST/STM32F3xx/Source/Templates/gcc/startup_stm32f303xc.o
SPI3_IRQHandler                                   Drivers/CMSIS/Device/ST/STM32F3xx/Source/Templates/gcc/startup_stm32f303xc.o
SVC_Handler                                       Src/stm32f3xx_it.o
                                                  Drivers/CMSIS/Device/ST/STM32F3xx/Source/Templates/gcc/startup_stm32f303xc.o
SysTick_Handler                                   Src/stm32f3xx_it.o
                                                  Drivers/CMSIS/Device/ST/STM32F3xx/Source/Templates/gcc/startup_stm32f303xc.o
SystemClock_Config                                Src/main.o
SystemCoreClock                                   Src/system_stm32f3xx.o
                                                  Drivers/STM32F3xx_HAL_Driver/Src/stm32f3xx_hal_rcc_ex.o
                                                  Drivers/STM32F3xx_HAL_Driver/Src/stm32f3xx_hal_rcc.o
                                                  Drivers/STM32F3xx_HAL_Driver/Src/stm32f3xx_hal.o
SystemCoreClockUpdate                             Src/system_stm32f3xx.o
SystemInit                                        Src/system_stm32f3xx.o
                                                  Drivers/CMSIS/Device/ST/STM32F3xx/Source/Templates/gcc/startup_stm32f303xc.o
TAMP_STAMP_IRQHandler                             Drivers/CMSIS/Device/ST/STM32F3xx/Source/Templates/gcc/startup_stm32f303xc.o
TIM1_BRK_TIM15_IRQHandler                         Drivers/CMSIS/Device/ST/STM32F3xx/Source/Templates/gcc/startup_stm32f303xc.o
TIM1_CC_IRQHandler                                Drivers/CMSIS/Device/ST/STM32F3xx/Source/Templates/gcc/startup_stm32f303xc.o
TIM1_TRG_COM_TIM17_IRQHandler                     Drivers/CMSIS/Device/ST/STM32F3xx/Source/Templates/gcc/startup_stm32f303xc.o
TIM1_UP_TIM16_IRQHandler                          Drivers/CMSIS/Device/ST/STM32F3xx/Source/Templates/gcc/startup_stm32f303xc.o
TIM2_IRQHandler                                   Drivers/CMSIS/Device/ST/STM32F3xx/Source/Templates/gcc/startup_stm32f303xc.o
TIM3_IRQHandler                                   Drivers/CMSIS/Device/ST/STM32F3xx/Source/Templates/gcc/startup_stm32f303xc.o
TIM4_IRQHandler                                   Drivers/CMSIS/Device/ST/STM32F3xx/Source/Templates/gcc/startup_stm32f303xc.o
TIM6_DAC_IRQHandler                               Drivers/CMSIS/Device/ST/STM32F3xx/Source/Templates/gcc/startup_stm32f303xc.o
TIM7_IRQHandler                                   Drivers/CMSIS/Device/ST/STM32F3xx/Source/Templates/gcc/startup_stm32f303xc.o
TIM8_BRK_IRQHandler                               Drivers/CMSIS/Device/ST/STM32F3xx/Source/Templates/gcc/startup_stm32f303xc.o
TIM8_CC_IRQHandler                                Drivers/CMSIS/Device/ST/STM32F3xx/Source/Templates/gcc/startup_stm32f303xc.o
TIM8_TRG_COM_IRQHandler                           Drivers/CMSIS/Device/ST/STM32F3xx/Source/Templates/gcc/startup_stm32f303xc.o
TIM8_UP_IRQHandler                                Drivers/CMSIS/Device/ST/STM32F3xx/Source/Templates/gcc/startup_stm32f303xc.o
UART4_IRQHandler                                  Drivers/CMSIS/Device/ST/STM32F3xx/Source/Templates/gcc/startup_stm32f303xc.o
UART5_IRQHandler                                  Drivers/CMSIS/Device/ST/STM32F3xx/Source/Templates/gcc/startup_stm32f303xc.o
USART1_IRQHandler                                 Drivers/CMSIS/Device/ST/STM32F3xx/Source/Templates/gcc/startup_stm32f303xc.o
USART2_IRQHandler                                 Drivers/CMSIS/Device/ST/STM32F3xx/Source/Templates/gcc/startup_stm32f303xc.o
USART3_IRQHandler                                 Drivers/CMSIS/Device/ST/STM32F3xx/Source/Templates/gcc/startup_stm32f303xc.o
USBWakeUp_IRQHandler                              Drivers/CMSIS/Device/ST/STM32F3xx/Source/Templates/gcc/startup_stm32f303xc.o
USBWakeUp_RMP_IRQHandler                          Drivers/CMSIS/Device/ST/STM32F3xx/Source/Templates/gcc/startup_stm32f303xc.o
USB_HP_CAN_TX_IRQHandler                          Drivers/CMSIS/Device/ST/STM32F3xx/Source/Templates/gcc/startup_stm32f303xc.o
USB_HP_IRQHandler                                 Drivers/CMSIS/Device/ST/STM32F3xx/Source/Templates/gcc/startup_stm32f303xc.o
USB_LP_CAN_RX0_IRQHandler                         Drivers/CMSIS/Device/ST/STM32F3xx/Source/Templates/gcc/startup_stm32f303xc.o
USB_LP_IRQHandler                                 Drivers/CMSIS/Device/ST/STM32F3xx/Source/Templates/gcc/startup_stm32f303xc.o
UsageFault_Handler                                Drivers/CMSIS/Device/ST/STM32F3xx/Source/Templates/gcc/startup_stm32f303xc.o
WWDG_IRQHandler                                   Drivers/CMSIS/Device/ST/STM32F3xx/Source/Templates/gcc/startup_stm32f303xc.o
__aeabi_idiv0                                     /opt/Atollic_TrueSTUDIO_for_ARM_x86_64_8.1.0/ARMTools/bin/../lib/gcc/arm-atollic-eabi/6.3.1/armv7e-m/fpu/libgcc.a(_dvmd_tls.o)
__aeabi_ldiv0                                     /opt/Atollic_TrueSTUDIO_for_ARM_x86_64_8.1.0/ARMTools/bin/../lib/gcc/arm-atollic-eabi/6.3.1/armv7e-m/fpu/libgcc.a(_dvmd_tls.o)
                                                  /opt/Atollic_TrueSTUDIO_for_ARM_x86_64_8.1.0/ARMTools/bin/../lib/gcc/arm-atollic-eabi/6.3.1/armv7e-m/fpu/libgcc.a(_aeabi_uldivmod.o)
__aeabi_llsr                                      /opt/Atollic_TrueSTUDIO_for_ARM_x86_64_8.1.0/ARMTools/bin/../lib/gcc/arm-atollic-eabi/6.3.1/armv7e-m/fpu/libgcc.a(_lshrdi3.o)
                                                  Drivers/STM32F3xx_HAL_Driver/Src/stm32f3xx_hal_flash.o
__aeabi_uldivmod                                  /opt/Atollic_TrueSTUDIO_for_ARM_x86_64_8.1.0/ARMTools/bin/../lib/gcc/arm-atollic-eabi/6.3.1/armv7e-m/fpu/libgcc.a(_aeabi_uldivmod.o)
                                                  Src/main.o
__deregister_frame_info                           /opt/Atollic_TrueSTUDIO_for_ARM_x86_64_8.1.0/ARMTools/bin/../lib/gcc/arm-atollic-eabi/6.3.1/armv7e-m/fpu/crtbegin.o
__dso_handle                                      /opt/Atollic_TrueSTUDIO_for_ARM_x86_64_8.1.0/ARMTools/bin/../lib/gcc/arm-atollic-eabi/6.3.1/armv7e-m/fpu/crtbegin.o
__init_array_end                                  /opt/Atollic_TrueSTUDIO_for_ARM_x86_64_8.1.0/ARMTools/bin/../lib/gcc/arm-atollic-eabi/6.3.1/../../../../arm-atollic-eabi/lib/armv7e-m/fpu/libc_nano.a(lib_a-init.o)
__init_array_start                                /opt/Atollic_TrueSTUDIO_for_ARM_x86_64_8.1.0/ARMTools/bin/../lib/gcc/arm-atollic-eabi/6.3.1/../../../../arm-atollic-eabi/lib/armv7e-m/fpu/libc_nano.a(lib_a-init.o)
__libc_init_array                                 /opt/Atollic_TrueSTUDIO_for_ARM_x86_64_8.1.0/ARMTools/bin/../lib/gcc/arm-atollic-eabi/6.3.1/../../../../arm-atollic-eabi/lib/armv7e-m/fpu/libc_nano.a(lib_a-init.o)
                                                  Drivers/CMSIS/Device/ST/STM32F3xx/Source/Templates/gcc/startup_stm32f303xc.o
__lshrdi3                                         /opt/Atollic_TrueSTUDIO_for_ARM_x86_64_8.1.0/ARMTools/bin/../lib/gcc/arm-atollic-eabi/6.3.1/armv7e-m/fpu/libgcc.a(_lshrdi3.o)
__malloc_free_list                                /opt/Atollic_TrueSTUDIO_for_ARM_x86_64_8.1.0/ARMTools/bin/../lib/gcc/arm-atollic-eabi/6.3.1/../../../../arm-atollic-eabi/lib/armv7e-m/fpu/libc_nano.a(lib_a-nano-mallocr.o)
                                                  /opt/Atollic_TrueSTUDIO_for_ARM_x86_64_8.1.0/ARMTools/bin/../lib/gcc/arm-atollic-eabi/6.3.1/../../../../arm-atollic-eabi/lib/armv7e-m/fpu/libc_nano.a(lib_a-nano-freer.o)
__malloc_lock                                     /opt/Atollic_TrueSTUDIO_for_ARM_x86_64_8.1.0/ARMTools/bin/../lib/gcc/arm-atollic-eabi/6.3.1/../../../../arm-atollic-eabi/lib/armv7e-m/fpu/libc_nano.a(lib_a-mlock.o)
                                                  /opt/Atollic_TrueSTUDIO_for_ARM_x86_64_8.1.0/ARMTools/bin/../lib/gcc/arm-atollic-eabi/6.3.1/../../../../arm-atollic-eabi/lib/armv7e-m/fpu/libc_nano.a(lib_a-nano-mallocr.o)
                                                  /opt/Atollic_TrueSTUDIO_for_ARM_x86_64_8.1.0/ARMTools/bin/../lib/gcc/arm-atollic-eabi/6.3.1/../../../../arm-atollic-eabi/lib/armv7e-m/fpu/libc_nano.a(lib_a-nano-freer.o)
__malloc_sbrk_start                               /opt/Atollic_TrueSTUDIO_for_ARM_x86_64_8.1.0/ARMTools/bin/../lib/gcc/arm-atollic-eabi/6.3.1/../../../../arm-atollic-eabi/lib/armv7e-m/fpu/libc_nano.a(lib_a-nano-mallocr.o)
__malloc_unlock                                   /opt/Atollic_TrueSTUDIO_for_ARM_x86_64_8.1.0/ARMTools/bin/../lib/gcc/arm-atollic-eabi/6.3.1/../../../../arm-atollic-eabi/lib/armv7e-m/fpu/libc_nano.a(lib_a-mlock.o)
                                                  /opt/Atollic_TrueSTUDIO_for_ARM_x86_64_8.1.0/ARMTools/bin/../lib/gcc/arm-atollic-eabi/6.3.1/../../../../arm-atollic-eabi/lib/armv7e-m/fpu/libc_nano.a(lib_a-nano-mallocr.o)
                                                  /opt/Atollic_TrueSTUDIO_for_ARM_x86_64_8.1.0/ARMTools/bin/../lib/gcc/arm-atollic-eabi/6.3.1/../../../../arm-atollic-eabi/lib/armv7e-m/fpu/libc_nano.a(lib_a-nano-freer.o)
__preinit_array_end                               /opt/Atollic_TrueSTUDIO_for_ARM_x86_64_8.1.0/ARMTools/bin/../lib/gcc/arm-atollic-eabi/6.3.1/../../../../arm-atollic-eabi/lib/armv7e-m/fpu/libc_nano.a(lib_a-init.o)
__preinit_array_start                             /opt/Atollic_TrueSTUDIO_for_ARM_x86_64_8.1.0/ARMTools/bin/../lib/gcc/arm-atollic-eabi/6.3.1/../../../../arm-atollic-eabi/lib/armv7e-m/fpu/libc_nano.a(lib_a-init.o)
__register_frame_info                             /opt/Atollic_TrueSTUDIO_for_ARM_x86_64_8.1.0/ARMTools/bin/../lib/gcc/arm-atollic-eabi/6.3.1/armv7e-m/fpu/crtbegin.o
__sf_fake_stderr                                  /opt/Atollic_TrueSTUDIO_for_ARM_x86_64_8.1.0/ARMTools/bin/../lib/gcc/arm-atollic-eabi/6.3.1/../../../../arm-atollic-eabi/lib/armv7e-m/fpu/libc_nano.a(lib_a-impure.o)
__sf_fake_stdin                                   /opt/Atollic_TrueSTUDIO_for_ARM_x86_64_8.1.0/ARMTools/bin/../lib/gcc/arm-atollic-eabi/6.3.1/../../../../arm-atollic-eabi/lib/armv7e-m/fpu/libc_nano.a(lib_a-impure.o)
__sf_fake_stdout                                  /opt/Atollic_TrueSTUDIO_for_ARM_x86_64_8.1.0/ARMTools/bin/../lib/gcc/arm-atollic-eabi/6.3.1/../../../../arm-atollic-eabi/lib/armv7e-m/fpu/libc_nano.a(lib_a-impure.o)
__ssprint_r                                       /opt/Atollic_TrueSTUDIO_for_ARM_x86_64_8.1.0/ARMTools/bin/../lib/gcc/arm-atollic-eabi/6.3.1/../../../../arm-atollic-eabi/lib/armv7e-m/fpu/libc_nano.a(lib_a-nano-svfprintf.o)
__ssputs_r                                        /opt/Atollic_TrueSTUDIO_for_ARM_x86_64_8.1.0/ARMTools/bin/../lib/gcc/arm-atollic-eabi/6.3.1/../../../../arm-atollic-eabi/lib/armv7e-m/fpu/libc_nano.a(lib_a-nano-svfprintf.o)
__udivmoddi4                                      /opt/Atollic_TrueSTUDIO_for_ARM_x86_64_8.1.0/ARMTools/bin/../lib/gcc/arm-atollic-eabi/6.3.1/armv7e-m/fpu/libgcc.a(_udivmoddi4.o)
                                                  /opt/Atollic_TrueSTUDIO_for_ARM_x86_64_8.1.0/ARMTools/bin/../lib/gcc/arm-atollic-eabi/6.3.1/armv7e-m/fpu/libgcc.a(_aeabi_uldivmod.o)
_ebss                                             Drivers/CMSIS/Device/ST/STM32F3xx/Source/Templates/gcc/startup_stm32f303xc.o
_edata                                            Drivers/CMSIS/Device/ST/STM32F3xx/Source/Templates/gcc/startup_stm32f303xc.o
_estack                                           Drivers/CMSIS/Device/ST/STM32F3xx/Source/Templates/gcc/startup_stm32f303xc.o
_fini                                             /opt/Atollic_TrueSTUDIO_for_ARM_x86_64_8.1.0/ARMTools/bin/../lib/gcc/arm-atollic-eabi/6.3.1/armv7e-m/fpu/crti.o
_free_r                                           /opt/Atollic_TrueSTUDIO_for_ARM_x86_64_8.1.0/ARMTools/bin/../lib/gcc/arm-atollic-eabi/6.3.1/../../../../arm-atollic-eabi/lib/armv7e-m/fpu/libc_nano.a(lib_a-nano-freer.o)
                                                  /opt/Atollic_TrueSTUDIO_for_ARM_x86_64_8.1.0/ARMTools/bin/../lib/gcc/arm-atollic-eabi/6.3.1/../../../../arm-atollic-eabi/lib/armv7e-m/fpu/libc_nano.a(lib_a-reent.o)
                                                  /opt/Atollic_TrueSTUDIO_for_ARM_x86_64_8.1.0/ARMTools/bin/../lib/gcc/arm-atollic-eabi/6.3.1/../../../../arm-atollic-eabi/lib/armv7e-m/fpu/libc_nano.a(lib_a-nano-reallocr.o)
                                                  /opt/Atollic_TrueSTUDIO_for_ARM_x86_64_8.1.0/ARMTools/bin/../lib/gcc/arm-atollic-eabi/6.3.1/../../../../arm-atollic-eabi/lib/armv7e-m/fpu/libc_nano.a(lib_a-nano-svfprintf.o)
_global_impure_ptr                                /opt/Atollic_TrueSTUDIO_for_ARM_x86_64_8.1.0/ARMTools/bin/../lib/gcc/arm-atollic-eabi/6.3.1/../../../../arm-atollic-eabi/lib/armv7e-m/fpu/libc_nano.a(lib_a-impure.o)
_impure_ptr                                       /opt/Atollic_TrueSTUDIO_for_ARM_x86_64_8.1.0/ARMTools/bin/../lib/gcc/arm-atollic-eabi/6.3.1/../../../../arm-atollic-eabi/lib/armv7e-m/fpu/libc_nano.a(lib_a-impure.o)
                                                  /opt/Atollic_TrueSTUDIO_for_ARM_x86_64_8.1.0/ARMTools/bin/../lib/gcc/arm-atollic-eabi/6.3.1/../../../../arm-atollic-eabi/lib/armv7e-m/fpu/libc_nano.a(lib_a-reent.o)
                                                  /opt/Atollic_TrueSTUDIO_for_ARM_x86_64_8.1.0/ARMTools/bin/../lib/gcc/arm-atollic-eabi/6.3.1/../../../../arm-atollic-eabi/lib/armv7e-m/fpu/libc_nano.a(lib_a-sprintf.o)
_init                                             /opt/Atollic_TrueSTUDIO_for_ARM_x86_64_8.1.0/ARMTools/bin/../lib/gcc/arm-atollic-eabi/6.3.1/armv7e-m/fpu/crti.o
                                                  /opt/Atollic_TrueSTUDIO_for_ARM_x86_64_8.1.0/ARMTools/bin/../lib/gcc/arm-atollic-eabi/6.3.1/../../../../arm-atollic-eabi/lib/armv7e-m/fpu/libc_nano.a(lib_a-init.o)
_malloc_r                                         /opt/Atollic_TrueSTUDIO_for_ARM_x86_64_8.1.0/ARMTools/bin/../lib/gcc/arm-atollic-eabi/6.3.1/../../../../arm-atollic-eabi/lib/armv7e-m/fpu/libc_nano.a(lib_a-nano-mallocr.o)
                                                  /opt/Atollic_TrueSTUDIO_for_ARM_x86_64_8.1.0/ARMTools/bin/../lib/gcc/arm-atollic-eabi/6.3.1/../../../../arm-atollic-eabi/lib/armv7e-m/fpu/libc_nano.a(lib_a-nano-reallocr.o)
                                                  /opt/Atollic_TrueSTUDIO_for_ARM_x86_64_8.1.0/ARMTools/bin/../lib/gcc/arm-atollic-eabi/6.3.1/../../../../arm-atollic-eabi/lib/armv7e-m/fpu/libc_nano.a(lib_a-nano-svfprintf.o)
_malloc_usable_size_r                             /opt/Atollic_TrueSTUDIO_for_ARM_x86_64_8.1.0/ARMTools/bin/../lib/gcc/arm-atollic-eabi/6.3.1/../../../../arm-atollic-eabi/lib/armv7e-m/fpu/libc_nano.a(lib_a-nano-msizer.o)
                                                  /opt/Atollic_TrueSTUDIO_for_ARM_x86_64_8.1.0/ARMTools/bin/../lib/gcc/arm-atollic-eabi/6.3.1/../../../../arm-atollic-eabi/lib/armv7e-m/fpu/libc_nano.a(lib_a-nano-reallocr.o)
_printf_common                                    /opt/Atollic_TrueSTUDIO_for_ARM_x86_64_8.1.0/ARMTools/bin/../lib/gcc/arm-atollic-eabi/6.3.1/../../../../arm-atollic-eabi/lib/armv7e-m/fpu/libc_nano.a(lib_a-nano-vfprintf_i.o)
_printf_float                                     /opt/Atollic_TrueSTUDIO_for_ARM_x86_64_8.1.0/ARMTools/bin/../lib/gcc/arm-atollic-eabi/6.3.1/../../../../arm-atollic-eabi/lib/armv7e-m/fpu/libc_nano.a(lib_a-nano-svfprintf.o)
_printf_i                                         /opt/Atollic_TrueSTUDIO_for_ARM_x86_64_8.1.0/ARMTools/bin/../lib/gcc/arm-atollic-eabi/6.3.1/../../../../arm-atollic-eabi/lib/armv7e-m/fpu/libc_nano.a(lib_a-nano-vfprintf_i.o)
                                                  /opt/Atollic_TrueSTUDIO_for_ARM_x86_64_8.1.0/ARMTools/bin/../lib/gcc/arm-atollic-eabi/6.3.1/../../../../arm-atollic-eabi/lib/armv7e-m/fpu/libc_nano.a(lib_a-nano-svfprintf.o)