stm32f3xx_hal.c:203:13:HAL_MspInit	0	static
stm32f3xx_hal.c:214:13:HAL_MspDeInit	0	static
stm32f3xx_hal.c:180:19:HAL_DeInit	8	static
stm32f3xx_hal.c:237:26:HAL_InitTick	8	static
stm32f3xx_hal.c:154:19:HAL_Init	8	static
stm32f3xx_hal.c:285:13:HAL_IncTick	0	static
stm32f3xx_hal.c:296:17:HAL_GetTick	0	static
stm32f3xx_hal.c:312:13:HAL_Delay	16	static
stm32f3xx_hal.c:330:13:HAL_SuspendTick	0	static
stm32f3xx_hal.c:348:13:HAL_ResumeTick	0	static
stm32f3xx_hal.c:359:10:HAL_GetHalVersion	0	static
stm32f3xx_hal.c:368:10:HAL_GetREVID	0	static
stm32f3xx_hal.c:377:10:HAL_GetDEVID	0	static
stm32f3xx_hal.c:386:6:HAL_DBGMCU_EnableDBGSleepMode	0	static
stm32f3xx_hal.c:395:6:HAL_DBGMCU_DisableDBGSleepMode	0	static
stm32f3xx_hal.c:404:6:HAL_DBGMCU_EnableDBGStopMode	0	static
stm32f3xx_hal.c:413:6:HAL_DBGMCU_DisableDBGStopMode	0	static
stm32f3xx_hal.c:422:6:HAL_DBGMCU_EnableDBGStandbyMode	0	static
stm32f3xx_hal.c:431:6:HAL_DBGMCU_DisableDBGStandbyMode	0	static
