stm32f3xx_hal_cortex.c:187:6:HAL_NVIC_SetPriorityGrouping	0	static
stm32f3xx_hal_cortex.c:209:6:HAL_NVIC_SetPriority	12	static
stm32f3xx_hal_cortex.c:231:6:HAL_NVIC_EnableIRQ	0	static
stm32f3xx_hal_cortex.c:247:6:HAL_NVIC_DisableIRQ	0	static
stm32f3xx_hal_cortex.c:260:6:HAL_NVIC_SystemReset	0	static
stm32f3xx_hal_cortex.c:273:10:HAL_SYSTICK_Config	0	static
stm32f3xx_hal_cortex.c:304:6:HAL_MPU_ConfigRegion	0	static
stm32f3xx_hal_cortex.c:348:10:HAL_NVIC_GetPriorityGrouping	0	static
stm32f3xx_hal_cortex.c:375:6:HAL_NVIC_GetPriority	16	static
stm32f3xx_hal_cortex.c:390:6:HAL_NVIC_SetPendingIRQ	0	static
stm32f3xx_hal_cortex.c:405:10:HAL_NVIC_GetPendingIRQ	0	static
stm32f3xx_hal_cortex.c:418:6:HAL_NVIC_ClearPendingIRQ	0	static
stm32f3xx_hal_cortex.c:432:10:HAL_NVIC_GetActive	0	static
stm32f3xx_hal_cortex.c:446:6:HAL_SYSTICK_CLKSourceConfig	0	static
stm32f3xx_hal_cortex.c:473:13:HAL_SYSTICK_Callback	0	static
stm32f3xx_hal_cortex.c:464:6:HAL_SYSTICK_IRQHandler	8	static
