HD44780_F3.c:156:6:GPIO_SetBits	0	static
HD44780_F3.c:160:6:GPIO_ResetBits	0	static
HD44780_F3.c:166:6:hd44780_wr_hi_nibble	8	static
HD44780_F3.c:245:6:hd44780_write	8	static
HD44780_F3.c:302:6:hd44780_wr_cmd	8	static
HD44780_F3.c:307:6:hd44780_wr_data	8	static
HD44780_F3.c:327:6:hd44780_Delay	0	static
HD44780_F3.c:349:6:HD44780_Init	40	static
HD44780_F3.c:424:6:HD44780_PutChar	0	static
HD44780_F3.c:444:6:HD44780_GotoXY	0	static
HD44780_F3.c:484:6:HD44780_PutStr	16	static
HD44780_F3.c:506:6:HD44780_ClrScr	0	static
